Archive member included to satisfy reference by file (symbol)

C:/ST/STM32CubeIDE_1.17.0/STM32CubeIDE/plugins/com.st.stm32cube.ide.mcu.externaltools.gnu-tools-for-stm32.12.3.rel1.win32_1.1.0.202410251130/tools/bin/../lib/gcc/arm-none-eabi/12.3.1/../../../../arm-none-eabi/lib/thumb/v7e-m+dp/hard\libc_nano.a(libc_a-exit.o)
                              C:/ST/STM32CubeIDE_1.17.0/STM32CubeIDE/plugins/com.st.stm32cube.ide.mcu.externaltools.gnu-tools-for-stm32.12.3.rel1.win32_1.1.0.202410251130/tools/bin/../lib/gcc/arm-none-eabi/12.3.1/../../../../arm-none-eabi/lib/thumb/v7e-m+dp/hard/crt0.o (exit)
C:/ST/STM32CubeIDE_1.17.0/STM32CubeIDE/plugins/com.st.stm32cube.ide.mcu.externaltools.gnu-tools-for-stm32.12.3.rel1.win32_1.1.0.202410251130/tools/bin/../lib/gcc/arm-none-eabi/12.3.1/../../../../arm-none-eabi/lib/thumb/v7e-m+dp/hard\libc_nano.a(libc_a-findfp.o)
                              C:/ST/STM32CubeIDE_1.17.0/STM32CubeIDE/plugins/com.st.stm32cube.ide.mcu.externaltools.gnu-tools-for-stm32.12.3.rel1.win32_1.1.0.202410251130/tools/bin/../lib/gcc/arm-none-eabi/12.3.1/../../../../arm-none-eabi/lib/thumb/v7e-m+dp/hard\libc_nano.a(libc_a-exit.o) (__stdio_exit_handler)
C:/ST/STM32CubeIDE_1.17.0/STM32CubeIDE/plugins/com.st.stm32cube.ide.mcu.externaltools.gnu-tools-for-stm32.12.3.rel1.win32_1.1.0.202410251130/tools/bin/../lib/gcc/arm-none-eabi/12.3.1/../../../../arm-none-eabi/lib/thumb/v7e-m+dp/hard\libc_nano.a(libc_a-fwalk.o)
                              C:/ST/STM32CubeIDE_1.17.0/STM32CubeIDE/plugins/com.st.stm32cube.ide.mcu.externaltools.gnu-tools-for-stm32.12.3.rel1.win32_1.1.0.202410251130/tools/bin/../lib/gcc/arm-none-eabi/12.3.1/../../../../arm-none-eabi/lib/thumb/v7e-m+dp/hard\libc_nano.a(libc_a-findfp.o) (_fwalk_sglue)
C:/ST/STM32CubeIDE_1.17.0/STM32CubeIDE/plugins/com.st.stm32cube.ide.mcu.externaltools.gnu-tools-for-stm32.12.3.rel1.win32_1.1.0.202410251130/tools/bin/../lib/gcc/arm-none-eabi/12.3.1/../../../../arm-none-eabi/lib/thumb/v7e-m+dp/hard\libc_nano.a(libc_a-stdio.o)
                              C:/ST/STM32CubeIDE_1.17.0/STM32CubeIDE/plugins/com.st.stm32cube.ide.mcu.externaltools.gnu-tools-for-stm32.12.3.rel1.win32_1.1.0.202410251130/tools/bin/../lib/gcc/arm-none-eabi/12.3.1/../../../../arm-none-eabi/lib/thumb/v7e-m+dp/hard\libc_nano.a(libc_a-findfp.o) (__sread)
C:/ST/STM32CubeIDE_1.17.0/STM32CubeIDE/plugins/com.st.stm32cube.ide.mcu.externaltools.gnu-tools-for-stm32.12.3.rel1.win32_1.1.0.202410251130/tools/bin/../lib/gcc/arm-none-eabi/12.3.1/../../../../arm-none-eabi/lib/thumb/v7e-m+dp/hard\libc_nano.a(libc_a-memset.o)
                              C:/ST/STM32CubeIDE_1.17.0/STM32CubeIDE/plugins/com.st.stm32cube.ide.mcu.externaltools.gnu-tools-for-stm32.12.3.rel1.win32_1.1.0.202410251130/tools/bin/../lib/gcc/arm-none-eabi/12.3.1/../../../../arm-none-eabi/lib/thumb/v7e-m+dp/hard/crt0.o (memset)
C:/ST/STM32CubeIDE_1.17.0/STM32CubeIDE/plugins/com.st.stm32cube.ide.mcu.externaltools.gnu-tools-for-stm32.12.3.rel1.win32_1.1.0.202410251130/tools/bin/../lib/gcc/arm-none-eabi/12.3.1/../../../../arm-none-eabi/lib/thumb/v7e-m+dp/hard\libc_nano.a(libc_a-closer.o)
                              C:/ST/STM32CubeIDE_1.17.0/STM32CubeIDE/plugins/com.st.stm32cube.ide.mcu.externaltools.gnu-tools-for-stm32.12.3.rel1.win32_1.1.0.202410251130/tools/bin/../lib/gcc/arm-none-eabi/12.3.1/../../../../arm-none-eabi/lib/thumb/v7e-m+dp/hard\libc_nano.a(libc_a-stdio.o) (_close_r)
C:/ST/STM32CubeIDE_1.17.0/STM32CubeIDE/plugins/com.st.stm32cube.ide.mcu.externaltools.gnu-tools-for-stm32.12.3.rel1.win32_1.1.0.202410251130/tools/bin/../lib/gcc/arm-none-eabi/12.3.1/../../../../arm-none-eabi/lib/thumb/v7e-m+dp/hard\libc_nano.a(libc_a-reent.o)
                              C:/ST/STM32CubeIDE_1.17.0/STM32CubeIDE/plugins/com.st.stm32cube.ide.mcu.externaltools.gnu-tools-for-stm32.12.3.rel1.win32_1.1.0.202410251130/tools/bin/../lib/gcc/arm-none-eabi/12.3.1/../../../../arm-none-eabi/lib/thumb/v7e-m+dp/hard\libc_nano.a(libc_a-closer.o) (errno)
C:/ST/STM32CubeIDE_1.17.0/STM32CubeIDE/plugins/com.st.stm32cube.ide.mcu.externaltools.gnu-tools-for-stm32.12.3.rel1.win32_1.1.0.202410251130/tools/bin/../lib/gcc/arm-none-eabi/12.3.1/../../../../arm-none-eabi/lib/thumb/v7e-m+dp/hard\libc_nano.a(libc_a-impure.o)
                              C:/ST/STM32CubeIDE_1.17.0/STM32CubeIDE/plugins/com.st.stm32cube.ide.mcu.externaltools.gnu-tools-for-stm32.12.3.rel1.win32_1.1.0.202410251130/tools/bin/../lib/gcc/arm-none-eabi/12.3.1/../../../../arm-none-eabi/lib/thumb/v7e-m+dp/hard\libc_nano.a(libc_a-reent.o) (_impure_ptr)
C:/ST/STM32CubeIDE_1.17.0/STM32CubeIDE/plugins/com.st.stm32cube.ide.mcu.externaltools.gnu-tools-for-stm32.12.3.rel1.win32_1.1.0.202410251130/tools/bin/../lib/gcc/arm-none-eabi/12.3.1/../../../../arm-none-eabi/lib/thumb/v7e-m+dp/hard\libc_nano.a(libc_a-lseekr.o)
[...]
Memory Configuration

Name             Origin             Length             Attributes
ITCMRAM          0x00000000         0x00010000         xrw
DTCMRAM          0x20000000         0x00020000         xrw
FLASH            0x08000000         0x00100000         xr
RAM_D1           0x24000000         0x00050000         xrw
RAM_D2           0x30000000         0x00008000         xrw
RAM_D3           0x38000000         0x00004000         xrw
*default*        0x00000000         0xffffffff

Linker script and memory map

LOAD C:/ST/STM32CubeIDE_1.17.0/STM32CubeIDE/plugins/com.st.stm32cube.ide.mcu.externaltools.gnu-tools-for-stm32.12.3.rel1.win32_1.1.0.202410251130/tools/bin/../lib/gcc/arm-none-eabi/12.3.1/thumb/v7e-m+dp/hard/crti.o
LOAD C:/ST/STM32CubeIDE_1.17.0/STM32CubeIDE/plugins/com.st.stm32cube.ide.mcu.externaltools.gnu-tools-for-stm32.12.3.rel1.win32_1.1.0.202410251130/tools/bin/../lib/gcc/arm-none-eabi/12.3.1/thumb/v7e-m+dp/hard/crtbegin.o
LOAD C:/ST/STM32CubeIDE_1.17.0/STM32CubeIDE/plugins/com.st.stm32cube.ide.mcu.externaltools.gnu-tools-for-stm32.12.3.rel1.win32_1.1.0.202410251130/tools/bin/../lib/gcc/arm-none-eabi/12.3.1/../../../../arm-none-eabi/lib/thumb/v7e-m+dp/hard/crt0.o
LOAD ./Core/Src/butterworth_filter.o
LOAD ./Core/Src/main.o
LOAD ./Core/Src/stm32h7xx_hal_msp.o
LOAD ./Core/Src/stm32h7xx_it.o
LOAD ./Core/Src/syscalls.o
LOAD ./Core/Src/sysmem.o
LOAD ./Core/Src/system_stm32h7xx.o
LOAD ./Core/Startup/startup_stm32h723zgtx.o
LOAD ./Drivers/STM32H7xx_HAL_Driver/Src/stm32h7xx_hal.o
LOAD ./Drivers/STM32H7xx_HAL_Driver/Src/stm32h7xx_hal_adc.o
LOAD ./Drivers/STM32H7xx_HAL_Driver/Src/stm32h7xx_hal_adc_ex.o
LOAD ./Drivers/STM32H7xx_HAL_Driver/Src/stm32h7xx_hal_cortex.o
LOAD ./Drivers/STM32H7xx_HAL_Driver/Src/stm32h7xx_hal_dma.o
LOAD ./Drivers/STM32H7xx_HAL_Driver/Src/stm32h7xx_hal_dma_ex.o
LOAD ./Drivers/STM32H7xx_HAL_Driver/Src/stm32h7xx_hal_exti.o
LOAD ./Drivers/STM32H7xx_HAL_Driver/Src/stm32h7xx_hal_flash.o
LOAD ./Drivers/STM32H7xx_HAL_Driver/Src/stm32h7xx_hal_flash_ex.o
LOAD ./Drivers/STM32H7xx_HAL_Driver/Src/stm32h7xx_hal_gpio.o
LOAD ./Drivers/STM32H7xx_HAL_Driver/Src/stm32h7xx_hal_hsem.o
LOAD ./Drivers/STM32H7xx_HAL_Driver/Src/stm32h7xx_hal_i2c.o
LOAD ./Drivers/STM32H7xx_HAL_Driver/Src/stm32h7xx_hal_i2c_ex.o
LOAD ./Drivers/STM32H7xx_HAL_Driver/Src/stm32h7xx_hal_mdma.o
LOAD ./Drivers/STM32H7xx_HAL_Driver/Src/stm32h7xx_hal_pwr.o
LOAD ./Drivers/STM32H7xx_HAL_Driver/Src/stm32h7xx_hal_pwr_ex.o
LOAD ./Drivers/STM32H7xx_HAL_Driver/Src/stm32h7xx_hal_rcc.o
LOAD ./Drivers/STM32H7xx_HAL_Driver/Src/stm32h7xx_hal_rcc_ex.o
LOAD ./Drivers/STM32H7xx_HAL_Driver/Src/stm32h7xx_hal_tim.o
LOAD ./Drivers/STM32H7xx_HAL_Driver/Src/stm32h7xx_hal_tim_ex.o
LOAD ./Drivers/Simulink/TPGCI_STM32.o
LOAD ./Drivers/Simulink/TPGCI_STM32_data.o
START GROUP
LOAD C:/ST/STM32CubeIDE_1.17.0/STM32CubeIDE/plugins/com.st.stm32cube.ide.mcu.externaltools.gnu-tools-for-stm32.12.3.rel1.win32_1.1.0.202410251130/tools/bin/../lib/gcc/arm-none-eabi/12.3.1/../../../../arm-none-eabi/lib/thumb/v7e-m+dp/hard\libc_nano.a
LOAD C:/ST/STM32CubeIDE_1.17.0/STM32CubeIDE/plugins/com.st.stm32cube.ide.mcu.externaltools.gnu-tools-for-stm32.12.3.rel1.win32_1.1.0.202410251130/tools/bin/../lib/gcc/arm-none-eabi/12.3.1/../../../../arm-none-eabi/lib/thumb/v7e-m+dp/hard\libm.a
END GROUP
START GROUP
LOAD C:/ST/STM32CubeIDE_1.17.0/STM32CubeIDE/plugins/com.st.stm32cube.ide.mcu.externaltools.gnu-tools-for-stm32.12.3.rel1.win32_1.1.0.202410251130/tools/bin/../lib/gcc/arm-none-eabi/12.3.1/thumb/v7e-m+dp/hard\libgcc.a
LOAD C:/ST/STM32CubeIDE_1.17.0/STM32CubeIDE/plugins/com.st.stm32cube.ide.mcu.externaltools.gnu-tools-for-stm32.12.3.rel1.win32_1.1.0.202410251130/tools/bin/../lib/gcc/arm-none-eabi/12.3.1/../../../../arm-none-eabi/lib/thumb/v7e-m+dp/hard\libc_nano.a
END GROUP
START GROUP
LOAD C:/ST/STM32CubeIDE_1.17.0/STM32CubeIDE/plugins/com.st.stm32cube.ide.mcu.externaltools.gnu-tools-for-stm32.12.3.rel1.win32_1.1.0.202410251130/tools/bin/../lib/gcc/arm-none-eabi/12.3.1/thumb/v7e-m+dp/hard\libgcc.a
LOAD C:/ST/STM32CubeIDE_1.17.0/STM32CubeIDE/plugins/com.st.stm32cube.ide.mcu.externaltools.gnu-tools-for-stm32.12.3.rel1.win32_1.1.0.202410251130/tools/bin/../lib/gcc/arm-none-eabi/12.3.1/../../../../arm-none-eabi/lib/thumb/v7e-m+dp/hard\libc_nano.a
LOAD C:/ST/STM32CubeIDE_1.17.0/STM32CubeIDE/plugins/com.st.stm32cube.ide.mcu.externaltools.gnu-tools-for-stm32.12.3.rel1.win32_1.1.0.202410251130/tools/bin/../lib/gcc/arm-none-eabi/12.3.1/../../../../arm-none-eabi/lib/thumb/v7e-m+dp/hard\libnosys.a
END GROUP
START GROUP
LOAD C:/ST/STM32CubeIDE_1.17.0/STM32CubeIDE/plugins/com.st.stm32cube.ide.mcu.externaltools.gnu-tools-for-stm32.12.3.rel1.win32_1.1.0.202410251130/tools/bin/../lib/gcc/arm-none-eabi/12.3.1/thumb/v7e-m+dp/hard\libgcc.a
LOAD C:/ST/STM32CubeIDE_1.17.0/STM32CubeIDE/plugins/com.st.stm32cube.ide.mcu.externaltools.gnu-tools-for-stm32.12.3.rel1.win32_1.1.0.202410251130/tools/bin/../lib/gcc/arm-none-eabi/12.3.1/../../../../arm-none-eabi/lib/thumb/v7e-m+dp/hard\libc_nano.a
LOAD C:/ST/STM32CubeIDE_1.17.0/STM32CubeIDE/plugins/com.st.stm32cube.ide.mcu.externaltools.gnu-tools-for-stm32.12.3.rel1.win32_1.1.0.202410251130/tools/bin/../lib/gcc/arm-none-eabi/12.3.1/../../../../arm-none-eabi/lib/thumb/v7e-m+dp/hard\libnosys.a
END GROUP
LOAD C:/ST/STM32CubeIDE_1.17.0/STM32CubeIDE/plugins/com.st.stm32cube.ide.mcu.externaltools.gnu-tools-for-stm32.12.3.rel1.win32_1.1.0.202410251130/tools/bin/../lib/gcc/arm-none-eabi/12.3.1/thumb/v7e-m+dp/hard/crtend.o
LOAD C:/ST/STM32CubeIDE_1.17.0/STM32CubeIDE/plugins/com.st.stm32cube.ide.mcu.externaltools.gnu-tools-for-stm32.12.3.rel1.win32_1.1.0.202410251130/tools/bin/../lib/gcc/arm-none-eabi/12.3.1/thumb/v7e-m+dp/hard/crtn.o
                0x24050000                        _estack = (ORIGIN (RAM_D1) + LENGTH (RAM_D1))
                0x00000200                        _Min_Heap_Size = 0x200
                0x00000400                        _Min_Stack_Size = 0x400

.isr_vector     0x08000000      0x2cc
                0x08000000                        . = ALIGN (0x4)
 *(.isr_vector)
 .isr_vector    0x08000000      0x2cc ./Core/Startup/startup_stm32h723zgtx.o
                0x08000000                g_pfnVectors
                0x080002cc                        . = ALIGN (0x4)

.text           0x080002d0     0xc55c
                0x080002d0                        . = ALIGN (0x4)
 *(.text)
 .text          0x080002d0       0x40 C:/ST/STM32CubeIDE_1.17.0/STM32CubeIDE/plugins/com.st.stm32cube.ide.mcu.externaltools.gnu-tools-for-stm32.12.3.rel1.win32_1.1.0.202410251130/tools/bin/../lib/gcc/arm-none-eabi/12.3.1/thumb/v7e-m+dp/hard/crtbegin.o
 *(.text*)
 .text.applyLowPassFilter
                0x08000310       0xc8 ./Core/Src/butterworth_filter.o
                0x08000310                applyLowPassFilter
 .text.main     0x080003d8       0xc0 ./Core/Src/main.o
                0x080003d8                main
 .text.SystemClock_Config
                0x08000498       0xdc ./Core/Src/main.o
                0x08000498                SystemClock_Config
 .text.PeriphCommonClock_Config
                0x08000574       0x5e ./Core/Src/main.o
                0x08000574                PeriphCommonClock_Config
 *fill*         0x080005d2        0x2 
 .text.MX_ADC1_Init
                0x080005d4      0x138 ./Core/Src/main.o
 .text.MX_ADC2_Init
                0x0800070c      0x110 ./Core/Src/main.o
 .text.MX_ADC3_Init
                0x0800081c       0xfc ./Core/Src/main.o
 .text.MX_TIM1_Init
                0x08000918      0x188 ./Core/Src/main.o
 .text.MX_TIM2_Init
                0x08000aa0       0x9c ./Core/Src/main.o
 .text.MX_TIM8_Init
                0x08000b3c       0xa8 ./Core/Src/main.o
 .text.MX_DMA_Init
                0x08000be4       0x80 ./Core/Src/main.o
 .text.MX_GPIO_Init
                0x08000c64       0xcc ./Core/Src/main.o
 .text.HAL_TIM_PeriodElapsedCallback
                0x08000d30      0x1c4 ./Core/Src/main.o
                0x08000d30                HAL_TIM_PeriodElapsedCallback
 .text.HAL_ADC_ConvCpltCallback
                0x08000ef4      0x328 ./Core/Src/main.o
                0x08000ef4                HAL_ADC_ConvCpltCallback
 .text.MPU_Config
                0x0800121c       0x58 ./Core/Src/main.o
 .text.Error_Handler
                0x08001274        0xc ./Core/Src/main.o
                0x08001274                Error_Handler
 .text.HAL_MspInit
                0x08001280       0x34 ./Core/Src/stm32h7xx_hal_msp.o
                0x08001280                HAL_MspInit
 .text.HAL_ADC_MspInit
                0x080012b4      0x360 ./Core/Src/stm32h7xx_hal_msp.o
                0x080012b4                HAL_ADC_MspInit
 .text.HAL_TIM_Base_MspInit
                0x08001614       0xc8 ./Core/Src/stm32h7xx_hal_msp.o
                0x08001614                HAL_TIM_Base_MspInit
 .text.HAL_TIM_MspPostInit
                0x080016dc       0xb8 ./Core/Src/stm32h7xx_hal_msp.o
                0x080016dc                HAL_TIM_MspPostInit
 .text.NMI_Handler
                0x08001794        0x8 ./Core/Src/stm32h7xx_it.o
                0x08001794                NMI_Handler
 .text.HardFault_Handler
                0x0800179c        0x8 ./Core/Src/stm32h7xx_it.o
                0x0800179c                HardFault_Handler
 .text.MemManage_Handler
                0x080017a4        0x8 ./Core/Src/stm32h7xx_it.o
                0x080017a4                MemManage_Handler
 .text.BusFault_Handler
                0x080017ac        0x8 ./Core/Src/stm32h7xx_it.o
                0x080017ac                BusFault_Handler
 .text.UsageFault_Handler
                0x080017b4        0x8 ./Core/Src/stm32h7xx_it.o
                0x080017b4                UsageFault_Handler
 .text.SVC_Handler
                0x080017bc        0xe ./Core/Src/stm32h7xx_it.o
                0x080017bc                SVC_Handler
 .text.DebugMon_Handler
                0x080017ca        0xe ./Core/Src/stm32h7xx_it.o
                0x080017ca                DebugMon_Handler
 .text.PendSV_Handler
                0x080017d8        0xe ./Core/Src/stm32h7xx_it.o
                0x080017d8                PendSV_Handler
 .text.SysTick_Handler
                0x080017e6        0xc ./Core/Src/stm32h7xx_it.o
                0x080017e6                SysTick_Handler
 *fill*         0x080017f2        0x2 
 .text.DMA1_Stream0_IRQHandler
                0x080017f4       0x14 ./Core/Src/stm32h7xx_it.o
                0x080017f4                DMA1_Stream0_IRQHandler
 .text.DMA1_Stream1_IRQHandler
                0x08001808       0x14 ./Core/Src/stm32h7xx_it.o
                0x08001808                DMA1_Stream1_IRQHandler
 .text.TIM1_UP_IRQHandler
                0x0800181c       0x14 ./Core/Src/stm32h7xx_it.o
                0x0800181c                TIM1_UP_IRQHandler
 .text.TIM2_IRQHandler
                0x08001830       0x14 ./Core/Src/stm32h7xx_it.o
                0x08001830                TIM2_IRQHandler
 .text.TIM8_UP_TIM13_IRQHandler
                0x08001844       0x14 ./Core/Src/stm32h7xx_it.o
                0x08001844                TIM8_UP_TIM13_IRQHandler
 .text.DMA2_Stream2_IRQHandler
                0x08001858       0x14 ./Core/Src/stm32h7xx_it.o
                0x08001858                DMA2_Stream2_IRQHandler
 .text.SystemInit
                0x0800186c      0x120 ./Core/Src/system_stm32h7xx.o
                0x0800186c                SystemInit
 .text.ExitRun0Mode
                0x0800198c       0x30 ./Core/Src/system_stm32h7xx.o
                0x0800198c                ExitRun0Mode
 .text.Reset_Handler
                0x080019bc       0x54 ./Core/Startup/startup_stm32h723zgtx.o
                0x080019bc                Reset_Handler
 .text.Default_Handler
                0x08001a10        0x2 ./Core/Startup/startup_stm32h723zgtx.o
                0x08001a10                RTC_Alarm_IRQHandler
                0x08001a10                EXTI2_IRQHandler
                0x08001a10                TIM8_CC_IRQHandler
                0x08001a10                UART8_IRQHandler
                0x08001a10                SPI4_IRQHandler
                0x08001a10                FDCAN3_IT0_IRQHandler
                0x08001a10                TIM1_CC_IRQHandler
                0x08001a10                BDMA_Channel6_IRQHandler
                0x08001a10                DMA2_Stream5_IRQHandler
                0x08001a10                DMA1_Stream5_IRQHandler
                0x08001a10                CORDIC_IRQHandler
                0x08001a10                BDMA_Channel1_IRQHandler
                0x08001a10                TAMP_STAMP_IRQHandler
                0x08001a10                EXTI3_IRQHandler
                0x08001a10                LPTIM4_IRQHandler
                0x08001a10                TIM8_TRG_COM_TIM14_IRQHandler
                0x08001a10                LPTIM2_IRQHandler
                0x08001a10                DFSDM1_FLT1_IRQHandler
                0x08001a10                DMAMUX2_OVR_IRQHandler
                0x08001a10                I2C3_ER_IRQHandler
                0x08001a10                DFSDM1_FLT2_IRQHandler
                0x08001a10                I2C5_EV_IRQHandler
                0x08001a10                USART10_IRQHandler
                0x08001a10                MDMA_IRQHandler
                0x08001a10                LPTIM3_IRQHandler
                0x08001a10                HSEM1_IRQHandler
                0x08001a10                EXTI0_IRQHandler
                0x08001a10                I2C2_EV_IRQHandler
                0x08001a10                DMA1_Stream2_IRQHandler
                0x08001a10                FPU_IRQHandler
                0x08001a10                OTG_HS_WKUP_IRQHandler
                0x08001a10                FDCAN1_IT1_IRQHandler
                0x08001a10                LTDC_ER_IRQHandler
                0x08001a10                SPI1_IRQHandler
                0x08001a10                OCTOSPI1_IRQHandler
                0x08001a10                TIM6_DAC_IRQHandler
                0x08001a10                DMA2_Stream3_IRQHandler
                0x08001a10                OCTOSPI2_IRQHandler
                0x08001a10                DFSDM1_FLT3_IRQHandler
                0x08001a10                TIM23_IRQHandler
                0x08001a10                USART6_IRQHandler
                0x08001a10                TIM17_IRQHandler
                0x08001a10                USART3_IRQHandler
                0x08001a10                BDMA_Channel7_IRQHandler
                0x08001a10                LPTIM5_IRQHandler
                0x08001a10                UART5_IRQHandler
                0x08001a10                ADC3_IRQHandler
                0x08001a10                DMA2_Stream0_IRQHandler
                0x08001a10                TIM4_IRQHandler
                0x08001a10                BDMA_Channel2_IRQHandler
                0x08001a10                I2C1_EV_IRQHandler
                0x08001a10                DMA1_Stream6_IRQHandler
                0x08001a10                DMAMUX1_OVR_IRQHandler
                0x08001a10                TIM16_IRQHandler
                0x08001a10                UART4_IRQHandler
                0x08001a10                BDMA_Channel5_IRQHandler
                0x08001a10                TIM3_IRQHandler
                0x08001a10                RCC_IRQHandler
                0x08001a10                UART9_IRQHandler
                0x08001a10                TIM8_BRK_TIM12_IRQHandler
                0x08001a10                TIM1_TRG_COM_IRQHandler
                0x08001a10                Default_Handler
                0x08001a10                ECC_IRQHandler
                0x08001a10                FMAC_IRQHandler
                0x08001a10                CEC_IRQHandler
                0x08001a10                EXTI15_10_IRQHandler
                0x08001a10                BDMA_Channel0_IRQHandler
                0x08001a10                ADC_IRQHandler
                0x08001a10                I2C5_ER_IRQHandler
                0x08001a10                DMA1_Stream7_IRQHandler
                0x08001a10                SPI5_IRQHandler
                0x08001a10                TIM7_IRQHandler
                0x08001a10                FDCAN3_IT1_IRQHandler
                0x08001a10                SDMMC1_IRQHandler
                0x08001a10                TIM5_IRQHandler
                0x08001a10                DMA2_Stream7_IRQHandler
                0x08001a10                TIM15_IRQHandler
                0x08001a10                PVD_AVD_IRQHandler
                0x08001a10                I2C3_EV_IRQHandler
                0x08001a10                EXTI9_5_IRQHandler
                0x08001a10                RTC_WKUP_IRQHandler
                0x08001a10                LTDC_IRQHandler
                0x08001a10                ETH_WKUP_IRQHandler
                0x08001a10                SPDIF_RX_IRQHandler
                0x08001a10                SPI2_IRQHandler
                0x08001a10                OTG_HS_EP1_IN_IRQHandler
                0x08001a10                TIM24_IRQHandler
                0x08001a10                CRS_IRQHandler
                0x08001a10                EXTI4_IRQHandler
                0x08001a10                RNG_IRQHandler
                0x08001a10                FDCAN2_IT1_IRQHandler
                0x08001a10                ETH_IRQHandler
                0x08001a10                BDMA_Channel4_IRQHandler
                0x08001a10                OTG_HS_EP1_OUT_IRQHandler
                0x08001a10                WWDG_IRQHandler
                0x08001a10                SPI6_IRQHandler
                0x08001a10                MDIOS_IRQHandler
                0x08001a10                I2C4_EV_IRQHandler
                0x08001a10                FDCAN2_IT0_IRQHandler
                0x08001a10                LPUART1_IRQHandler
                0x08001a10                FDCAN1_IT0_IRQHandler
                0x08001a10                OTG_HS_IRQHandler
                0x08001a10                DMA2D_IRQHandler
                0x08001a10                TIM1_BRK_IRQHandler
                0x08001a10                EXTI1_IRQHandler
                0x08001a10                SDMMC2_IRQHandler
                0x08001a10                BDMA_Channel3_IRQHandler
                0x08001a10                DTS_IRQHandler
                0x08001a10                UART7_IRQHandler
                0x08001a10                MDIOS_WKUP_IRQHandler
                0x08001a10                USART2_IRQHandler
                0x08001a10                DFSDM1_FLT0_IRQHandler
                0x08001a10                SAI4_IRQHandler
                0x08001a10                I2C2_ER_IRQHandler
                0x08001a10                DMA2_Stream1_IRQHandler
                0x08001a10                FLASH_IRQHandler
                0x08001a10                DMA2_Stream4_IRQHandler
                0x08001a10                USART1_IRQHandler
                0x08001a10                SPI3_IRQHandler
                0x08001a10                WAKEUP_PIN_IRQHandler
                0x08001a10                DMA1_Stream4_IRQHandler
                0x08001a10                I2C1_ER_IRQHandler
                0x08001a10                FMC_IRQHandler
                0x08001a10                FDCAN_CAL_IRQHandler
                0x08001a10                SWPMI1_IRQHandler
                0x08001a10                COMP1_IRQHandler
                0x08001a10                LPTIM1_IRQHandler
                0x08001a10                DCMI_PSSI_IRQHandler
                0x08001a10                I2C4_ER_IRQHandler
                0x08001a10                DMA2_Stream6_IRQHandler
                0x08001a10                SAI1_IRQHandler
                0x08001a10                DMA1_Stream3_IRQHandler
 *fill*         0x08001a12        0x2 
 .text.HAL_Init
                0x08001a14       0x78 ./Drivers/STM32H7xx_HAL_Driver/Src/stm32h7xx_hal.o
                0x08001a14                HAL_Init
 .text.HAL_InitTick
                0x08001a8c       0x6c ./Drivers/STM32H7xx_HAL_Driver/Src/stm32h7xx_hal.o
                0x08001a8c                HAL_InitTick
 .text.HAL_IncTick
                0x08001af8       0x28 ./Drivers/STM32H7xx_HAL_Driver/Src/stm32h7xx_hal.o
                0x08001af8                HAL_IncTick
 .text.HAL_GetTick
                0x08001b20       0x18 ./Drivers/STM32H7xx_HAL_Driver/Src/stm32h7xx_hal.o
                0x08001b20                HAL_GetTick
 .text.HAL_SYSCFG_AnalogSwitchConfig
                0x08001b38       0x2c ./Drivers/STM32H7xx_HAL_Driver/Src/stm32h7xx_hal.o
                0x08001b38                HAL_SYSCFG_AnalogSwitchConfig
 .text.LL_ADC_SetCommonClock
                0x08001b64       0x26 ./Drivers/STM32H7xx_HAL_Driver/Src/stm32h7xx_hal_adc.o
 .text.LL_ADC_SetCommonPathInternalCh
                0x08001b8a       0x26 ./Drivers/STM32H7xx_HAL_Driver/Src/stm32h7xx_hal_adc.o
 .text.LL_ADC_GetCommonPathInternalCh
                0x08001bb0       0x1c ./Drivers/STM32H7xx_HAL_Driver/Src/stm32h7xx_hal_adc.o
 .text.LL_ADC_SetChannelPreselection
                0x08001bcc       0x74 ./Drivers/STM32H7xx_HAL_Driver/Src/stm32h7xx_hal_adc.o
 .text.LL_ADC_SetOffset
                0x08001c40       0x64 ./Drivers/STM32H7xx_HAL_Driver/Src/stm32h7xx_hal_adc.o
 .text.LL_ADC_GetOffsetChannel
                0x08001ca4       0x2c ./Drivers/STM32H7xx_HAL_Driver/Src/stm32h7xx_hal_adc.o
 .text.LL_ADC_SetDataRightShift
                0x08001cd0       0x32 ./Drivers/STM32H7xx_HAL_Driver/Src/stm32h7xx_hal_adc.o
 *fill*         0x08001d02        0x2 
 .text.LL_ADC_SetOffsetSignedSaturation
                0x08001d04       0x44 ./Drivers/STM32H7xx_HAL_Driver/Src/stm32h7xx_hal_adc.o
 .text.LL_ADC_SetOffsetSaturation
                0x08001d48       0x44 ./Drivers/STM32H7xx_HAL_Driver/Src/stm32h7xx_hal_adc.o
 .text.LL_ADC_SetOffsetSign
                0x08001d8c       0x44 ./Drivers/STM32H7xx_HAL_Driver/Src/stm32h7xx_hal_adc.o
 .text.LL_ADC_SetOffsetState
                0x08001dd0       0x54 ./Drivers/STM32H7xx_HAL_Driver/Src/stm32h7xx_hal_adc.o
 .text.LL_ADC_REG_IsTriggerSourceSWStart
                0x08001e24       0x26 ./Drivers/STM32H7xx_HAL_Driver/Src/stm32h7xx_hal_adc.o
 .text.LL_ADC_REG_SetSequencerRanks
                0x08001e4a       0x58 ./Drivers/STM32H7xx_HAL_Driver/Src/stm32h7xx_hal_adc.o
 .text.LL_ADC_REG_SetDataTransferMode
                0x08001ea2       0x26 ./Drivers/STM32H7xx_HAL_Driver/Src/stm32h7xx_hal_adc.o
 .text.LL_ADC_EnableDMAReq
                0x08001ec8       0x20 ./Drivers/STM32H7xx_HAL_Driver/Src/stm32h7xx_hal_adc.o
 .text.LL_ADC_REG_SetDMATransferMode
                0x08001ee8       0x34 ./Drivers/STM32H7xx_HAL_Driver/Src/stm32h7xx_hal_adc.o
 .text.LL_ADC_SetChannelSamplingTime
                0x08001f1c       0x56 ./Drivers/STM32H7xx_HAL_Driver/Src/stm32h7xx_hal_adc.o
 *fill*         0x08001f72        0x2 
 .text.LL_ADC_SetChannelSingleDiff
                0x08001f74       0x80 ./Drivers/STM32H7xx_HAL_Driver/Src/stm32h7xx_hal_adc.o
 .text.LL_ADC_GetMultimode
                0x08001ff4       0x1c ./Drivers/STM32H7xx_HAL_Driver/Src/stm32h7xx_hal_adc.o
 .text.LL_ADC_DisableDeepPowerDown
                0x08002010       0x24 ./Drivers/STM32H7xx_HAL_Driver/Src/stm32h7xx_hal_adc.o
 .text.LL_ADC_IsDeepPowerDownEnabled
                0x08002034       0x28 ./Drivers/STM32H7xx_HAL_Driver/Src/stm32h7xx_hal_adc.o
 .text.LL_ADC_EnableInternalRegulator
                0x0800205c       0x28 ./Drivers/STM32H7xx_HAL_Driver/Src/stm32h7xx_hal_adc.o
 .text.LL_ADC_IsInternalRegulatorEnabled
                0x08002084       0x28 ./Drivers/STM32H7xx_HAL_Driver/Src/stm32h7xx_hal_adc.o
 .text.LL_ADC_Enable
                0x080020ac       0x28 ./Drivers/STM32H7xx_HAL_Driver/Src/stm32h7xx_hal_adc.o
 .text.LL_ADC_IsEnabled
                0x080020d4       0x26 ./Drivers/STM32H7xx_HAL_Driver/Src/stm32h7xx_hal_adc.o
 *fill*         0x080020fa        0x2 
 .text.LL_ADC_REG_StartConversion
                0x080020fc       0x28 ./Drivers/STM32H7xx_HAL_Driver/Src/stm32h7xx_hal_adc.o
 .text.LL_ADC_REG_IsConversionOngoing
                0x08002124       0x26 ./Drivers/STM32H7xx_HAL_Driver/Src/stm32h7xx_hal_adc.o
 .text.LL_ADC_INJ_IsConversionOngoing
                0x0800214a       0x26 ./Drivers/STM32H7xx_HAL_Driver/Src/stm32h7xx_hal_adc.o
 .text.HAL_ADC_Init
                0x08002170      0x410 ./Drivers/STM32H7xx_HAL_Driver/Src/stm32h7xx_hal_adc.o
                0x08002170                HAL_ADC_Init
 .text.HAL_ADC_Start_DMA
                0x08002580      0x1b8 ./Drivers/STM32H7xx_HAL_Driver/Src/stm32h7xx_hal_adc.o
                0x08002580                HAL_ADC_Start_DMA
 .text.HAL_ADC_ConvHalfCpltCallback
                0x08002738       0x14 ./Drivers/STM32H7xx_HAL_Driver/Src/stm32h7xx_hal_adc.o
                0x08002738                HAL_ADC_ConvHalfCpltCallback
 .text.HAL_ADC_ErrorCallback
                0x0800274c       0x14 ./Drivers/STM32H7xx_HAL_Driver/Src/stm32h7xx_hal_adc.o
                0x0800274c                HAL_ADC_ErrorCallback
 .text.HAL_ADC_ConfigChannel
                0x08002760      0x9a8 ./Drivers/STM32H7xx_HAL_Driver/Src/stm32h7xx_hal_adc.o
                0x08002760                HAL_ADC_ConfigChannel
 .text.ADC_Enable
                0x08003108      0x114 ./Drivers/STM32H7xx_HAL_Driver/Src/stm32h7xx_hal_adc.o
                0x08003108                ADC_Enable
 .text.ADC_DMAConvCplt
                0x0800321c       0xd8 ./Drivers/STM32H7xx_HAL_Driver/Src/stm32h7xx_hal_adc.o
                0x0800321c                ADC_DMAConvCplt
 .text.ADC_DMAHalfConvCplt
                0x080032f4       0x1c ./Drivers/STM32H7xx_HAL_Driver/Src/stm32h7xx_hal_adc.o
                0x080032f4                ADC_DMAHalfConvCplt
 .text.ADC_DMAError
                0x08003310       0x34 ./Drivers/STM32H7xx_HAL_Driver/Src/stm32h7xx_hal_adc.o
                0x08003310                ADC_DMAError
 .text.ADC_ConfigureBoostMode
                0x08003344      0x1dc ./Drivers/STM32H7xx_HAL_Driver/Src/stm32h7xx_hal_adc.o
                0x08003344                ADC_ConfigureBoostMode
 .text.LL_ADC_IsEnabled
                0x08003520       0x26 ./Drivers/STM32H7xx_HAL_Driver/Src/stm32h7xx_hal_adc_ex.o
 .text.LL_ADC_REG_IsConversionOngoing
                0x08003546       0x26 ./Drivers/STM32H7xx_HAL_Driver/Src/stm32h7xx_hal_adc_ex.o
 .text.HAL_ADCEx_MultiModeConfigChannel
                0x0800356c      0x1c4 ./Drivers/STM32H7xx_HAL_Driver/Src/stm32h7xx_hal_adc_ex.o
                0x0800356c                HAL_ADCEx_MultiModeConfigChannel
 .text.__NVIC_SetPriorityGrouping
                0x08003730       0x48 ./Drivers/STM32H7xx_HAL_Driver/Src/stm32h7xx_hal_cortex.o
 .text.__NVIC_GetPriorityGrouping
                0x08003778       0x1c ./Drivers/STM32H7xx_HAL_Driver/Src/stm32h7xx_hal_cortex.o
 .text.__NVIC_EnableIRQ
                0x08003794       0x3c ./Drivers/STM32H7xx_HAL_Driver/Src/stm32h7xx_hal_cortex.o
 .text.__NVIC_SetPriority
                0x080037d0       0x54 ./Drivers/STM32H7xx_HAL_Driver/Src/stm32h7xx_hal_cortex.o
 .text.NVIC_EncodePriority
                0x08003824       0x66 ./Drivers/STM32H7xx_HAL_Driver/Src/stm32h7xx_hal_cortex.o
 *fill*         0x0800388a        0x2 
 .text.SysTick_Config
                0x0800388c       0x44 ./Drivers/STM32H7xx_HAL_Driver/Src/stm32h7xx_hal_cortex.o
 .text.HAL_NVIC_SetPriorityGrouping
                0x080038d0       0x16 ./Drivers/STM32H7xx_HAL_Driver/Src/stm32h7xx_hal_cortex.o
                0x080038d0                HAL_NVIC_SetPriorityGrouping
 .text.HAL_NVIC_SetPriority
                0x080038e6       0x34 ./Drivers/STM32H7xx_HAL_Driver/Src/stm32h7xx_hal_cortex.o
                0x080038e6                HAL_NVIC_SetPriority
 .text.HAL_NVIC_EnableIRQ
                0x0800391a       0x1c ./Drivers/STM32H7xx_HAL_Driver/Src/stm32h7xx_hal_cortex.o
                0x0800391a                HAL_NVIC_EnableIRQ
 .text.HAL_SYSTICK_Config
                0x08003936       0x18 ./Drivers/STM32H7xx_HAL_Driver/Src/stm32h7xx_hal_cortex.o
                0x08003936                HAL_SYSTICK_Config
 *fill*         0x0800394e        0x2 
 .text.HAL_MPU_Disable
                0x08003950       0x30 ./Drivers/STM32H7xx_HAL_Driver/Src/stm32h7xx_hal_cortex.o
                0x08003950                HAL_MPU_Disable
 .text.HAL_MPU_Enable
                0x08003980       0x40 ./Drivers/STM32H7xx_HAL_Driver/Src/stm32h7xx_hal_cortex.o
                0x08003980                HAL_MPU_Enable
 .text.HAL_MPU_ConfigRegion
                0x080039c0       0x80 ./Drivers/STM32H7xx_HAL_Driver/Src/stm32h7xx_hal_cortex.o
                0x080039c0                HAL_MPU_ConfigRegion
 .text.HAL_DMA_Init
                0x08003a40      0x6b0 ./Drivers/STM32H7xx_HAL_Driver/Src/stm32h7xx_hal_dma.o
                0x08003a40                HAL_DMA_Init
 .text.HAL_DMA_Start_IT
                0x080040f0      0x4d4 ./Drivers/STM32H7xx_HAL_Driver/Src/stm32h7xx_hal_dma.o
                0x080040f0                HAL_DMA_Start_IT
 .text.HAL_DMA_IRQHandler
                0x080045c4      0xe54 ./Drivers/STM32H7xx_HAL_Driver/Src/stm32h7xx_hal_dma.o
                0x080045c4                HAL_DMA_IRQHandler
 .text.DMA_SetConfig
                0x08005418      0x358 ./Drivers/STM32H7xx_HAL_Driver/Src/stm32h7xx_hal_dma.o
 .text.DMA_CalcBaseAndBitshift
                0x08005770      0x164 ./Drivers/STM32H7xx_HAL_Driver/Src/stm32h7xx_hal_dma.o
 .text.DMA_CheckFifoParam
                0x080058d4       0xf8 ./Drivers/STM32H7xx_HAL_Driver/Src/stm32h7xx_hal_dma.o
 .text.DMA_CalcDMAMUXChannelBaseAndMask
                0x080059cc      0x134 ./Drivers/STM32H7xx_HAL_Driver/Src/stm32h7xx_hal_dma.o
 .text.DMA_CalcDMAMUXRequestGenBaseAndMask
                0x08005b00       0xe8 ./Drivers/STM32H7xx_HAL_Driver/Src/stm32h7xx_hal_dma.o
 .text.HAL_GPIO_Init
                0x08005be8      0x350 ./Drivers/STM32H7xx_HAL_Driver/Src/stm32h7xx_hal_gpio.o
                0x08005be8                HAL_GPIO_Init
 .text.HAL_PWREx_ConfigSupply
                0x08005f38       0x74 ./Drivers/STM32H7xx_HAL_Driver/Src/stm32h7xx_hal_pwr_ex.o
                0x08005f38                HAL_PWREx_ConfigSupply
 .text.HAL_RCC_OscConfig
                0x08005fac      0x7b4 ./Drivers/STM32H7xx_HAL_Driver/Src/stm32h7xx_hal_rcc.o
                0x08005fac                HAL_RCC_OscConfig
 .text.HAL_RCC_ClockConfig
                0x08006760      0x36c ./Drivers/STM32H7xx_HAL_Driver/Src/stm32h7xx_hal_rcc.o
                0x08006760                HAL_RCC_ClockConfig
 .text.HAL_RCC_GetSysClockFreq
                0x08006acc      0x2f4 ./Drivers/STM32H7xx_HAL_Driver/Src/stm32h7xx_hal_rcc.o
                0x08006acc                HAL_RCC_GetSysClockFreq
 .text.HAL_RCC_GetHCLKFreq
                0x08006dc0       0x60 ./Drivers/STM32H7xx_HAL_Driver/Src/stm32h7xx_hal_rcc.o
                0x08006dc0                HAL_RCC_GetHCLKFreq
 .text.HAL_RCC_GetPCLK1Freq
                0x08006e20       0x2c ./Drivers/STM32H7xx_HAL_Driver/Src/stm32h7xx_hal_rcc.o
                0x08006e20                HAL_RCC_GetPCLK1Freq
 .text.HAL_RCCEx_PeriphCLKConfig
                0x08006e4c     0x1340 ./Drivers/STM32H7xx_HAL_Driver/Src/stm32h7xx_hal_rcc_ex.o
                0x08006e4c                HAL_RCCEx_PeriphCLKConfig
 .text.HAL_RCCEx_GetPeriphCLKFreq
                0x0800818c      0x9a4 ./Drivers/STM32H7xx_HAL_Driver/Src/stm32h7xx_hal_rcc_ex.o
                0x0800818c                HAL_RCCEx_GetPeriphCLKFreq
 .text.HAL_RCCEx_GetD3PCLK1Freq
                0x08008b30       0x2c ./Drivers/STM32H7xx_HAL_Driver/Src/stm32h7xx_hal_rcc_ex.o
                0x08008b30                HAL_RCCEx_GetD3PCLK1Freq
 .text.HAL_RCCEx_GetPLL2ClockFreq
                0x08008b5c      0x2a8 ./Drivers/STM32H7xx_HAL_Driver/Src/stm32h7xx_hal_rcc_ex.o
                0x08008b5c                HAL_RCCEx_GetPLL2ClockFreq
 .text.HAL_RCCEx_GetPLL3ClockFreq
                0x08008e04      0x2a8 ./Drivers/STM32H7xx_HAL_Driver/Src/stm32h7xx_hal_rcc_ex.o
                0x08008e04                HAL_RCCEx_GetPLL3ClockFreq
 .text.HAL_RCCEx_GetPLL1ClockFreq
                0x080090ac      0x2a4 ./Drivers/STM32H7xx_HAL_Driver/Src/stm32h7xx_hal_rcc_ex.o
                0x080090ac                HAL_RCCEx_GetPLL1ClockFreq
 .text.RCCEx_PLL2_Config
                0x08009350      0x164 ./Drivers/STM32H7xx_HAL_Driver/Src/stm32h7xx_hal_rcc_ex.o
 .text.RCCEx_PLL3_Config
                0x080094b4      0x164 ./Drivers/STM32H7xx_HAL_Driver/Src/stm32h7xx_hal_rcc_ex.o
 .text.HAL_TIM_Base_Init
                0x08009618       0xae ./Drivers/STM32H7xx_HAL_Driver/Src/stm32h7xx_hal_tim.o
                0x08009618                HAL_TIM_Base_Init
 *fill*         0x080096c6        0x2 
 .text.HAL_TIM_Base_Start_IT
                0x080096c8      0x10c ./Drivers/STM32H7xx_HAL_Driver/Src/stm32h7xx_hal_tim.o
                0x080096c8                HAL_TIM_Base_Start_IT
 .text.HAL_TIM_PWM_Init
                0x080097d4       0xae ./Drivers/STM32H7xx_HAL_Driver/Src/stm32h7xx_hal_tim.o
                0x080097d4                HAL_TIM_PWM_Init
 .text.HAL_TIM_PWM_MspInit
                0x08009882       0x14 ./Drivers/STM32H7xx_HAL_Driver/Src/stm32h7xx_hal_tim.o
                0x08009882                HAL_TIM_PWM_MspInit
 *fill*         0x08009896        0x2 
 .text.HAL_TIM_PWM_Start
                0x08009898      0x238 ./Drivers/STM32H7xx_HAL_Driver/Src/stm32h7xx_hal_tim.o
                0x08009898                HAL_TIM_PWM_Start
 .text.HAL_TIM_IRQHandler
                0x08009ad0      0x20e ./Drivers/STM32H7xx_HAL_Driver/Src/stm32h7xx_hal_tim.o
                0x08009ad0                HAL_TIM_IRQHandler
 *fill*         0x08009cde        0x2 
 .text.HAL_TIM_PWM_ConfigChannel
                0x08009ce0      0x228 ./Drivers/STM32H7xx_HAL_Driver/Src/stm32h7xx_hal_tim.o
                0x08009ce0                HAL_TIM_PWM_ConfigChannel
 .text.HAL_TIM_ConfigClockSource
                0x08009f08      0x1f0 ./Drivers/STM32H7xx_HAL_Driver/Src/stm32h7xx_hal_tim.o
                0x08009f08                HAL_TIM_ConfigClockSource
 .text.HAL_TIM_OC_DelayElapsedCallback
                0x0800a0f8       0x14 ./Drivers/STM32H7xx_HAL_Driver/Src/stm32h7xx_hal_tim.o
                0x0800a0f8                HAL_TIM_OC_DelayElapsedCallback
 .text.HAL_TIM_IC_CaptureCallback
                0x0800a10c       0x14 ./Drivers/STM32H7xx_HAL_Driver/Src/stm32h7xx_hal_tim.o
                0x0800a10c                HAL_TIM_IC_CaptureCallback
 .text.HAL_TIM_PWM_PulseFinishedCallback
                0x0800a120       0x14 ./Drivers/STM32H7xx_HAL_Driver/Src/stm32h7xx_hal_tim.o
                0x0800a120                HAL_TIM_PWM_PulseFinishedCallback
 .text.HAL_TIM_TriggerCallback
                0x0800a134       0x14 ./Drivers/STM32H7xx_HAL_Driver/Src/stm32h7xx_hal_tim.o
                0x0800a134                HAL_TIM_TriggerCallback
 .text.TIM_Base_SetConfig
                0x0800a148      0x158 ./Drivers/STM32H7xx_HAL_Driver/Src/stm32h7xx_hal_tim.o
                0x0800a148                TIM_Base_SetConfig
 .text.TIM_OC1_SetConfig
                0x0800a2a0      0x120 ./Drivers/STM32H7xx_HAL_Driver/Src/stm32h7xx_hal_tim.o
 .text.TIM_OC2_SetConfig
                0x0800a3c0      0x114 ./Drivers/STM32H7xx_HAL_Driver/Src/stm32h7xx_hal_tim.o
                0x0800a3c0                TIM_OC2_SetConfig
 .text.TIM_OC3_SetConfig
                0x0800a4d4      0x110 ./Drivers/STM32H7xx_HAL_Driver/Src/stm32h7xx_hal_tim.o
 .text.TIM_OC4_SetConfig
                0x0800a5e4       0xd4 ./Drivers/STM32H7xx_HAL_Driver/Src/stm32h7xx_hal_tim.o
 .text.TIM_OC5_SetConfig
                0x0800a6b8       0xc8 ./Drivers/STM32H7xx_HAL_Driver/Src/stm32h7xx_hal_tim.o
 .text.TIM_OC6_SetConfig
                0x0800a780       0xcc ./Drivers/STM32H7xx_HAL_Driver/Src/stm32h7xx_hal_tim.o
 .text.TIM_TI1_ConfigInputStage
                0x0800a84c       0x5e ./Drivers/STM32H7xx_HAL_Driver/Src/stm32h7xx_hal_tim.o
 .text.TIM_TI2_ConfigInputStage
                0x0800a8aa       0x60 ./Drivers/STM32H7xx_HAL_Driver/Src/stm32h7xx_hal_tim.o
 *fill*         0x0800a90a        0x2 
 .text.TIM_ITRx_SetConfig
                0x0800a90c       0x3c ./Drivers/STM32H7xx_HAL_Driver/Src/stm32h7xx_hal_tim.o
 .text.TIM_ETR_SetConfig
                0x0800a948       0x40 ./Drivers/STM32H7xx_HAL_Driver/Src/stm32h7xx_hal_tim.o
                0x0800a948                TIM_ETR_SetConfig
 .text.TIM_CCxChannelCmd
                0x0800a988       0x4a ./Drivers/STM32H7xx_HAL_Driver/Src/stm32h7xx_hal_tim.o
                0x0800a988                TIM_CCxChannelCmd
 *fill*         0x0800a9d2        0x2 
 .text.HAL_TIMEx_PWMN_Start
                0x0800a9d4      0x1a0 ./Drivers/STM32H7xx_HAL_Driver/Src/stm32h7xx_hal_tim_ex.o
                0x0800a9d4                HAL_TIMEx_PWMN_Start
 .text.HAL_TIMEx_MasterConfigSynchronization
                0x0800ab74      0x138 ./Drivers/STM32H7xx_HAL_Driver/Src/stm32h7xx_hal_tim_ex.o
                0x0800ab74                HAL_TIMEx_MasterConfigSynchronization
 .text.HAL_TIMEx_ConfigBreakDeadTime
                0x0800acac      0x118 ./Drivers/STM32H7xx_HAL_Driver/Src/stm32h7xx_hal_tim_ex.o
                0x0800acac                HAL_TIMEx_ConfigBreakDeadTime
 .text.HAL_TIMEx_CommutCallback
                0x0800adc4       0x14 ./Drivers/STM32H7xx_HAL_Driver/Src/stm32h7xx_hal_tim_ex.o
                0x0800adc4                HAL_TIMEx_CommutCallback
 .text.HAL_TIMEx_BreakCallback
                0x0800add8       0x14 ./Drivers/STM32H7xx_HAL_Driver/Src/stm32h7xx_hal_tim_ex.o
                0x0800add8                HAL_TIMEx_BreakCallback
 .text.HAL_TIMEx_Break2Callback
                0x0800adec       0x14 ./Drivers/STM32H7xx_HAL_Driver/Src/stm32h7xx_hal_tim_ex.o
                0x0800adec                HAL_TIMEx_Break2Callback
 .text.TIM_CCxNChannelCmd
                0x0800ae00       0x4a ./Drivers/STM32H7xx_HAL_Driver/Src/stm32h7xx_hal_tim_ex.o
 *fill*         0x0800ae4a        0x2 
 .text.rtIsInf  0x0800ae4c       0x4c ./Drivers/Simulink/TPGCI_STM32.o
 .text.rtIsNaN  0x0800ae98       0x2e ./Drivers/Simulink/TPGCI_STM32.o
 .text.Subsystempi2delay
                0x0800aec6       0x8a ./Drivers/Simulink/TPGCI_STM32.o
 .text.Subsystem1
                0x0800af50       0x8e ./Drivers/Simulink/TPGCI_STM32.o
 *fill*         0x0800afde        0x2 
 .text.rt_modd_snf
                0x0800afe0      0x20c ./Drivers/Simulink/TPGCI_STM32.o
                0x0800afe0                rt_modd_snf
 *fill*         0x0800b1ec        0x4 
 .text.TPGCI_STM32_step
                0x0800b1f0      0x6dc ./Drivers/Simulink/TPGCI_STM32.o
                0x0800b1f0                TPGCI_STM32_step
 .text.TPGCI_STM32_initialize
                0x0800b8cc        0xe ./Drivers/Simulink/TPGCI_STM32.o
                0x0800b8cc                TPGCI_STM32_initialize
 .text.memset   0x0800b8da       0x10 C:/ST/STM32CubeIDE_1.17.0/STM32CubeIDE/plugins/com.st.stm32cube.ide.mcu.externaltools.gnu-tools-for-stm32.12.3.rel1.win32_1.1.0.202410251130/tools/bin/../lib/gcc/arm-none-eabi/12.3.1/../../../../arm-none-eabi/lib/thumb/v7e-m+dp/hard\libc_nano.a(libc_a-memset.o)
                0x0800b8da                memset
 *fill*         0x0800b8ea        0x2 
 .text.__errno  0x0800b8ec        0xc C:/ST/STM32CubeIDE_1.17.0/STM32CubeIDE/plugins/com.st.stm32cube.ide.mcu.externaltools.gnu-tools-for-stm32.12.3.rel1.win32_1.1.0.202410251130/tools/bin/../lib/gcc/arm-none-eabi/12.3.1/../../../../arm-none-eabi/lib/thumb/v7e-m+dp/hard\libc_nano.a(libc_a-errno.o)
                0x0800b8ec                __errno
 .text.__libc_init_array
                0x0800b8f8       0x48 C:/ST/STM32CubeIDE_1.17.0/STM32CubeIDE/plugins/com.st.stm32cube.ide.mcu.externaltools.gnu-tools-for-stm32.12.3.rel1.win32_1.1.0.202410251130/tools/bin/../lib/gcc/arm-none-eabi/12.3.1/../../../../arm-none-eabi/lib/thumb/v7e-m+dp/hard\libc_nano.a(libc_a-init.o)
                0x0800b8f8                __libc_init_array
 .text.fmod     0x0800b940       0x48 C:/ST/STM32CubeIDE_1.17.0/STM32CubeIDE/plugins/com.st.stm32cube.ide.mcu.externaltools.gnu-tools-for-stm32.12.3.rel1.win32_1.1.0.202410251130/tools/bin/../lib/gcc/arm-none-eabi/12.3.1/../../../../arm-none-eabi/lib/thumb/v7e-m+dp/hard\libm.a(libm_a-w_fmod.o)
                0x0800b940                fmod
 .text.sqrt     0x0800b988       0x40 C:/ST/STM32CubeIDE_1.17.0/STM32CubeIDE/plugins/com.st.stm32cube.ide.mcu.externaltools.gnu-tools-for-stm32.12.3.rel1.win32_1.1.0.202410251130/tools/bin/../lib/gcc/arm-none-eabi/12.3.1/../../../../arm-none-eabi/lib/thumb/v7e-m+dp/hard\libm.a(libm_a-w_sqrt.o)
                0x0800b988                sqrt
 .text.cos      0x0800b9c8       0x98 C:/ST/STM32CubeIDE_1.17.0/STM32CubeIDE/plugins/com.st.stm32cube.ide.mcu.externaltools.gnu-tools-for-stm32.12.3.rel1.win32_1.1.0.202410251130/tools/bin/../lib/gcc/arm-none-eabi/12.3.1/../../../../arm-none-eabi/lib/thumb/v7e-m+dp/hard\libm.a(libm_a-s_cos.o)
                0x0800b9c8                cos
 .text.sin      0x0800ba60       0x98 C:/ST/STM32CubeIDE_1.17.0/STM32CubeIDE/plugins/com.st.stm32cube.ide.mcu.externaltools.gnu-tools-for-stm32.12.3.rel1.win32_1.1.0.202410251130/tools/bin/../lib/gcc/arm-none-eabi/12.3.1/../../../../arm-none-eabi/lib/thumb/v7e-m+dp/hard\libm.a(libm_a-s_sin.o)
                0x0800ba60                sin
 .text.__ieee754_sqrt
                0x0800baf8        0x6 C:/ST/STM32CubeIDE_1.17.0/STM32CubeIDE/plugins/com.st.stm32cube.ide.mcu.externaltools.gnu-tools-for-stm32.12.3.rel1.win32_1.1.0.202410251130/tools/bin/../lib/gcc/arm-none-eabi/12.3.1/../../../../arm-none-eabi/lib/thumb/v7e-m+dp/hard\libm.a(libm_a-e_sqrt.o)
                0x0800baf8                __ieee754_sqrt
 *fill*         0x0800bafe        0x2 
 .text.floor    0x0800bb00       0xf0 C:/ST/STM32CubeIDE_1.17.0/STM32CubeIDE/plugins/com.st.stm32cube.ide.mcu.externaltools.gnu-tools-for-stm32.12.3.rel1.win32_1.1.0.202410251130/tools/bin/../lib/gcc/arm-none-eabi/12.3.1/../../../../arm-none-eabi/lib/thumb/v7e-m+dp/hard\libm.a(libm_a-s_floor.o)
                0x0800bb00                floor
 .text.__kernel_cos
                0x0800bbf0       0xd0 C:/ST/STM32CubeIDE_1.17.0/STM32CubeIDE/plugins/com.st.stm32cube.ide.mcu.externaltools.gnu-tools-for-stm32.12.3.rel1.win32_1.1.0.202410251130/tools/bin/../lib/gcc/arm-none-eabi/12.3.1/../../../../arm-none-eabi/lib/thumb/v7e-m+dp/hard\libm.a(libm_a-k_cos.o)
                0x0800bbf0                __kernel_cos
 .text.__kernel_sin
                0x0800bcc0       0xb0 C:/ST/STM32CubeIDE_1.17.0/STM32CubeIDE/plugins/com.st.stm32cube.ide.mcu.externaltools.gnu-tools-for-stm32.12.3.rel1.win32_1.1.0.202410251130/tools/bin/../lib/gcc/arm-none-eabi/12.3.1/../../../../arm-none-eabi/lib/thumb/v7e-m+dp/hard\libm.a(libm_a-k_sin.o)
                0x0800bcc0                __kernel_sin
 .text.__ieee754_fmod
                0x0800bd70      0x218 C:/ST/STM32CubeIDE_1.17.0/STM32CubeIDE/plugins/com.st.stm32cube.ide.mcu.externaltools.gnu-tools-for-stm32.12.3.rel1.win32_1.1.0.202410251130/tools/bin/../lib/gcc/arm-none-eabi/12.3.1/../../../../arm-none-eabi/lib/thumb/v7e-m+dp/hard\libm.a(libm_a-e_fmod.o)
                0x0800bd70                __ieee754_fmod
 .text.__ieee754_rem_pio2
                0x0800bf88      0x288 C:/ST/STM32CubeIDE_1.17.0/STM32CubeIDE/plugins/com.st.stm32cube.ide.mcu.externaltools.gnu-tools-for-stm32.12.3.rel1.win32_1.1.0.202410251130/tools/bin/../lib/gcc/arm-none-eabi/12.3.1/../../../../arm-none-eabi/lib/thumb/v7e-m+dp/hard\libm.a(libm_a-e_rem_pio2.o)
                0x0800bf88                __ieee754_rem_pio2
 .text.fabs     0x0800c210       0x10 C:/ST/STM32CubeIDE_1.17.0/STM32CubeIDE/plugins/com.st.stm32cube.ide.mcu.externaltools.gnu-tools-for-stm32.12.3.rel1.win32_1.1.0.202410251130/tools/bin/../lib/gcc/arm-none-eabi/12.3.1/../../../../arm-none-eabi/lib/thumb/v7e-m+dp/hard\libm.a(libm_a-s_fabs.o)
                0x0800c210                fabs
 .text.__kernel_rem_pio2
                0x0800c220      0x4f8 C:/ST/STM32CubeIDE_1.17.0/STM32CubeIDE/plugins/com.st.stm32cube.ide.mcu.externaltools.gnu-tools-for-stm32.12.3.rel1.win32_1.1.0.202410251130/tools/bin/../lib/gcc/arm-none-eabi/12.3.1/../../../../arm-none-eabi/lib/thumb/v7e-m+dp/hard\libm.a(libm_a-k_rem_pio2.o)
                0x0800c220                __kernel_rem_pio2
 .text.scalbn   0x0800c718       0xfc C:/ST/STM32CubeIDE_1.17.0/STM32CubeIDE/plugins/com.st.stm32cube.ide.mcu.externaltools.gnu-tools-for-stm32.12.3.rel1.win32_1.1.0.202410251130/tools/bin/../lib/gcc/arm-none-eabi/12.3.1/../../../../arm-none-eabi/lib/thumb/v7e-m+dp/hard\libm.a(libm_a-s_scalbn.o)
                0x0800c718                scalbn
 *(.glue_7)
 .glue_7        0x0800c814        0x0 linker stubs
 *(.glue_7t)
 .glue_7t       0x0800c814        0x0 linker stubs
 *(.eh_frame)
 .eh_frame      0x0800c814        0x0 C:/ST/STM32CubeIDE_1.17.0/STM32CubeIDE/plugins/com.st.stm32cube.ide.mcu.externaltools.gnu-tools-for-stm32.12.3.rel1.win32_1.1.0.202410251130/tools/bin/../lib/gcc/arm-none-eabi/12.3.1/thumb/v7e-m+dp/hard/crtbegin.o
 *(.init)
 .init          0x0800c814        0x4 C:/ST/STM32CubeIDE_1.17.0/STM32CubeIDE/plugins/com.st.stm32cube.ide.mcu.externaltools.gnu-tools-for-stm32.12.3.rel1.win32_1.1.0.202410251130/tools/bin/../lib/gcc/arm-none-eabi/12.3.1/thumb/v7e-m+dp/hard/crti.o
                0x0800c814                _init
 .init          0x0800c818        0x8 C:/ST/STM32CubeIDE_1.17.0/STM32CubeIDE/plugins/com.st.stm32cube.ide.mcu.externaltools.gnu-tools-for-stm32.12.3.rel1.win32_1.1.0.202410251130/tools/bin/../lib/gcc/arm-none-eabi/12.3.1/thumb/v7e-m+dp/hard/crtn.o
 *(.fini)
 .fini          0x0800c820        0x4 C:/ST/STM32CubeIDE_1.17.0/STM32CubeIDE/plugins/com.st.stm32cube.ide.mcu.externaltools.gnu-tools-for-stm32.12.3.rel1.win32_1.1.0.202410251130/tools/bin/../lib/gcc/arm-none-eabi/12.3.1/thumb/v7e-m+dp/hard/crti.o
                0x0800c820                _fini
 .fini          0x0800c824        0x8 C:/ST/STM32CubeIDE_1.17.0/STM32CubeIDE/plugins/com.st.stm32cube.ide.mcu.externaltools.gnu-tools-for-stm32.12.3.rel1.win32_1.1.0.202410251130/tools/bin/../lib/gcc/arm-none-eabi/12.3.1/thumb/v7e-m+dp/hard/crtn.o
                0x0800c82c                        . = ALIGN (0x4)
                0x0800c82c                        _etext = .

.vfp11_veneer   0x0800c82c        0x0
 .vfp11_veneer  0x0800c82c        0x0 linker stubs

.v4_bx          0x0800c82c        0x0
 .v4_bx         0x0800c82c        0x0 linker stubs

.iplt           0x0800c82c        0x0
 .iplt          0x0800c82c        0x0 C:/ST/STM32CubeIDE_1.17.0/STM32CubeIDE/plugins/com.st.stm32cube.ide.mcu.externaltools.gnu-tools-for-stm32.12.3.rel1.win32_1.1.0.202410251130/tools/bin/../lib/gcc/arm-none-eabi/12.3.1/thumb/v7e-m+dp/hard/crtbegin.o

.rodata         0x0800c830      0x298
                0x0800c830                        . = ALIGN (0x4)
 *(.rodata)
 *(.rodata*)
 .rodata.D1CorePrescTable
                0x0800c830       0x10 ./Core/Src/system_stm32h7xx.o
                0x0800c830                D1CorePrescTable
 .rodata.flagBitshiftOffset.0
                0x0800c840        0x8 ./Drivers/STM32H7xx_HAL_Driver/Src/stm32h7xx_hal_dma.o
 .rodata.rtConstB
                0x0800c848        0x2 ./Drivers/Simulink/TPGCI_STM32_data.o
                0x0800c848                rtConstB
 *fill*         0x0800c84a        0x6 
 .rodata.rtConstP
                0x0800c850       0x90 ./Drivers/Simulink/TPGCI_STM32_data.o
                0x0800c850                rtConstP
 .rodata.Zero   0x0800c8e0       0x10 C:/ST/STM32CubeIDE_1.17.0/STM32CubeIDE/plugins/com.st.stm32cube.ide.mcu.externaltools.gnu-tools-for-stm32.12.3.rel1.win32_1.1.0.202410251130/tools/bin/../lib/gcc/arm-none-eabi/12.3.1/../../../../arm-none-eabi/lib/thumb/v7e-m+dp/hard\libm.a(libm_a-e_fmod.o)
 .rodata.npio2_hw
                0x0800c8f0       0x80 C:/ST/STM32CubeIDE_1.17.0/STM32CubeIDE/plugins/com.st.stm32cube.ide.mcu.externaltools.gnu-tools-for-stm32.12.3.rel1.win32_1.1.0.202410251130/tools/bin/../lib/gcc/arm-none-eabi/12.3.1/../../../../arm-none-eabi/lib/thumb/v7e-m+dp/hard\libm.a(libm_a-e_rem_pio2.o)
 .rodata.two_over_pi
                0x0800c970      0x108 C:/ST/STM32CubeIDE_1.17.0/STM32CubeIDE/plugins/com.st.stm32cube.ide.mcu.externaltools.gnu-tools-for-stm32.12.3.rel1.win32_1.1.0.202410251130/tools/bin/../lib/gcc/arm-none-eabi/12.3.1/../../../../arm-none-eabi/lib/thumb/v7e-m+dp/hard\libm.a(libm_a-e_rem_pio2.o)
 .rodata.PIo2   0x0800ca78       0x40 C:/ST/STM32CubeIDE_1.17.0/STM32CubeIDE/plugins/com.st.stm32cube.ide.mcu.externaltools.gnu-tools-for-stm32.12.3.rel1.win32_1.1.0.202410251130/tools/bin/../lib/gcc/arm-none-eabi/12.3.1/../../../../arm-none-eabi/lib/thumb/v7e-m+dp/hard\libm.a(libm_a-k_rem_pio2.o)
 .rodata.init_jk
                0x0800cab8       0x10 C:/ST/STM32CubeIDE_1.17.0/STM32CubeIDE/plugins/com.st.stm32cube.ide.mcu.externaltools.gnu-tools-for-stm32.12.3.rel1.win32_1.1.0.202410251130/tools/bin/../lib/gcc/arm-none-eabi/12.3.1/../../../../arm-none-eabi/lib/thumb/v7e-m+dp/hard\libm.a(libm_a-k_rem_pio2.o)
                0x0800cac8                        . = ALIGN (0x4)

.ARM.extab
 *(.ARM.extab* .gnu.linkonce.armextab.*)

.ARM            0x0800cac8        0x0
                0x0800cac8                        __exidx_start = .
 *(.ARM.exidx*)
                0x0800cac8                        __exidx_end = .

.preinit_array  0x0800cac8        0x0
                0x0800cac8                        PROVIDE (__preinit_array_start = .)
 *(.preinit_array*)
                0x0800cac8                        PROVIDE (__preinit_array_end = .)

.init_array     0x0800cac8        0x4
                0x0800cac8                        PROVIDE (__init_array_start = .)
 *(SORT_BY_NAME(.init_array.*))
 *(.init_array*)
 .init_array    0x0800cac8        0x4 C:/ST/STM32CubeIDE_1.17.0/STM32CubeIDE/plugins/com.st.stm32cube.ide.mcu.externaltools.gnu-tools-for-stm32.12.3.rel1.win32_1.1.0.202410251130/tools/bin/../lib/gcc/arm-none-eabi/12.3.1/thumb/v7e-m+dp/hard/crtbegin.o
                0x0800cacc                        PROVIDE (__init_array_end = .)

.fini_array     0x0800cacc        0x4
                [!provide]                        PROVIDE (__fini_array_start = .)
 *(SORT_BY_NAME(.fini_array.*))
 *(.fini_array*)
 .fini_array    0x0800cacc        0x4 C:/ST/STM32CubeIDE_1.17.0/STM32CubeIDE/plugins/com.st.stm32cube.ide.mcu.externaltools.gnu-tools-for-stm32.12.3.rel1.win32_1.1.0.202410251130/tools/bin/../lib/gcc/arm-none-eabi/12.3.1/thumb/v7e-m+dp/hard/crtbegin.o
                [!provide]                        PROVIDE (__fini_array_end = .)
                0x0800cad0                        _sidata = LOADADDR (.data)

.rel.dyn        0x0800cad0        0x0
 .rel.iplt      0x0800cad0        0x0 C:/ST/STM32CubeIDE_1.17.0/STM32CubeIDE/plugins/com.st.stm32cube.ide.mcu.externaltools.gnu-tools-for-stm32.12.3.rel1.win32_1.1.0.202410251130/tools/bin/../lib/gcc/arm-none-eabi/12.3.1/thumb/v7e-m+dp/hard/crtbegin.o

.data           0x24000000       0xb0 load address 0x0800cad0
                0x24000000                        . = ALIGN (0x4)
                0x24000000                        _sdata = .
 *(.data)
 *(.data*)
 .data.VDC_i    0x24000000        0x4 ./Core/Src/main.o
                0x24000000                VDC_i
 .data.CCR_max_i
                0x24000004        0x4 ./Core/Src/main.o
                0x24000004                CCR_max_i
 .data.Id_ref_i
                0x24000008        0x4 ./Core/Src/main.o
                0x24000008                Id_ref_i
 .data.phasedelay_i
                0x2400000c        0x4 ./Core/Src/main.o
                0x2400000c                phasedelay_i
 .data.VOLTAGE_R_OFFSET
                0x24000010        0x4 ./Core/Src/main.o
                0x24000010                VOLTAGE_R_OFFSET
 .data.VOLTAGE_Y_OFFSET
                0x24000014        0x4 ./Core/Src/main.o
                0x24000014                VOLTAGE_Y_OFFSET
 .data.VOLTAGE_B_OFFSET
                0x24000018        0x4 ./Core/Src/main.o
                0x24000018                VOLTAGE_B_OFFSET
 .data.VOLTAGE_R_GAIN
                0x2400001c        0x4 ./Core/Src/main.o
                0x2400001c                VOLTAGE_R_GAIN
 .data.VOLTAGE_Y_GAIN
                0x24000020        0x4 ./Core/Src/main.o
                0x24000020                VOLTAGE_Y_GAIN
 .data.VOLTAGE_B_GAIN
                0x24000024        0x4 ./Core/Src/main.o
                0x24000024                VOLTAGE_B_GAIN
 .data.CURRENT_R_OFFSET
                0x24000028        0x4 ./Core/Src/main.o
                0x24000028                CURRENT_R_OFFSET
 .data.CURRENT_Y_OFFSET
                0x2400002c        0x4 ./Core/Src/main.o
                0x2400002c                CURRENT_Y_OFFSET
 .data.CURRENT_B_OFFSET
                0x24000030        0x4 ./Core/Src/main.o
                0x24000030                CURRENT_B_OFFSET
 .data.SystemCoreClock
                0x24000034        0x4 ./Core/Src/system_stm32h7xx.o
                0x24000034                SystemCoreClock
 .data.SystemD2Clock
                0x24000038        0x4 ./Core/Src/system_stm32h7xx.o
                0x24000038                SystemD2Clock
 .data.uwTickPrio
                0x2400003c        0x4 ./Drivers/STM32H7xx_HAL_Driver/Src/stm32h7xx_hal.o
                0x2400003c                uwTickPrio
 .data.uwTickFreq
                0x24000040        0x1 ./Drivers/STM32H7xx_HAL_Driver/Src/stm32h7xx_hal.o
                0x24000040                uwTickFreq
 *fill*         0x24000041        0x7 
 .data.rtNaN    0x24000048        0x8 ./Drivers/Simulink/TPGCI_STM32.o
                0x24000048                rtNaN
 .data.rtInf    0x24000050        0x8 ./Drivers/Simulink/TPGCI_STM32.o
                0x24000050                rtInf
 .data.rtMinusInf
                0x24000058        0x8 ./Drivers/Simulink/TPGCI_STM32.o
                0x24000058                rtMinusInf
 .data._impure_ptr
                0x24000060        0x4 C:/ST/STM32CubeIDE_1.17.0/STM32CubeIDE/plugins/com.st.stm32cube.ide.mcu.externaltools.gnu-tools-for-stm32.12.3.rel1.win32_1.1.0.202410251130/tools/bin/../lib/gcc/arm-none-eabi/12.3.1/../../../../arm-none-eabi/lib/thumb/v7e-m+dp/hard\libc_nano.a(libc_a-impure.o)
                0x24000060                _impure_ptr
 .data._impure_data
                0x24000064       0x4c C:/ST/STM32CubeIDE_1.17.0/STM32CubeIDE/plugins/com.st.stm32cube.ide.mcu.externaltools.gnu-tools-for-stm32.12.3.rel1.win32_1.1.0.202410251130/tools/bin/../lib/gcc/arm-none-eabi/12.3.1/../../../../arm-none-eabi/lib/thumb/v7e-m+dp/hard\libc_nano.a(libc_a-impure.o)
                0x24000064                _impure_data
 *(.RamFunc)
 *(.RamFunc*)
                0x240000b0                        . = ALIGN (0x4)
                0x240000b0                        _edata = .

.igot.plt       0x240000b0        0x0 load address 0x0800cb80
 .igot.plt      0x240000b0        0x0 C:/ST/STM32CubeIDE_1.17.0/STM32CubeIDE/plugins/com.st.stm32cube.ide.mcu.externaltools.gnu-tools-for-stm32.12.3.rel1.win32_1.1.0.202410251130/tools/bin/../lib/gcc/arm-none-eabi/12.3.1/thumb/v7e-m+dp/hard/crtbegin.o
                0x240000b0                        . = ALIGN (0x4)

.bss            0x240000b0      0x720 load address 0x0800cb80
                0x240000b0                        _sbss = .
                0x240000b0                        __bss_start__ = _sbss
 *(.bss)
 .bss           0x240000b0       0x1c C:/ST/STM32CubeIDE_1.17.0/STM32CubeIDE/plugins/com.st.stm32cube.ide.mcu.externaltools.gnu-tools-for-stm32.12.3.rel1.win32_1.1.0.202410251130/tools/bin/../lib/gcc/arm-none-eabi/12.3.1/thumb/v7e-m+dp/hard/crtbegin.o
 *(.bss*)
 .bss.hadc1     0x240000cc       0x70 ./Core/Src/main.o
                0x240000cc                hadc1
 .bss.hadc2     0x2400013c       0x70 ./Core/Src/main.o
                0x2400013c                hadc2
 .bss.hadc3     0x240001ac       0x70 ./Core/Src/main.o
                0x240001ac                hadc3
 .bss.hdma_adc1
                0x2400021c       0x78 ./Core/Src/main.o
                0x2400021c                hdma_adc1
 .bss.hdma_adc2
                0x24000294       0x78 ./Core/Src/main.o
                0x24000294                hdma_adc2
 .bss.hdma_adc3
                0x2400030c       0x78 ./Core/Src/main.o
                0x2400030c                hdma_adc3
 .bss.htim1     0x24000384       0x4c ./Core/Src/main.o
                0x24000384                htim1
 .bss.htim2     0x240003d0       0x4c ./Core/Src/main.o
                0x240003d0                htim2
 .bss.htim8     0x2400041c       0x4c ./Core/Src/main.o
                0x2400041c                htim8
 .bss.Iq_ref_i  0x24000468        0x4 ./Core/Src/main.o
                0x24000468                Iq_ref_i
 .bss.VOLTAGE_R_PHASE
                0x2400046c        0x4 ./Core/Src/main.o
                0x2400046c                VOLTAGE_R_PHASE
 .bss.VOLTAGE_Y_PHASE
                0x24000470        0x4 ./Core/Src/main.o
                0x24000470                VOLTAGE_Y_PHASE
 .bss.VOLTAGE_B_PHASE
                0x24000474        0x4 ./Core/Src/main.o
                0x24000474                VOLTAGE_B_PHASE
 .bss.CURRENT_R_PHASE
                0x24000478        0x4 ./Core/Src/main.o
                0x24000478                CURRENT_R_PHASE
 .bss.CURRENT_Y_PHASE
                0x2400047c        0x4 ./Core/Src/main.o
                0x2400047c                CURRENT_Y_PHASE
 .bss.CURRENT_B_PHASE
                0x24000480        0x4 ./Core/Src/main.o
                0x24000480                CURRENT_B_PHASE
 .bss.DC_Voltage
                0x24000484        0x4 ./Core/Src/main.o
                0x24000484                DC_Voltage
 .bss.DC_Current
                0x24000488        0x4 ./Core/Src/main.o
                0x24000488                DC_Current
 .bss.VoltageadcBuffer
                0x2400048c        0x6 ./Core/Src/main.o
                0x2400048c                VoltageadcBuffer
 *fill*         0x24000492        0x2 
 .bss.CurrentadcBuffer
                0x24000494        0x6 ./Core/Src/main.o
                0x24000494                CurrentadcBuffer
 *fill*         0x2400049a        0x2 
 .bss.DCSenseBuffer
                0x2400049c        0x4 ./Core/Src/main.o
                0x2400049c                DCSenseBuffer
 .bss.Tim1_check
                0x240004a0        0x4 ./Core/Src/main.o
                0x240004a0                Tim1_check
 .bss.Tim2_check
                0x240004a4        0x4 ./Core/Src/main.o
                0x240004a4                Tim2_check
 .bss.Tim8_check
                0x240004a8        0x4 ./Core/Src/main.o
                0x240004a8                Tim8_check
 .bss.ADC1_Check
                0x240004ac        0x4 ./Core/Src/main.o
                0x240004ac                ADC1_Check
 .bss.ADC2_Check
                0x240004b0        0x4 ./Core/Src/main.o
                0x240004b0                ADC2_Check
 .bss.ADC3_Check
                0x240004b4        0x4 ./Core/Src/main.o
                0x240004b4                ADC3_Check
 .bss.VoltageR_Input
                0x240004b8        0xc ./Core/Src/main.o
                0x240004b8                VoltageR_Input
 .bss.VoltageR_Output
                0x240004c4        0xc ./Core/Src/main.o
                0x240004c4                VoltageR_Output
 .bss.VoltageY_Input
                0x240004d0        0xc ./Core/Src/main.o
                0x240004d0                VoltageY_Input
 .bss.VoltageY_Output
                0x240004dc        0xc ./Core/Src/main.o
                0x240004dc                VoltageY_Output
 .bss.VoltageB_Input
                0x240004e8        0xc ./Core/Src/main.o
                0x240004e8                VoltageB_Input
 .bss.VoltageB_Output
                0x240004f4        0xc ./Core/Src/main.o
                0x240004f4                VoltageB_Output
 .bss.CurrentR_Input
                0x24000500        0xc ./Core/Src/main.o
                0x24000500                CurrentR_Input
 .bss.CurrentR_Output
                0x2400050c        0xc ./Core/Src/main.o
                0x2400050c                CurrentR_Output
 .bss.CurrentY_Input
                0x24000518        0xc ./Core/Src/main.o
                0x24000518                CurrentY_Input
 .bss.CurrentY_Output
                0x24000524        0xc ./Core/Src/main.o
                0x24000524                CurrentY_Output
 .bss.CurrentB_Input
                0x24000530        0xc ./Core/Src/main.o
                0x24000530                CurrentB_Input
 .bss.CurrentB_Output
                0x2400053c        0xc ./Core/Src/main.o
                0x2400053c                CurrentB_Output
 .bss.HAL_RCC_ADC12_CLK_ENABLED
                0x24000548        0x4 ./Core/Src/stm32h7xx_hal_msp.o
 .bss.uwTick    0x2400054c        0x4 ./Drivers/STM32H7xx_HAL_Driver/Src/stm32h7xx_hal.o
                0x2400054c                uwTick
 .bss.CCR_max   0x24000550        0x8 ./Drivers/Simulink/TPGCI_STM32.o
                0x24000550                CCR_max
 .bss.Freq      0x24000558        0x8 ./Drivers/Simulink/TPGCI_STM32.o
                0x24000558                Freq
 .bss.Ia_g      0x24000560        0x8 ./Drivers/Simulink/TPGCI_STM32.o
                0x24000560                Ia_g
 .bss.Ib_g      0x24000568        0x8 ./Drivers/Simulink/TPGCI_STM32.o
                0x24000568                Ib_g
 .bss.Ic_g      0x24000570        0x8 ./Drivers/Simulink/TPGCI_STM32.o
                0x24000570                Ic_g
 .bss.Id        0x24000578        0x8 ./Drivers/Simulink/TPGCI_STM32.o
                0x24000578                Id
 .bss.Id_ref    0x24000580        0x8 ./Drivers/Simulink/TPGCI_STM32.o
                0x24000580                Id_ref
 .bss.Iq        0x24000588        0x8 ./Drivers/Simulink/TPGCI_STM32.o
                0x24000588                Iq
 .bss.Iq_ref    0x24000590        0x8 ./Drivers/Simulink/TPGCI_STM32.o
                0x24000590                Iq_ref
 .bss.PWMch1    0x24000598        0x8 ./Drivers/Simulink/TPGCI_STM32.o
                0x24000598                PWMch1
 .bss.PWMch2    0x240005a0        0x8 ./Drivers/Simulink/TPGCI_STM32.o
                0x240005a0                PWMch2
 .bss.PWMch3    0x240005a8        0x8 ./Drivers/Simulink/TPGCI_STM32.o
                0x240005a8                PWMch3
 .bss.Theta_g   0x240005b0        0x8 ./Drivers/Simulink/TPGCI_STM32.o
                0x240005b0                Theta_g
 .bss.VDC       0x240005b8        0x8 ./Drivers/Simulink/TPGCI_STM32.o
                0x240005b8                VDC
 .bss.Va_g      0x240005c0        0x8 ./Drivers/Simulink/TPGCI_STM32.o
                0x240005c0                Va_g
 .bss.Vb_g      0x240005c8        0x8 ./Drivers/Simulink/TPGCI_STM32.o
                0x240005c8                Vb_g
 .bss.Vc_g      0x240005d0        0x8 ./Drivers/Simulink/TPGCI_STM32.o
                0x240005d0                Vc_g
 .bss.Vdc_cal   0x240005d8        0x8 ./Drivers/Simulink/TPGCI_STM32.o
                0x240005d8                Vdc_cal
 .bss.m_abc     0x240005e0       0x18 ./Drivers/Simulink/TPGCI_STM32.o
                0x240005e0                m_abc
 .bss.m_d       0x240005f8        0x8 ./Drivers/Simulink/TPGCI_STM32.o
                0x240005f8                m_d
 .bss.phasedelay
                0x24000600        0x8 ./Drivers/Simulink/TPGCI_STM32.o
                0x24000600                phasedelay
 .bss.pi_out    0x24000608        0x8 ./Drivers/Simulink/TPGCI_STM32.o
                0x24000608                pi_out
 .bss.rtDW      0x24000610       0x78 ./Drivers/Simulink/TPGCI_STM32.o
                0x24000610                rtDW
 .bss.rtY       0x24000688       0x10 ./Drivers/Simulink/TPGCI_STM32.o
                0x24000688                rtY
 .bss.__sf      0x24000698      0x138 C:/ST/STM32CubeIDE_1.17.0/STM32CubeIDE/plugins/com.st.stm32cube.ide.mcu.externaltools.gnu-tools-for-stm32.12.3.rel1.win32_1.1.0.202410251130/tools/bin/../lib/gcc/arm-none-eabi/12.3.1/../../../../arm-none-eabi/lib/thumb/v7e-m+dp/hard\libc_nano.a(libc_a-findfp.o)
                0x24000698                __sf
 *(COMMON)
                0x240007d0                        . = ALIGN (0x4)
                0x240007d0                        _ebss = .
                0x240007d0                        __bss_end__ = _ebss

._user_heap_stack
                0x240007d0      0x600 load address 0x0800cb80
                0x240007d0                        . = ALIGN (0x8)
                [!provide]                        PROVIDE (end = .)
                0x240007d0                        PROVIDE (_end = .)
                0x240009d0                        . = (. + _Min_Heap_Size)
 *fill*         0x240007d0      0x200 
                0x24000dd0                        . = (. + _Min_Stack_Size)
 *fill*         0x240009d0      0x400 
                0x24000dd0                        . = ALIGN (0x8)

/DISCARD/
 libc.a(*)
 libm.a(*)
 libgcc.a(*)

.ARM.attributes
                0x00000000       0x2e
 *(.ARM.attributes)
 .ARM.attributes
                0x00000000       0x20 C:/ST/STM32CubeIDE_1.17.0/STM32CubeIDE/plugins/com.st.stm32cube.ide.mcu.externaltools.gnu-tools-for-stm32.12.3.rel1.win32_1.1.0.202410251130/tools/bin/../lib/gcc/arm-none-eabi/12.3.1/thumb/v7e-m+dp/hard/crti.o
 .ARM.attributes
                0x00000020       0x32 C:/ST/STM32CubeIDE_1.17.0/STM32CubeIDE/plugins/com.st.stm32cube.ide.mcu.externaltools.gnu-tools-for-stm32.12.3.rel1.win32_1.1.0.202410251130/tools/bin/../lib/gcc/arm-none-eabi/12.3.1/thumb/v7e-m+dp/hard/crtbegin.o
 .ARM.attributes
                0x00000052       0x32 ./Core/Src/butterworth_filter.o
 .ARM.attributes
                0x00000084       0x32 ./Core/Src/main.o
 .ARM.attributes
                0x000000b6       0x32 ./Core/Src/stm32h7xx_hal_msp.o
 .ARM.attributes
                0x000000e8       0x32 ./Core/Src/stm32h7xx_it.o
 .ARM.attributes
                0x0000011a       0x32 ./Core/Src/system_stm32h7xx.o
 .ARM.attributes
                0x0000014c       0x21 ./Core/Startup/startup_stm32h723zgtx.o
 .ARM.attributes
                0x0000016d       0x32 ./Drivers/STM32H7xx_HAL_Driver/Src/stm32h7xx_hal.o
 .ARM.attributes
                0x0000019f       0x32 ./Drivers/STM32H7xx_HAL_Driver/Src/stm32h7xx_hal_adc.o
 .ARM.attributes
                0x000001d1       0x32 ./Drivers/STM32H7xx_HAL_Driver/Src/stm32h7xx_hal_adc_ex.o
 .ARM.attributes
                0x00000203       0x32 ./Drivers/STM32H7xx_HAL_Driver/Src/stm32h7xx_hal_cortex.o
 .ARM.attributes
                0x00000235       0x32 ./Drivers/STM32H7xx_HAL_Driver/Src/stm32h7xx_hal_dma.o
 .ARM.attributes
                0x00000267       0x32 ./Drivers/STM32H7xx_HAL_Driver/Src/stm32h7xx_hal_gpio.o
 .ARM.attributes
                0x00000299       0x32 ./Drivers/STM32H7xx_HAL_Driver/Src/stm32h7xx_hal_pwr_ex.o
 .ARM.attributes
                0x000002cb       0x32 ./Drivers/STM32H7xx_HAL_Driver/Src/stm32h7xx_hal_rcc.o
 .ARM.attributes
                0x000002fd       0x32 ./Drivers/STM32H7xx_HAL_Driver/Src/stm32h7xx_hal_rcc_ex.o
 .ARM.attributes
                0x0000032f       0x32 ./Drivers/STM32H7xx_HAL_Driver/Src/stm32h7xx_hal_tim.o
 .ARM.attributes
                0x00000361       0x32 ./Drivers/STM32H7xx_HAL_Driver/Src/stm32h7xx_hal_tim_ex.o
 .ARM.attributes
                0x00000393       0x32 ./Drivers/Simulink/TPGCI_STM32.o
 .ARM.attributes
                0x000003c5       0x32 ./Drivers/Simulink/TPGCI_STM32_data.o
 .ARM.attributes
                0x000003f7       0x32 C:/ST/STM32CubeIDE_1.17.0/STM32CubeIDE/plugins/com.st.stm32cube.ide.mcu.externaltools.gnu-tools-for-stm32.12.3.rel1.win32_1.1.0.202410251130/tools/bin/../lib/gcc/arm-none-eabi/12.3.1/../../../../arm-none-eabi/lib/thumb/v7e-m+dp/hard\libc_nano.a(libc_a-findfp.o)
 .ARM.attributes
                0x00000429       0x32 C:/ST/STM32CubeIDE_1.17.0/STM32CubeIDE/plugins/com.st.stm32cube.ide.mcu.externaltools.gnu-tools-for-stm32.12.3.rel1.win32_1.1.0.202410251130/tools/bin/../lib/gcc/arm-none-eabi/12.3.1/../../../../arm-none-eabi/lib/thumb/v7e-m+dp/hard\libc_nano.a(libc_a-memset.o)
 .ARM.attributes
                0x0000045b       0x32 C:/ST/STM32CubeIDE_1.17.0/STM32CubeIDE/plugins/com.st.stm32cube.ide.mcu.externaltools.gnu-tools-for-stm32.12.3.rel1.win32_1.1.0.202410251130/tools/bin/../lib/gcc/arm-none-eabi/12.3.1/../../../../arm-none-eabi/lib/thumb/v7e-m+dp/hard\libc_nano.a(libc_a-impure.o)
 .ARM.attributes
                0x0000048d       0x32 C:/ST/STM32CubeIDE_1.17.0/STM32CubeIDE/plugins/com.st.stm32cube.ide.mcu.externaltools.gnu-tools-for-stm32.12.3.rel1.win32_1.1.0.202410251130/tools/bin/../lib/gcc/arm-none-eabi/12.3.1/../../../../arm-none-eabi/lib/thumb/v7e-m+dp/hard\libc_nano.a(libc_a-errno.o)
 .ARM.attributes
                0x000004bf       0x32 C:/ST/STM32CubeIDE_1.17.0/STM32CubeIDE/plugins/com.st.stm32cube.ide.mcu.externaltools.gnu-tools-for-stm32.12.3.rel1.win32_1.1.0.202410251130/tools/bin/../lib/gcc/arm-none-eabi/12.3.1/../../../../arm-none-eabi/lib/thumb/v7e-m+dp/hard\libc_nano.a(libc_a-init.o)
 .ARM.attributes
                0x000004f1       0x32 C:/ST/STM32CubeIDE_1.17.0/STM32CubeIDE/plugins/com.st.stm32cube.ide.mcu.externaltools.gnu-tools-for-stm32.12.3.rel1.win32_1.1.0.202410251130/tools/bin/../lib/gcc/arm-none-eabi/12.3.1/../../../../arm-none-eabi/lib/thumb/v7e-m+dp/hard\libm.a(libm_a-w_fmod.o)
 .ARM.attributes
                0x00000523       0x32 C:/ST/STM32CubeIDE_1.17.0/STM32CubeIDE/plugins/com.st.stm32cube.ide.mcu.externaltools.gnu-tools-for-stm32.12.3.rel1.win32_1.1.0.202410251130/tools/bin/../lib/gcc/arm-none-eabi/12.3.1/../../../../arm-none-eabi/lib/thumb/v7e-m+dp/hard\libm.a(libm_a-w_sqrt.o)
 .ARM.attributes
                0x00000555       0x32 C:/ST/STM32CubeIDE_1.17.0/STM32CubeIDE/plugins/com.st.stm32cube.ide.mcu.externaltools.gnu-tools-for-stm32.12.3.rel1.win32_1.1.0.202410251130/tools/bin/../lib/gcc/arm-none-eabi/12.3.1/../../../../arm-none-eabi/lib/thumb/v7e-m+dp/hard\libm.a(libm_a-s_cos.o)
 .ARM.attributes
                0x00000587       0x32 C:/ST/STM32CubeIDE_1.17.0/STM32CubeIDE/plugins/com.st.stm32cube.ide.mcu.externaltools.gnu-tools-for-stm32.12.3.rel1.win32_1.1.0.202410251130/tools/bin/../lib/gcc/arm-none-eabi/12.3.1/../../../../arm-none-eabi/lib/thumb/v7e-m+dp/hard\libm.a(libm_a-s_sin.o)
 .ARM.attributes
                0x000005b9       0x32 C:/ST/STM32CubeIDE_1.17.0/STM32CubeIDE/plugins/com.st.stm32cube.ide.mcu.externaltools.gnu-tools-for-stm32.12.3.rel1.win32_1.1.0.202410251130/tools/bin/../lib/gcc/arm-none-eabi/12.3.1/../../../../arm-none-eabi/lib/thumb/v7e-m+dp/hard\libm.a(libm_a-e_sqrt.o)
 .ARM.attributes
                0x000005eb       0x32 C:/ST/STM32CubeIDE_1.17.0/STM32CubeIDE/plugins/com.st.stm32cube.ide.mcu.externaltools.gnu-tools-for-stm32.12.3.rel1.win32_1.1.0.202410251130/tools/bin/../lib/gcc/arm-none-eabi/12.3.1/../../../../arm-none-eabi/lib/thumb/v7e-m+dp/hard\libm.a(libm_a-s_floor.o)
 .ARM.attributes
                0x0000061d       0x32 C:/ST/STM32CubeIDE_1.17.0/STM32CubeIDE/plugins/com.st.stm32cube.ide.mcu.externaltools.gnu-tools-for-stm32.12.3.rel1.win32_1.1.0.202410251130/tools/bin/../lib/gcc/arm-none-eabi/12.3.1/../../../../arm-none-eabi/lib/thumb/v7e-m+dp/hard\libm.a(libm_a-k_cos.o)
 .ARM.attributes
                0x0000064f       0x32 C:/ST/STM32CubeIDE_1.17.0/STM32CubeIDE/plugins/com.st.stm32cube.ide.mcu.externaltools.gnu-tools-for-stm32.12.3.rel1.win32_1.1.0.202410251130/tools/bin/../lib/gcc/arm-none-eabi/12.3.1/../../../../arm-none-eabi/lib/thumb/v7e-m+dp/hard\libm.a(libm_a-k_sin.o)
 .ARM.attributes
                0x00000681       0x32 C:/ST/STM32CubeIDE_1.17.0/STM32CubeIDE/plugins/com.st.stm32cube.ide.mcu.externaltools.gnu-tools-for-stm32.12.3.rel1.win32_1.1.0.202410251130/tools/bin/../lib/gcc/arm-none-eabi/12.3.1/../../../../arm-none-eabi/lib/thumb/v7e-m+dp/hard\libm.a(libm_a-e_fmod.o)
 .ARM.attributes
                0x000006b3       0x32 C:/ST/STM32CubeIDE_1.17.0/STM32CubeIDE/plugins/com.st.stm32cube.ide.mcu.externaltools.gnu-tools-for-stm32.12.3.rel1.win32_1.1.0.202410251130/tools/bin/../lib/gcc/arm-none-eabi/12.3.1/../../../../arm-none-eabi/lib/thumb/v7e-m+dp/hard\libm.a(libm_a-e_rem_pio2.o)
 .ARM.attributes
                0x000006e5       0x32 C:/ST/STM32CubeIDE_1.17.0/STM32CubeIDE/plugins/com.st.stm32cube.ide.mcu.externaltools.gnu-tools-for-stm32.12.3.rel1.win32_1.1.0.202410251130/tools/bin/../lib/gcc/arm-none-eabi/12.3.1/../../../../arm-none-eabi/lib/thumb/v7e-m+dp/hard\libm.a(libm_a-s_fabs.o)
 .ARM.attributes
                0x00000717       0x32 C:/ST/STM32CubeIDE_1.17.0/STM32CubeIDE/plugins/com.st.stm32cube.ide.mcu.externaltools.gnu-tools-for-stm32.12.3.rel1.win32_1.1.0.202410251130/tools/bin/../lib/gcc/arm-none-eabi/12.3.1/../../../../arm-none-eabi/lib/thumb/v7e-m+dp/hard\libm.a(libm_a-k_rem_pio2.o)
 .ARM.attributes
                0x00000749       0x32 C:/ST/STM32CubeIDE_1.17.0/STM32CubeIDE/plugins/com.st.stm32cube.ide.mcu.externaltools.gnu-tools-for-stm32.12.3.rel1.win32_1.1.0.202410251130/tools/bin/../lib/gcc/arm-none-eabi/12.3.1/../../../../arm-none-eabi/lib/thumb/v7e-m+dp/hard\libm.a(libm_a-s_scalbn.o)
 .ARM.attributes
                0x0000077b       0x20 C:/ST/STM32CubeIDE_1.17.0/STM32CubeIDE/plugins/com.st.stm32cube.ide.mcu.externaltools.gnu-tools-for-stm32.12.3.rel1.win32_1.1.0.202410251130/tools/bin/../lib/gcc/arm-none-eabi/12.3.1/thumb/v7e-m+dp/hard/crtn.o
OUTPUT(TPGCI.elf elf32-littlearm)
LOAD linker stubs
LOAD C:/ST/STM32CubeIDE_1.17.0/STM32CubeIDE/plugins/com.st.stm32cube.ide.mcu.externaltools.gnu-tools-for-stm32.12.3.rel1.win32_1.1.0.202410251130/tools/bin/../lib/gcc/arm-none-eabi/12.3.1/../../../../arm-none-eabi/lib/thumb/v7e-m+dp/hard\libc.a
LOAD C:/ST/STM32CubeIDE_1.17.0/STM32CubeIDE/plugins/com.st.stm32cube.ide.mcu.externaltools.gnu-tools-for-stm32.12.3.rel1.win32_1.1.0.202410251130/tools/bin/../lib/gcc/arm-none-eabi/12.3.1/../../../../arm-none-eabi/lib/thumb/v7e-m+dp/hard\libm.a
LOAD C:/ST/STM32CubeIDE_1.17.0/STM32CubeIDE/plugins/com.st.stm32cube.ide.mcu.externaltools.gnu-tools-for-stm32.12.3.rel1.win32_1.1.0.202410251130/tools/bin/../lib/gcc/arm-none-eabi/12.3.1/thumb/v7e-m+dp/hard\libgcc.a

.debug_info     0x00000000    0x15736
 .debug_info    0x00000000       0xcf ./Core/Src/butterworth_filter.o
 .debug_info    0x000000cf     0x278d ./Core/Src/main.o
 .debug_info    0x0000285c     0x1863 ./Core/Src/stm32h7xx_hal_msp.o
 .debug_info    0x000040bf      0x8b2 ./Core/Src/stm32h7xx_it.o
 .debug_info    0x00004971      0xbf0 ./Core/Src/system_stm32h7xx.o
 .debug_info    0x00005561       0x30 ./Core/Startup/startup_stm32h723zgtx.o
 .debug_info    0x00005591     0x1698 ./Drivers/STM32H7xx_HAL_Driver/Src/stm32h7xx_hal.o
 .debug_info    0x00006c29     0x2320 ./Drivers/STM32H7xx_HAL_Driver/Src/stm32h7xx_hal_adc.o
 .debug_info    0x00008f49     0x22fa ./Drivers/STM32H7xx_HAL_Driver/Src/stm32h7xx_hal_adc_ex.o
 .debug_info    0x0000b243     0x10a5 ./Drivers/STM32H7xx_HAL_Driver/Src/stm32h7xx_hal_cortex.o
 .debug_info    0x0000c2e8      0xb71 ./Drivers/STM32H7xx_HAL_Driver/Src/stm32h7xx_hal_dma.o
 .debug_info    0x0000ce59      0xc6b ./Drivers/STM32H7xx_HAL_Driver/Src/stm32h7xx_hal_gpio.o
 .debug_info    0x0000dac4      0xdce ./Drivers/STM32H7xx_HAL_Driver/Src/stm32h7xx_hal_pwr_ex.o
 .debug_info    0x0000e892      0xd82 ./Drivers/STM32H7xx_HAL_Driver/Src/stm32h7xx_hal_rcc.o
 .debug_info    0x0000f614     0x120b ./Drivers/STM32H7xx_HAL_Driver/Src/stm32h7xx_hal_rcc_ex.o
 .debug_info    0x0001081f     0x2bae ./Drivers/STM32H7xx_HAL_Driver/Src/stm32h7xx_hal_tim.o
 .debug_info    0x000133cd     0x18c1 ./Drivers/STM32H7xx_HAL_Driver/Src/stm32h7xx_hal_tim_ex.o
 .debug_info    0x00014c8e      0x961 ./Drivers/Simulink/TPGCI_STM32.o
 .debug_info    0x000155ef      0x147 ./Drivers/Simulink/TPGCI_STM32_data.o

.debug_abbrev   0x00000000     0x292f
 .debug_abbrev  0x00000000       0x76 ./Core/Src/butterworth_filter.o
 .debug_abbrev  0x00000076      0x33f ./Core/Src/main.o
 .debug_abbrev  0x000003b5      0x279 ./Core/Src/stm32h7xx_hal_msp.o
 .debug_abbrev  0x0000062e      0x1ad ./Core/Src/stm32h7xx_it.o
 .debug_abbrev  0x000007db      0x153 ./Core/Src/system_stm32h7xx.o
 .debug_abbrev  0x0000092e       0x24 ./Core/Startup/startup_stm32h723zgtx.o
 .debug_abbrev  0x00000952      0x29e ./Drivers/STM32H7xx_HAL_Driver/Src/stm32h7xx_hal.o
 .debug_abbrev  0x00000bf0      0x307 ./Drivers/STM32H7xx_HAL_Driver/Src/stm32h7xx_hal_adc.o
 .debug_abbrev  0x00000ef7      0x345 ./Drivers/STM32H7xx_HAL_Driver/Src/stm32h7xx_hal_adc_ex.o
 .debug_abbrev  0x0000123c      0x339 ./Drivers/STM32H7xx_HAL_Driver/Src/stm32h7xx_hal_cortex.o
 .debug_abbrev  0x00001575      0x248 ./Drivers/STM32H7xx_HAL_Driver/Src/stm32h7xx_hal_dma.o
 .debug_abbrev  0x000017bd      0x205 ./Drivers/STM32H7xx_HAL_Driver/Src/stm32h7xx_hal_gpio.o
 .debug_abbrev  0x000019c2      0x295 ./Drivers/STM32H7xx_HAL_Driver/Src/stm32h7xx_hal_pwr_ex.o
 .debug_abbrev  0x00001c57      0x2b1 ./Drivers/STM32H7xx_HAL_Driver/Src/stm32h7xx_hal_rcc.o
 .debug_abbrev  0x00001f08      0x269 ./Drivers/STM32H7xx_HAL_Driver/Src/stm32h7xx_hal_rcc_ex.o
 .debug_abbrev  0x00002171      0x276 ./Drivers/STM32H7xx_HAL_Driver/Src/stm32h7xx_hal_tim.o
 .debug_abbrev  0x000023e7      0x296 ./Drivers/STM32H7xx_HAL_Driver/Src/stm32h7xx_hal_tim_ex.o
 .debug_abbrev  0x0000267d      0x219 ./Drivers/Simulink/TPGCI_STM32.o
 .debug_abbrev  0x00002896       0x99 ./Drivers/Simulink/TPGCI_STM32_data.o

.debug_aranges  0x00000000     0x12f8
 .debug_aranges
                0x00000000       0x20 ./Core/Src/butterworth_filter.o
 .debug_aranges
                0x00000020       0x90 ./Core/Src/main.o
 .debug_aranges
                0x000000b0       0x48 ./Core/Src/stm32h7xx_hal_msp.o
 .debug_aranges
                0x000000f8       0x90 ./Core/Src/stm32h7xx_it.o
 .debug_aranges
                0x00000188       0x30 ./Core/Src/system_stm32h7xx.o
 .debug_aranges
                0x000001b8       0x28 ./Core/Startup/startup_stm32h723zgtx.o
 .debug_aranges
                0x000001e0      0x1c8 ./Drivers/STM32H7xx_HAL_Driver/Src/stm32h7xx_hal.o
 .debug_aranges
                0x000003a8      0x268 ./Drivers/STM32H7xx_HAL_Driver/Src/stm32h7xx_hal_adc.o
 .debug_aranges
                0x00000610      0x1f8 ./Drivers/STM32H7xx_HAL_Driver/Src/stm32h7xx_hal_adc_ex.o
 .debug_aranges
                0x00000808      0x130 ./Drivers/STM32H7xx_HAL_Driver/Src/stm32h7xx_hal_cortex.o
 .debug_aranges
                0x00000938       0xa0 ./Drivers/STM32H7xx_HAL_Driver/Src/stm32h7xx_hal_dma.o
 .debug_aranges
                0x000009d8       0x58 ./Drivers/STM32H7xx_HAL_Driver/Src/stm32h7xx_hal_gpio.o
 .debug_aranges
                0x00000a30      0x148 ./Drivers/STM32H7xx_HAL_Driver/Src/stm32h7xx_hal_pwr_ex.o
 .debug_aranges
                0x00000b78       0x88 ./Drivers/STM32H7xx_HAL_Driver/Src/stm32h7xx_hal_rcc.o
 .debug_aranges
                0x00000c00       0xf8 ./Drivers/STM32H7xx_HAL_Driver/Src/stm32h7xx_hal_rcc_ex.o
 .debug_aranges
                0x00000cf8      0x3e0 ./Drivers/STM32H7xx_HAL_Driver/Src/stm32h7xx_hal_tim.o
 .debug_aranges
                0x000010d8      0x198 ./Drivers/STM32H7xx_HAL_Driver/Src/stm32h7xx_hal_tim_ex.o
 .debug_aranges
                0x00001270       0x70 ./Drivers/Simulink/TPGCI_STM32.o
 .debug_aranges
                0x000012e0       0x18 ./Drivers/Simulink/TPGCI_STM32_data.o

.debug_rnglists
                0x00000000      0xe9c
 .debug_rnglists
                0x00000000       0x14 ./Core/Src/butterworth_filter.o
 .debug_rnglists
                0x00000014       0x73 ./Core/Src/main.o
 .debug_rnglists
                0x00000087       0x36 ./Core/Src/stm32h7xx_hal_msp.o
 .debug_rnglists
                0x000000bd       0x67 ./Core/Src/stm32h7xx_it.o
 .debug_rnglists
                0x00000124       0x21 ./Core/Src/system_stm32h7xx.o
 .debug_rnglists
                0x00000145       0x19 ./Core/Startup/startup_stm32h723zgtx.o
 .debug_rnglists
                0x0000015e      0x155 ./Drivers/STM32H7xx_HAL_Driver/Src/stm32h7xx_hal.o
 .debug_rnglists
                0x000002b3      0x1db ./Drivers/STM32H7xx_HAL_Driver/Src/stm32h7xx_hal_adc.o
 .debug_rnglists
                0x0000048e      0x188 ./Drivers/STM32H7xx_HAL_Driver/Src/stm32h7xx_hal_adc_ex.o
 .debug_rnglists
                0x00000616       0xe0 ./Drivers/STM32H7xx_HAL_Driver/Src/stm32h7xx_hal_cortex.o
 .debug_rnglists
                0x000006f6       0x82 ./Drivers/STM32H7xx_HAL_Driver/Src/stm32h7xx_hal_dma.o
 .debug_rnglists
                0x00000778       0x3f ./Drivers/STM32H7xx_HAL_Driver/Src/stm32h7xx_hal_gpio.o
 .debug_rnglists
                0x000007b7       0xf5 ./Drivers/STM32H7xx_HAL_Driver/Src/stm32h7xx_hal_pwr_ex.o
 .debug_rnglists
                0x000008ac       0x68 ./Drivers/STM32H7xx_HAL_Driver/Src/stm32h7xx_hal_rcc.o
 .debug_rnglists
                0x00000914       0xc0 ./Drivers/STM32H7xx_HAL_Driver/Src/stm32h7xx_hal_rcc_ex.o
 .debug_rnglists
                0x000009d4      0x328 ./Drivers/STM32H7xx_HAL_Driver/Src/stm32h7xx_hal_tim.o
 .debug_rnglists
                0x00000cfc      0x14d ./Drivers/STM32H7xx_HAL_Driver/Src/stm32h7xx_hal_tim_ex.o
 .debug_rnglists
                0x00000e49       0x53 ./Drivers/Simulink/TPGCI_STM32.o

.debug_macro    0x00000000    0x3473e
 .debug_macro   0x00000000       0x72 ./Core/Src/butterworth_filter.o
 .debug_macro   0x00000072      0xad2 ./Core/Src/butterworth_filter.o
 .debug_macro   0x00000b44       0x22 ./Core/Src/butterworth_filter.o
 .debug_macro   0x00000b66       0x8e ./Core/Src/butterworth_filter.o
 .debug_macro   0x00000bf4       0x51 ./Core/Src/butterworth_filter.o
 .debug_macro   0x00000c45      0x103 ./Core/Src/butterworth_filter.o
 .debug_macro   0x00000d48       0x6a ./Core/Src/butterworth_filter.o
 .debug_macro   0x00000db2      0x1df ./Core/Src/butterworth_filter.o
 .debug_macro   0x00000f91       0x22 ./Core/Src/butterworth_filter.o
 .debug_macro   0x00000fb3      0x2e1 ./Core/Src/main.o
 .debug_macro   0x00001294      0x238 ./Core/Src/main.o
 .debug_macro   0x000014cc       0x2e ./Core/Src/main.o
 .debug_macro   0x000014fa       0x3b ./Core/Src/main.o
 .debug_macro   0x00001535       0x1c ./Core/Src/main.o
 .debug_macro   0x00001551       0x22 ./Core/Src/main.o
 .debug_macro   0x00001573       0xfb ./Core/Src/main.o
 .debug_macro   0x0000166e     0x1305 ./Core/Src/main.o
 .debug_macro   0x00002973      0x11f ./Core/Src/main.o
 .debug_macro   0x00002a92       0x27 ./Core/Src/main.o
 .debug_macro   0x00002ab9    0x216c1 ./Core/Src/main.o
 .debug_macro   0x0002417a       0x6d ./Core/Src/main.o
 .debug_macro   0x000241e7     0x3d64 ./Core/Src/main.o
 .debug_macro   0x00027f4b      0x189 ./Core/Src/main.o
 .debug_macro   0x000280d4       0x61 ./Core/Src/main.o
 .debug_macro   0x00028135       0x29 ./Core/Src/main.o
 .debug_macro   0x0002815e       0x43 ./Core/Src/main.o
 .debug_macro   0x000281a1       0x34 ./Core/Src/main.o
 .debug_macro   0x000281d5       0x16 ./Core/Src/main.o
 .debug_macro   0x000281eb       0x43 ./Core/Src/main.o
 .debug_macro   0x0002822e       0x34 ./Core/Src/main.o
 .debug_macro   0x00028262       0x10 ./Core/Src/main.o
 .debug_macro   0x00028272       0x58 ./Core/Src/main.o
 .debug_macro   0x000282ca       0x8e ./Core/Src/main.o
 .debug_macro   0x00028358       0x1c ./Core/Src/main.o
 .debug_macro   0x00028374      0x177 ./Core/Src/main.o
 .debug_macro   0x000284eb      0x369 ./Core/Src/main.o
 .debug_macro   0x00028854      0x19b ./Core/Src/main.o
 .debug_macro   0x000289ef       0x5d ./Core/Src/main.o
 .debug_macro   0x00028a4c     0x2462 ./Core/Src/main.o
 .debug_macro   0x0002aeae     0x1079 ./Core/Src/main.o
 .debug_macro   0x0002bf27      0x154 ./Core/Src/main.o
 .debug_macro   0x0002c07b      0x114 ./Core/Src/main.o
 .debug_macro   0x0002c18f      0x3fc ./Core/Src/main.o
 .debug_macro   0x0002c58b       0xac ./Core/Src/main.o
 .debug_macro   0x0002c637      0x788 ./Core/Src/main.o
 .debug_macro   0x0002cdbf      0x228 ./Core/Src/main.o
 .debug_macro   0x0002cfe7       0x66 ./Core/Src/main.o
 .debug_macro   0x0002d04d      0x3a6 ./Core/Src/main.o
 .debug_macro   0x0002d3f3      0x3f9 ./Core/Src/main.o
 .debug_macro   0x0002d7ec      0x275 ./Core/Src/main.o
 .debug_macro   0x0002da61     0x1178 ./Core/Src/main.o
 .debug_macro   0x0002ebd9      0x7c8 ./Core/Src/main.o
 .debug_macro   0x0002f3a1      0x3bb ./Core/Src/main.o
 .debug_macro   0x0002f75c      0x3ca ./Core/Src/main.o
 .debug_macro   0x0002fb26      0x45c ./Core/Src/main.o
 .debug_macro   0x0002ff82       0x3c ./Core/Src/main.o
 .debug_macro   0x0002ffbe       0x4a ./Core/Src/main.o
 .debug_macro   0x00030008      0x22c ./Core/Src/main.o
 .debug_macro   0x00030234       0x67 ./Core/Src/main.o
 .debug_macro   0x0003029b       0xa5 ./Core/Src/main.o
 .debug_macro   0x00030340      0x1c4 ./Core/Src/main.o
 .debug_macro   0x00030504      0x22a ./Core/Src/main.o
 .debug_macro   0x0003072e       0x35 ./Core/Src/main.o
 .debug_macro   0x00030763      0xb24 ./Core/Src/main.o
 .debug_macro   0x00031287      0x29f ./Core/Src/main.o
 .debug_macro   0x00031526      0x5f2 ./Core/Src/main.o
 .debug_macro   0x00031b18       0x28 ./Core/Src/main.o
 .debug_macro   0x00031b40       0x10 ./Core/Src/main.o
 .debug_macro   0x00031b50       0x22 ./Core/Src/main.o
 .debug_macro   0x00031b72       0x10 ./Core/Src/main.o
 .debug_macro   0x00031b82      0x2c1 ./Core/Src/stm32h7xx_hal_msp.o
 .debug_macro   0x00031e43      0x2cb ./Core/Src/stm32h7xx_it.o
 .debug_macro   0x0003210e      0x2b7 ./Core/Src/system_stm32h7xx.o
 .debug_macro   0x000323c5      0x2e1 ./Drivers/STM32H7xx_HAL_Driver/Src/stm32h7xx_hal.o
 .debug_macro   0x000326a6      0x2e2 ./Drivers/STM32H7xx_HAL_Driver/Src/stm32h7xx_hal_adc.o
 .debug_macro   0x00032988      0x2c3 ./Drivers/STM32H7xx_HAL_Driver/Src/stm32h7xx_hal_adc_ex.o
 .debug_macro   0x00032c4b      0x2b7 ./Drivers/STM32H7xx_HAL_Driver/Src/stm32h7xx_hal_cortex.o
 .debug_macro   0x00032f02      0x30b ./Drivers/STM32H7xx_HAL_Driver/Src/stm32h7xx_hal_dma.o
 .debug_macro   0x0003320d      0x2be ./Drivers/STM32H7xx_HAL_Driver/Src/stm32h7xx_hal_gpio.o
 .debug_macro   0x000334cb      0x2f0 ./Drivers/STM32H7xx_HAL_Driver/Src/stm32h7xx_hal_pwr_ex.o
 .debug_macro   0x000337bb      0x2db ./Drivers/STM32H7xx_HAL_Driver/Src/stm32h7xx_hal_rcc.o
 .debug_macro   0x00033a96      0x2d5 ./Drivers/STM32H7xx_HAL_Driver/Src/stm32h7xx_hal_rcc_ex.o
 .debug_macro   0x00033d6b      0x2b8 ./Drivers/STM32H7xx_HAL_Driver/Src/stm32h7xx_hal_tim.o
 .debug_macro   0x00034023      0x2bd ./Drivers/STM32H7xx_HAL_Driver/Src/stm32h7xx_hal_tim_ex.o
 .debug_macro   0x000342e0      0x133 ./Drivers/Simulink/TPGCI_STM32.o
 .debug_macro   0x00034413      0x201 ./Drivers/Simulink/TPGCI_STM32.o
 .debug_macro   0x00034614      0x12a ./Drivers/Simulink/TPGCI_STM32_data.o

.debug_line     0x00000000    0x182db
 .debug_line    0x00000000      0x485 ./Core/Src/butterworth_filter.o
 .debug_line    0x00000485      0xecb ./Core/Src/main.o
 .debug_line    0x00001350      0xb0a ./Core/Src/stm32h7xx_hal_msp.o
 .debug_line    0x00001e5a      0xa41 ./Core/Src/stm32h7xx_it.o
 .debug_line    0x0000289b      0xae0 ./Core/Src/system_stm32h7xx.o
 .debug_line    0x0000337b       0x7b ./Core/Startup/startup_stm32h723zgtx.o
 .debug_line    0x000033f6      0xf30 ./Drivers/STM32H7xx_HAL_Driver/Src/stm32h7xx_hal.o
 .debug_line    0x00004326     0x2865 ./Drivers/STM32H7xx_HAL_Driver/Src/stm32h7xx_hal_adc.o
 .debug_line    0x00006b8b     0x233a ./Drivers/STM32H7xx_HAL_Driver/Src/stm32h7xx_hal_adc_ex.o
 .debug_line    0x00008ec5      0xece ./Drivers/STM32H7xx_HAL_Driver/Src/stm32h7xx_hal_cortex.o
 .debug_line    0x00009d93     0x2805 ./Drivers/STM32H7xx_HAL_Driver/Src/stm32h7xx_hal_dma.o
 .debug_line    0x0000c598      0xd63 ./Drivers/STM32H7xx_HAL_Driver/Src/stm32h7xx_hal_gpio.o
 .debug_line    0x0000d2fb      0xf1d ./Drivers/STM32H7xx_HAL_Driver/Src/stm32h7xx_hal_pwr_ex.o
 .debug_line    0x0000e218     0x13c6 ./Drivers/STM32H7xx_HAL_Driver/Src/stm32h7xx_hal_rcc.o
 .debug_line    0x0000f5de     0x1d13 ./Drivers/STM32H7xx_HAL_Driver/Src/stm32h7xx_hal_rcc_ex.o
 .debug_line    0x000112f1     0x40b9 ./Drivers/STM32H7xx_HAL_Driver/Src/stm32h7xx_hal_tim.o
 .debug_line    0x000153aa     0x1f93 ./Drivers/STM32H7xx_HAL_Driver/Src/stm32h7xx_hal_tim_ex.o
 .debug_line    0x0001733d      0xa35 ./Drivers/Simulink/TPGCI_STM32.o
 .debug_line    0x00017d72      0x569 ./Drivers/Simulink/TPGCI_STM32_data.o

.debug_str      0x00000000   0x15d38b
 .debug_str     0x00000000     0x3c96 ./Core/Src/butterworth_filter.o
                               0x3dfc (size before relaxing)
 .debug_str     0x00003c96   0x153d98 ./Core/Src/main.o
                             0x158338 (size before relaxing)
 .debug_str     0x00157a2e      0x180 ./Core/Src/stm32h7xx_hal_msp.o
                             0x1574b1 (size before relaxing)
 .debug_str     0x00157bae      0x160 ./Core/Src/stm32h7xx_it.o
                             0x1566d6 (size before relaxing)
 .debug_str     0x00157d0e      0x2b1 ./Core/Src/system_stm32h7xx.o
                             0x15642b (size before relaxing)
 .debug_str     0x00157fbf       0x44 ./Core/Startup/startup_stm32h723zgtx.o
                                 0x68 (size before relaxing)
 .debug_str     0x00158003      0x990 ./Drivers/STM32H7xx_HAL_Driver/Src/stm32h7xx_hal.o
                             0x157476 (size before relaxing)
 .debug_str     0x00158993      0xc99 ./Drivers/STM32H7xx_HAL_Driver/Src/stm32h7xx_hal_adc.o
                             0x15749b (size before relaxing)
 .debug_str     0x0015962c      0x7d8 ./Drivers/STM32H7xx_HAL_Driver/Src/stm32h7xx_hal_adc_ex.o
                             0x1573bb (size before relaxing)
 .debug_str     0x00159e04      0x2b9 ./Drivers/STM32H7xx_HAL_Driver/Src/stm32h7xx_hal_cortex.o
                             0x156d90 (size before relaxing)
 .debug_str     0x0015a0bd      0x896 ./Drivers/STM32H7xx_HAL_Driver/Src/stm32h7xx_hal_dma.o
                             0x156ba1 (size before relaxing)
 .debug_str     0x0015a953      0x12d ./Drivers/STM32H7xx_HAL_Driver/Src/stm32h7xx_hal_gpio.o
                             0x156437 (size before relaxing)
 .debug_str     0x0015aa80      0x5d0 ./Drivers/STM32H7xx_HAL_Driver/Src/stm32h7xx_hal_pwr_ex.o
                             0x15683f (size before relaxing)
 .debug_str     0x0015b050      0x21a ./Drivers/STM32H7xx_HAL_Driver/Src/stm32h7xx_hal_rcc.o
                             0x1567ba (size before relaxing)
 .debug_str     0x0015b26a      0x630 ./Drivers/STM32H7xx_HAL_Driver/Src/stm32h7xx_hal_rcc_ex.o
                             0x156cd2 (size before relaxing)
 .debug_str     0x0015b89a      0xd4a ./Drivers/STM32H7xx_HAL_Driver/Src/stm32h7xx_hal_tim.o
                             0x1575b8 (size before relaxing)
 .debug_str     0x0015c5e4      0x4ee ./Drivers/STM32H7xx_HAL_Driver/Src/stm32h7xx_hal_tim_ex.o
                             0x156f65 (size before relaxing)
 .debug_str     0x0015cad2      0x892 ./Drivers/Simulink/TPGCI_STM32.o
                               0x8484 (size before relaxing)
 .debug_str     0x0015d364       0x27 ./Drivers/Simulink/TPGCI_STM32_data.o
                               0x7b01 (size before relaxing)

.comment        0x00000000       0x43
 .comment       0x00000000       0x43 ./Core/Src/butterworth_filter.o
                                 0x44 (size before relaxing)
 .comment       0x00000043       0x44 ./Core/Src/main.o
 .comment       0x00000043       0x44 ./Core/Src/stm32h7xx_hal_msp.o
 .comment       0x00000043       0x44 ./Core/Src/stm32h7xx_it.o
 .comment       0x00000043       0x44 ./Core/Src/system_stm32h7xx.o
 .comment       0x00000043       0x44 ./Drivers/STM32H7xx_HAL_Driver/Src/stm32h7xx_hal.o
 .comment       0x00000043       0x44 ./Drivers/STM32H7xx_HAL_Driver/Src/stm32h7xx_hal_adc.o
 .comment       0x00000043       0x44 ./Drivers/STM32H7xx_HAL_Driver/Src/stm32h7xx_hal_adc_ex.o
 .comment       0x00000043       0x44 ./Drivers/STM32H7xx_HAL_Driver/Src/stm32h7xx_hal_cortex.o
 .comment       0x00000043       0x44 ./Drivers/STM32H7xx_HAL_Driver/Src/stm32h7xx_hal_dma.o
 .comment       0x00000043       0x44 ./Drivers/STM32H7xx_HAL_Driver/Src/stm32h7xx_hal_gpio.o
 .comment       0x00000043       0x44 ./Drivers/STM32H7xx_HAL_Driver/Src/stm32h7xx_hal_pwr_ex.o
 .comment       0x00000043       0x44 ./Drivers/STM32H7xx_HAL_Driver/Src/stm32h7xx_hal_rcc.o
 .comment       0x00000043       0x44 ./Drivers/STM32H7xx_HAL_Driver/Src/stm32h7xx_hal_rcc_ex.o
 .comment       0x00000043       0x44 ./Drivers/STM32H7xx_HAL_Driver/Src/stm32h7xx_hal_tim.o
 .comment       0x00000043       0x44 ./Drivers/STM32H7xx_HAL_Driver/Src/stm32h7xx_hal_tim_ex.o
 .comment       0x00000043       0x44 ./Drivers/Simulink/TPGCI_STM32.o
 .comment       0x00000043       0x44 ./Drivers/Simulink/TPGCI_STM32_data.o

.debug_frame    0x00000000     0x54e4
 .debug_frame   0x00000000       0x38 ./Core/Src/butterworth_filter.o
 .debug_frame   0x00000038      0x220 ./Core/Src/main.o
 .debug_frame   0x00000258       0xf0 ./Core/Src/stm32h7xx_hal_msp.o
 .debug_frame   0x00000348      0x1ac ./Core/Src/stm32h7xx_it.o
 .debug_frame   0x000004f4       0x78 ./Core/Src/system_stm32h7xx.o
 .debug_frame   0x0000056c      0x760 ./Drivers/STM32H7xx_HAL_Driver/Src/stm32h7xx_hal.o
 .debug_frame   0x00000ccc      0xb68 ./Drivers/STM32H7xx_HAL_Driver/Src/stm32h7xx_hal_adc.o
 .debug_frame   0x00001834      0x92c ./Drivers/STM32H7xx_HAL_Driver/Src/stm32h7xx_hal_adc_ex.o
 .debug_frame   0x00002160      0x508 ./Drivers/STM32H7xx_HAL_Driver/Src/stm32h7xx_hal_cortex.o
 .debug_frame   0x00002668      0x2b4 ./Drivers/STM32H7xx_HAL_Driver/Src/stm32h7xx_hal_dma.o
 .debug_frame   0x0000291c      0x14c ./Drivers/STM32H7xx_HAL_Driver/Src/stm32h7xx_hal_gpio.o
 .debug_frame   0x00002a68      0x540 ./Drivers/STM32H7xx_HAL_Driver/Src/stm32h7xx_hal_pwr_ex.o
 .debug_frame   0x00002fa8      0x1fc ./Drivers/STM32H7xx_HAL_Driver/Src/stm32h7xx_hal_rcc.o
 .debug_frame   0x000031a4      0x414 ./Drivers/STM32H7xx_HAL_Driver/Src/stm32h7xx_hal_rcc_ex.o
 .debug_frame   0x000035b8     0x121c ./Drivers/STM32H7xx_HAL_Driver/Src/stm32h7xx_hal_tim.o
 .debug_frame   0x000047d4      0x724 ./Drivers/STM32H7xx_HAL_Driver/Src/stm32h7xx_hal_tim_ex.o
 .debug_frame   0x00004ef8      0x1a4 ./Drivers/Simulink/TPGCI_STM32.o
 .debug_frame   0x0000509c      0x144 C:/ST/STM32CubeIDE_1.17.0/STM32CubeIDE/plugins/com.st.stm32cube.ide.mcu.externaltools.gnu-tools-for-stm32.12.3.rel1.win32_1.1.0.202410251130/tools/bin/../lib/gcc/arm-none-eabi/12.3.1/../../../../arm-none-eabi/lib/thumb/v7e-m+dp/hard\libc_nano.a(libc_a-findfp.o)