../Core/Src/main.c:142:5:main	8	static
../Core/Src/main.c:206:6:SystemClock_Config	120	static
../Core/Src/main.c:265:6:PeriphCommonClock_Config	192	static
../Core/Src/main.c:292:13:MX_ADC1_Init	56	static
../Core/Src/main.c:379:13:MX_ADC2_Init	48	static
../Core/Src/main.c:457:13:MX_ADC3_Init	48	static
../Core/Src/main.c:529:13:MX_TIM1_Init	120	static
../Core/Src/main.c:617:13:MX_TIM2_Init	40	static
../Core/Src/main.c:660:13:MX_DMA_Init	16	static
../Core/Src/main.c:684:13:MX_GPIO_Init	32	static
../Core/Src/main.c:702:6:HAL_TIM_PeriodElapsedCallback	16	static
../Core/Src/main.c:714:6:HAL_ADC_ConvCpltCallback	40	static
../Core/Src/main.c:759:6:MPU_Config	24	static
../Core/Src/main.c:790:6:Error_Handler	4	static,ignoring_inline_asm
