Archive member included to satisfy reference by file (symbol)

C:/ST/STM32CubeIDE_1.17.0/STM32CubeIDE/plugins/com.st.stm32cube.ide.mcu.externaltools.gnu-tools-for-stm32.12.3.rel1.win32_1.1.0.202410251130/tools/bin/../lib/gcc/arm-none-eabi/12.3.1/../../../../arm-none-eabi/lib/thumb/v7e-m+dp/hard\libc_nano.a(libc_a-exit.o)
                              C:/ST/STM32CubeIDE_1.17.0/STM32CubeIDE/plugins/com.st.stm32cube.ide.mcu.externaltools.gnu-tools-for-stm32.12.3.rel1.win32_1.1.0.202410251130/tools/bin/../lib/gcc/arm-none-eabi/12.3.1/../../../../arm-none-eabi/lib/thumb/v7e-m+dp/hard/crt0.o (exit)
C:/ST/STM32CubeIDE_1.17.0/STM32CubeIDE/plugins/com.st.stm32cube.ide.mcu.externaltools.gnu-tools-for-stm32.12.3.rel1.win32_1.1.0.202410251130/tools/bin/../lib/gcc/arm-none-eabi/12.3.1/../../../../arm-none-eabi/lib/thumb/v7e-m+dp/hard\libc_nano.a(libc_a-findfp.o)
                              C:/ST/STM32CubeIDE_1.17.0/STM32CubeIDE/plugins/com.st.stm32cube.ide.mcu.externaltools.gnu-tools-for-stm32.12.3.rel1.win32_1.1.0.202410251130/tools/bin/../lib/gcc/arm-none-eabi/12.3.1/../../../../arm-none-eabi/lib/thumb/v7e-m+dp/hard\libc_nano.a(libc_a-exit.o) (__stdio_exit_handler)
C:/ST/STM32CubeIDE_1.17.0/STM32CubeIDE/plugins/com.st.stm32cube.ide.mcu.externaltools.gnu-tools-for-stm32.12.3.rel1.win32_1.1.0.202410251130/tools/bin/../lib/gcc/arm-none-eabi/12.3.1/../../../../arm-none-eabi/lib/thumb/v7e-m+dp/hard\libc_nano.a(libc_a-fwalk.o)
                              C:/ST/STM32CubeIDE_1.17.0/STM32CubeIDE/plugins/com.st.stm32cube.ide.mcu.externaltools.gnu-tools-for-stm32.12.3.rel1.win32_1.1.0.202410251130/tools/bin/../lib/gcc/arm-none-eabi/12.3.1/../../../../arm-none-eabi/lib/thumb/v7e-m+dp/hard\libc_nano.a(libc_a-findfp.o) (_fwalk_sglue)
C:/ST/STM32CubeIDE_1.17.0/STM32CubeIDE/plugins/com.st.stm32cube.ide.mcu.externaltools.gnu-tools-for-stm32.12.3.rel1.win32_1.1.0.202410251130/tools/bin/../lib/gcc/arm-none-eabi/12.3.1/../../../../arm-none-eabi/lib/thumb/v7e-m+dp/hard\libc_nano.a(libc_a-stdio.o)
                              C:/ST/STM32CubeIDE_1.17.0/STM32CubeIDE/plugins/com.st.stm32cube.ide.mcu.externaltools.gnu-tools-for-stm32.12.3.rel1.win32_1.1.0.202410251130/tools/bin/../lib/gcc/arm-none-eabi/12.3.1/../../../../arm-none-eabi/lib/thumb/v7e-m+dp/hard\libc_nano.a(libc_a-findfp.o) (__sread)
C:/ST/STM32CubeIDE_1.17.0/STM32CubeIDE/plugins/com.st.stm32cube.ide.mcu.externaltools.gnu-tools-for-stm32.12.3.rel1.win32_1.1.0.202410251130/tools/bin/../lib/gcc/arm-none-eabi/12.3.1/../../../../arm-none-eabi/lib/thumb/v7e-m+dp/hard\libc_nano.a(libc_a-memset.o)
                              C:/ST/STM32CubeIDE_1.17.0/STM32CubeIDE/plugins/com.st.stm32cube.ide.mcu.externaltools.gnu-tools-for-stm32.12.3.rel1.win32_1.1.0.202410251130/tools/bin/../lib/gcc/arm-none-eabi/12.3.1/../../../../arm-none-eabi/lib/thumb/v7e-m+dp/hard/crt0.o (memset)
C:/ST/STM32CubeIDE_1.17.0/STM32CubeIDE/plugins/com.st.stm32cube.ide.mcu.externaltools.gnu-tools-for-stm32.12.3.rel1.win32_1.1.0.202410251130/tools/bin/../lib/gcc/arm-none-eabi/12.3.1/../../../../arm-none-eabi/lib/thumb/v7e-m+dp/hard\libc_nano.a(libc_a-closer.o)
                              C:/ST/STM32CubeIDE_1.17.0/STM32CubeIDE/plugins/com.st.stm32cube.ide.mcu.externaltools.gnu-tools-for-stm32.12.3.rel1.win32_1.1.0.202410251130/tools/bin/../lib/gcc/arm-none-eabi/12.3.1/../../../../arm-none-eabi/lib/thumb/v7e-m+dp/hard\libc_nano.a(libc_a-stdio.o) (_close_r)
C:/ST/STM32CubeIDE_1.17.0/STM32CubeIDE/plugins/com.st.stm32cube.ide.mcu.externaltools.gnu-tools-for-stm32.12.3.rel1.win32_1.1.0.202410251130/tools/bin/../lib/gcc/arm-none-eabi/12.3.1/../../../../arm-none-eabi/lib/thumb/v7e-m+dp/hard\libc_nano.a(libc_a-reent.o)
                              C:/ST/STM32CubeIDE_1.17.0/STM32CubeIDE/plugins/com.st.stm32cube.ide.mcu.externaltools.gnu-tools-for-stm32.12.3.rel1.win32_1.1.0.202410251130/tools/bin/../lib/gcc/arm-none-eabi/12.3.1/../../../../arm-none-eabi/lib/thumb/v7e-m+dp/hard\libc_nano.a(libc_a-closer.o) (errno)
C:/ST/STM32CubeIDE_1.17.0/STM32CubeIDE/plugins/com.st.stm32cube.ide.mcu.externaltools.gnu-tools-for-stm32.12.3.rel1.win32_1.1.0.202410251130/tools/bin/../lib/gcc/arm-none-eabi/12.3.1/../../../../arm-none-eabi/lib/thumb/v7e-m+dp/hard\libc_nano.a(libc_a-impure.o)
                              C:/ST/STM32CubeIDE_1.17.0/STM32CubeIDE/plugins/com.st.stm32cube.ide.mcu.externaltools.gnu-tools-for-stm32.12.3.rel1.win32_1.1.0.202410251130/tools/bin/../lib/gcc/arm-none-eabi/12.3.1/../../../../arm-none-eabi/lib/thumb/v7e-m+dp/hard\libc_nano.a(libc_a-reent.o) (_impure_ptr)
C:/ST/STM32CubeIDE_1.17.0/STM32CubeIDE/plugins/com.st.stm32cube.ide.mcu.externaltools.gnu-tools-for-stm32.12.3.rel1.win32_1.1.0.202410251130/tools/bin/../lib/gcc/arm-none-eabi/12.3.1/../../../../arm-none-eabi/lib/thumb/v7e-m+dp/hard\libc_nano.a(libc_a-lseekr.o)
[...]
Memory Configuration

Name             Origin             Length             Attributes
ITCMRAM          0x00000000         0x00010000         xrw
DTCMRAM          0x20000000         0x00020000         xrw
FLASH            0x08000000         0x00100000         xr
RAM_D1           0x24000000         0x00050000         xrw
RAM_D2           0x30000000         0x00008000         xrw
RAM_D3           0x38000000         0x00004000         xrw
*default*        0x00000000         0xffffffff

Linker script and memory map

LOAD C:/ST/STM32CubeIDE_1.17.0/STM32CubeIDE/plugins/com.st.stm32cube.ide.mcu.externaltools.gnu-tools-for-stm32.12.3.rel1.win32_1.1.0.202410251130/tools/bin/../lib/gcc/arm-none-eabi/12.3.1/thumb/v7e-m+dp/hard/crti.o
LOAD C:/ST/STM32CubeIDE_1.17.0/STM32CubeIDE/plugins/com.st.stm32cube.ide.mcu.externaltools.gnu-tools-for-stm32.12.3.rel1.win32_1.1.0.202410251130/tools/bin/../lib/gcc/arm-none-eabi/12.3.1/thumb/v7e-m+dp/hard/crtbegin.o
LOAD C:/ST/STM32CubeIDE_1.17.0/STM32CubeIDE/plugins/com.st.stm32cube.ide.mcu.externaltools.gnu-tools-for-stm32.12.3.rel1.win32_1.1.0.202410251130/tools/bin/../lib/gcc/arm-none-eabi/12.3.1/../../../../arm-none-eabi/lib/thumb/v7e-m+dp/hard/crt0.o
LOAD ./Core/Src/butterworth_filter.o
LOAD ./Core/Src/main.o
LOAD ./Core/Src/stm32h7xx_hal_msp.o
LOAD ./Core/Src/stm32h7xx_it.o
LOAD ./Core/Src/syscalls.o
LOAD ./Core/Src/sysmem.o
LOAD ./Core/Src/system_stm32h7xx.o
LOAD ./Core/Startup/startup_stm32h723zgtx.o
LOAD ./Drivers/STM32H7xx_HAL_Driver/Src/stm32h7xx_hal.o
LOAD ./Drivers/STM32H7xx_HAL_Driver/Src/stm32h7xx_hal_adc.o
LOAD ./Drivers/STM32H7xx_HAL_Driver/Src/stm32h7xx_hal_adc_ex.o
LOAD ./Drivers/STM32H7xx_HAL_Driver/Src/stm32h7xx_hal_cortex.o
LOAD ./Drivers/STM32H7xx_HAL_Driver/Src/stm32h7xx_hal_dma.o
LOAD ./Drivers/STM32H7xx_HAL_Driver/Src/stm32h7xx_hal_dma_ex.o
LOAD ./Drivers/STM32H7xx_HAL_Driver/Src/stm32h7xx_hal_exti.o
LOAD ./Drivers/STM32H7xx_HAL_Driver/Src/stm32h7xx_hal_flash.o
LOAD ./Drivers/STM32H7xx_HAL_Driver/Src/stm32h7xx_hal_flash_ex.o
LOAD ./Drivers/STM32H7xx_HAL_Driver/Src/stm32h7xx_hal_gpio.o
LOAD ./Drivers/STM32H7xx_HAL_Driver/Src/stm32h7xx_hal_hsem.o
LOAD ./Drivers/STM32H7xx_HAL_Driver/Src/stm32h7xx_hal_i2c.o
LOAD ./Drivers/STM32H7xx_HAL_Driver/Src/stm32h7xx_hal_i2c_ex.o
LOAD ./Drivers/STM32H7xx_HAL_Driver/Src/stm32h7xx_hal_mdma.o
LOAD ./Drivers/STM32H7xx_HAL_Driver/Src/stm32h7xx_hal_pwr.o
LOAD ./Drivers/STM32H7xx_HAL_Driver/Src/stm32h7xx_hal_pwr_ex.o
LOAD ./Drivers/STM32H7xx_HAL_Driver/Src/stm32h7xx_hal_rcc.o
LOAD ./Drivers/STM32H7xx_HAL_Driver/Src/stm32h7xx_hal_rcc_ex.o
LOAD ./Drivers/STM32H7xx_HAL_Driver/Src/stm32h7xx_hal_tim.o
LOAD ./Drivers/STM32H7xx_HAL_Driver/Src/stm32h7xx_hal_tim_ex.o
LOAD ./Drivers/Simulink/TPGCI_STM32_4.o
LOAD ./Drivers/Simulink/TPGCI_STM32_4_data.o
START GROUP
LOAD C:/ST/STM32CubeIDE_1.17.0/STM32CubeIDE/plugins/com.st.stm32cube.ide.mcu.externaltools.gnu-tools-for-stm32.12.3.rel1.win32_1.1.0.202410251130/tools/bin/../lib/gcc/arm-none-eabi/12.3.1/../../../../arm-none-eabi/lib/thumb/v7e-m+dp/hard\libc_nano.a
LOAD C:/ST/STM32CubeIDE_1.17.0/STM32CubeIDE/plugins/com.st.stm32cube.ide.mcu.externaltools.gnu-tools-for-stm32.12.3.rel1.win32_1.1.0.202410251130/tools/bin/../lib/gcc/arm-none-eabi/12.3.1/../../../../arm-none-eabi/lib/thumb/v7e-m+dp/hard\libm.a
END GROUP
START GROUP
LOAD C:/ST/STM32CubeIDE_1.17.0/STM32CubeIDE/plugins/com.st.stm32cube.ide.mcu.externaltools.gnu-tools-for-stm32.12.3.rel1.win32_1.1.0.202410251130/tools/bin/../lib/gcc/arm-none-eabi/12.3.1/thumb/v7e-m+dp/hard\libgcc.a
LOAD C:/ST/STM32CubeIDE_1.17.0/STM32CubeIDE/plugins/com.st.stm32cube.ide.mcu.externaltools.gnu-tools-for-stm32.12.3.rel1.win32_1.1.0.202410251130/tools/bin/../lib/gcc/arm-none-eabi/12.3.1/../../../../arm-none-eabi/lib/thumb/v7e-m+dp/hard\libc_nano.a
END GROUP
START GROUP
LOAD C:/ST/STM32CubeIDE_1.17.0/STM32CubeIDE/plugins/com.st.stm32cube.ide.mcu.externaltools.gnu-tools-for-stm32.12.3.rel1.win32_1.1.0.202410251130/tools/bin/../lib/gcc/arm-none-eabi/12.3.1/thumb/v7e-m+dp/hard\libgcc.a
LOAD C:/ST/STM32CubeIDE_1.17.0/STM32CubeIDE/plugins/com.st.stm32cube.ide.mcu.externaltools.gnu-tools-for-stm32.12.3.rel1.win32_1.1.0.202410251130/tools/bin/../lib/gcc/arm-none-eabi/12.3.1/../../../../arm-none-eabi/lib/thumb/v7e-m+dp/hard\libc_nano.a
LOAD C:/ST/STM32CubeIDE_1.17.0/STM32CubeIDE/plugins/com.st.stm32cube.ide.mcu.externaltools.gnu-tools-for-stm32.12.3.rel1.win32_1.1.0.202410251130/tools/bin/../lib/gcc/arm-none-eabi/12.3.1/../../../../arm-none-eabi/lib/thumb/v7e-m+dp/hard\libnosys.a
END GROUP
START GROUP
LOAD C:/ST/STM32CubeIDE_1.17.0/STM32CubeIDE/plugins/com.st.stm32cube.ide.mcu.externaltools.gnu-tools-for-stm32.12.3.rel1.win32_1.1.0.202410251130/tools/bin/../lib/gcc/arm-none-eabi/12.3.1/thumb/v7e-m+dp/hard\libgcc.a
LOAD C:/ST/STM32CubeIDE_1.17.0/STM32CubeIDE/plugins/com.st.stm32cube.ide.mcu.externaltools.gnu-tools-for-stm32.12.3.rel1.win32_1.1.0.202410251130/tools/bin/../lib/gcc/arm-none-eabi/12.3.1/../../../../arm-none-eabi/lib/thumb/v7e-m+dp/hard\libc_nano.a
LOAD C:/ST/STM32CubeIDE_1.17.0/STM32CubeIDE/plugins/com.st.stm32cube.ide.mcu.externaltools.gnu-tools-for-stm32.12.3.rel1.win32_1.1.0.202410251130/tools/bin/../lib/gcc/arm-none-eabi/12.3.1/../../../../arm-none-eabi/lib/thumb/v7e-m+dp/hard\libnosys.a
END GROUP
LOAD C:/ST/STM32CubeIDE_1.17.0/STM32CubeIDE/plugins/com.st.stm32cube.ide.mcu.externaltools.gnu-tools-for-stm32.12.3.rel1.win32_1.1.0.202410251130/tools/bin/../lib/gcc/arm-none-eabi/12.3.1/thumb/v7e-m+dp/hard/crtend.o
LOAD C:/ST/STM32CubeIDE_1.17.0/STM32CubeIDE/plugins/com.st.stm32cube.ide.mcu.externaltools.gnu-tools-for-stm32.12.3.rel1.win32_1.1.0.202410251130/tools/bin/../lib/gcc/arm-none-eabi/12.3.1/thumb/v7e-m+dp/hard/crtn.o
                0x24050000                        _estack = (ORIGIN (RAM_D1) + LENGTH (RAM_D1))
                0x00000200                        _Min_Heap_Size = 0x200
                0x00000400                        _Min_Stack_Size = 0x400

.isr_vector     0x08000000      0x2cc
                0x08000000                        . = ALIGN (0x4)
 *(.isr_vector)
 .isr_vector    0x08000000      0x2cc ./Core/Startup/startup_stm32h723zgtx.o
                0x08000000                g_pfnVectors
                0x080002cc                        . = ALIGN (0x4)

.text           0x080002d0     0xc27c
                0x080002d0                        . = ALIGN (0x4)
 *(.text)
 .text          0x080002d0       0x40 C:/ST/STM32CubeIDE_1.17.0/STM32CubeIDE/plugins/com.st.stm32cube.ide.mcu.externaltools.gnu-tools-for-stm32.12.3.rel1.win32_1.1.0.202410251130/tools/bin/../lib/gcc/arm-none-eabi/12.3.1/thumb/v7e-m+dp/hard/crtbegin.o
 *(.text*)
 .text.applyLowPassFilter
                0x08000310       0xc8 ./Core/Src/butterworth_filter.o
                0x08000310                applyLowPassFilter
 .text.main     0x080003d8       0x84 ./Core/Src/main.o
                0x080003d8                main
 .text.SystemClock_Config
                0x0800045c       0xe0 ./Core/Src/main.o
                0x0800045c                SystemClock_Config
 .text.PeriphCommonClock_Config
                0x0800053c       0x5e ./Core/Src/main.o
                0x0800053c                PeriphCommonClock_Config
 *fill*         0x0800059a        0x2 
 .text.MX_ADC1_Init
                0x0800059c      0x138 ./Core/Src/main.o
 .text.MX_ADC2_Init
                0x080006d4      0x114 ./Core/Src/main.o
 .text.MX_ADC3_Init
                0x080007e8      0x104 ./Core/Src/main.o
 .text.MX_TIM1_Init
                0x080008ec      0x188 ./Core/Src/main.o
 .text.MX_TIM2_Init
                0x08000a74       0x9c ./Core/Src/main.o
 .text.MX_DMA_Init
                0x08000b10       0x60 ./Core/Src/main.o
 .text.MX_GPIO_Init
                0x08000b70       0xcc ./Core/Src/main.o
 .text.HAL_TIM_PeriodElapsedCallback
                0x08000c3c       0x5c ./Core/Src/main.o
                0x08000c3c                HAL_TIM_PeriodElapsedCallback
 .text.HAL_ADC_ConvCpltCallback
                0x08000c98      0x2e8 ./Core/Src/main.o
                0x08000c98                HAL_ADC_ConvCpltCallback
 .text.MPU_Config
                0x08000f80       0x58 ./Core/Src/main.o
 .text.Error_Handler
                0x08000fd8        0xc ./Core/Src/main.o
                0x08000fd8                Error_Handler
 .text.HAL_MspInit
                0x08000fe4       0x34 ./Core/Src/stm32h7xx_hal_msp.o
                0x08000fe4                HAL_MspInit
 .text.HAL_ADC_MspInit
                0x08001018      0x390 ./Core/Src/stm32h7xx_hal_msp.o
                0x08001018                HAL_ADC_MspInit
 .text.HAL_TIM_Base_MspInit
                0x080013a8       0x8c ./Core/Src/stm32h7xx_hal_msp.o
                0x080013a8                HAL_TIM_Base_MspInit
 .text.HAL_TIM_MspPostInit
                0x08001434       0xb8 ./Core/Src/stm32h7xx_hal_msp.o
                0x08001434                HAL_TIM_MspPostInit
 .text.NMI_Handler
                0x080014ec        0x8 ./Core/Src/stm32h7xx_it.o
                0x080014ec                NMI_Handler
 .text.HardFault_Handler
                0x080014f4        0x8 ./Core/Src/stm32h7xx_it.o
                0x080014f4                HardFault_Handler
 .text.MemManage_Handler
                0x080014fc        0x8 ./Core/Src/stm32h7xx_it.o
                0x080014fc                MemManage_Handler
 .text.BusFault_Handler
                0x08001504        0x8 ./Core/Src/stm32h7xx_it.o
                0x08001504                BusFault_Handler
 .text.UsageFault_Handler
                0x0800150c        0x8 ./Core/Src/stm32h7xx_it.o
                0x0800150c                UsageFault_Handler
 .text.SVC_Handler
                0x08001514        0xe ./Core/Src/stm32h7xx_it.o
                0x08001514                SVC_Handler
 .text.DebugMon_Handler
                0x08001522        0xe ./Core/Src/stm32h7xx_it.o
                0x08001522                DebugMon_Handler
 .text.PendSV_Handler
                0x08001530        0xe ./Core/Src/stm32h7xx_it.o
                0x08001530                PendSV_Handler
 .text.SysTick_Handler
                0x0800153e        0xc ./Core/Src/stm32h7xx_it.o
                0x0800153e                SysTick_Handler
 *fill*         0x0800154a        0x2 
 .text.DMA1_Stream0_IRQHandler
                0x0800154c       0x14 ./Core/Src/stm32h7xx_it.o
                0x0800154c                DMA1_Stream0_IRQHandler
 .text.DMA1_Stream1_IRQHandler
                0x08001560       0x14 ./Core/Src/stm32h7xx_it.o
                0x08001560                DMA1_Stream1_IRQHandler
 .text.DMA1_Stream2_IRQHandler
                0x08001574       0x14 ./Core/Src/stm32h7xx_it.o
                0x08001574                DMA1_Stream2_IRQHandler
 .text.ADC_IRQHandler
                0x08001588       0x1c ./Core/Src/stm32h7xx_it.o
                0x08001588                ADC_IRQHandler
 .text.TIM1_UP_IRQHandler
                0x080015a4       0x14 ./Core/Src/stm32h7xx_it.o
                0x080015a4                TIM1_UP_IRQHandler
 .text.TIM2_IRQHandler
                0x080015b8       0x14 ./Core/Src/stm32h7xx_it.o
                0x080015b8                TIM2_IRQHandler
 .text.ADC3_IRQHandler
                0x080015cc       0x14 ./Core/Src/stm32h7xx_it.o
                0x080015cc                ADC3_IRQHandler
 .text.SystemInit
                0x080015e0      0x120 ./Core/Src/system_stm32h7xx.o
                0x080015e0                SystemInit
 .text.ExitRun0Mode
                0x08001700       0x30 ./Core/Src/system_stm32h7xx.o
                0x08001700                ExitRun0Mode
 .text.Reset_Handler
                0x08001730       0x54 ./Core/Startup/startup_stm32h723zgtx.o
                0x08001730                Reset_Handler
 .text.Default_Handler
                0x08001784        0x2 ./Core/Startup/startup_stm32h723zgtx.o
                0x08001784                RTC_Alarm_IRQHandler
                0x08001784                EXTI2_IRQHandler
                0x08001784                TIM8_CC_IRQHandler
                0x08001784                UART8_IRQHandler
                0x08001784                SPI4_IRQHandler
                0x08001784                FDCAN3_IT0_IRQHandler
                0x08001784                TIM1_CC_IRQHandler
                0x08001784                BDMA_Channel6_IRQHandler
                0x08001784                DMA2_Stream5_IRQHandler
                0x08001784                DMA1_Stream5_IRQHandler
                0x08001784                CORDIC_IRQHandler
                0x08001784                BDMA_Channel1_IRQHandler
                0x08001784                TAMP_STAMP_IRQHandler
                0x08001784                EXTI3_IRQHandler
                0x08001784                LPTIM4_IRQHandler
                0x08001784                TIM8_TRG_COM_TIM14_IRQHandler
                0x08001784                LPTIM2_IRQHandler
                0x08001784                DFSDM1_FLT1_IRQHandler
                0x08001784                DMAMUX2_OVR_IRQHandler
                0x08001784                TIM8_UP_TIM13_IRQHandler
                0x08001784                I2C3_ER_IRQHandler
                0x08001784                DFSDM1_FLT2_IRQHandler
                0x08001784                I2C5_EV_IRQHandler
                0x08001784                USART10_IRQHandler
                0x08001784                MDMA_IRQHandler
                0x08001784                LPTIM3_IRQHandler
                0x08001784                HSEM1_IRQHandler
                0x08001784                EXTI0_IRQHandler
                0x08001784                I2C2_EV_IRQHandler
                0x08001784                FPU_IRQHandler
                0x08001784                OTG_HS_WKUP_IRQHandler
                0x08001784                FDCAN1_IT1_IRQHandler
                0x08001784                LTDC_ER_IRQHandler
                0x08001784                DMA2_Stream2_IRQHandler
                0x08001784                SPI1_IRQHandler
                0x08001784                OCTOSPI1_IRQHandler
                0x08001784                TIM6_DAC_IRQHandler
                0x08001784                DMA2_Stream3_IRQHandler
                0x08001784                OCTOSPI2_IRQHandler
                0x08001784                DFSDM1_FLT3_IRQHandler
                0x08001784                TIM23_IRQHandler
                0x08001784                USART6_IRQHandler
                0x08001784                TIM17_IRQHandler
                0x08001784                USART3_IRQHandler
                0x08001784                BDMA_Channel7_IRQHandler
                0x08001784                LPTIM5_IRQHandler
                0x08001784                UART5_IRQHandler
                0x08001784                DMA2_Stream0_IRQHandler
                0x08001784                TIM4_IRQHandler
                0x08001784                BDMA_Channel2_IRQHandler
                0x08001784                I2C1_EV_IRQHandler
                0x08001784                DMA1_Stream6_IRQHandler
                0x08001784                DMAMUX1_OVR_IRQHandler
                0x08001784                TIM16_IRQHandler
                0x08001784                UART4_IRQHandler
                0x08001784                BDMA_Channel5_IRQHandler
                0x08001784                TIM3_IRQHandler
                0x08001784                RCC_IRQHandler
                0x08001784                UART9_IRQHandler
                0x08001784                TIM8_BRK_TIM12_IRQHandler
                0x08001784                TIM1_TRG_COM_IRQHandler
                0x08001784                Default_Handler
                0x08001784                ECC_IRQHandler
                0x08001784                FMAC_IRQHandler
                0x08001784                CEC_IRQHandler
                0x08001784                EXTI15_10_IRQHandler
                0x08001784                BDMA_Channel0_IRQHandler
                0x08001784                I2C5_ER_IRQHandler
                0x08001784                DMA1_Stream7_IRQHandler
                0x08001784                SPI5_IRQHandler
                0x08001784                TIM7_IRQHandler
                0x08001784                FDCAN3_IT1_IRQHandler
                0x08001784                SDMMC1_IRQHandler
                0x08001784                TIM5_IRQHandler
                0x08001784                DMA2_Stream7_IRQHandler
                0x08001784                TIM15_IRQHandler
                0x08001784                PVD_AVD_IRQHandler
                0x08001784                I2C3_EV_IRQHandler
                0x08001784                EXTI9_5_IRQHandler
                0x08001784                RTC_WKUP_IRQHandler
                0x08001784                LTDC_IRQHandler
                0x08001784                ETH_WKUP_IRQHandler
                0x08001784                SPDIF_RX_IRQHandler
                0x08001784                SPI2_IRQHandler
                0x08001784                OTG_HS_EP1_IN_IRQHandler
                0x08001784                TIM24_IRQHandler
                0x08001784                CRS_IRQHandler
                0x08001784                EXTI4_IRQHandler
                0x08001784                RNG_IRQHandler
                0x08001784                FDCAN2_IT1_IRQHandler
                0x08001784                ETH_IRQHandler
                0x08001784                BDMA_Channel4_IRQHandler
                0x08001784                OTG_HS_EP1_OUT_IRQHandler
                0x08001784                WWDG_IRQHandler
                0x08001784                SPI6_IRQHandler
                0x08001784                MDIOS_IRQHandler
                0x08001784                I2C4_EV_IRQHandler
                0x08001784                FDCAN2_IT0_IRQHandler
                0x08001784                LPUART1_IRQHandler
                0x08001784                FDCAN1_IT0_IRQHandler
                0x08001784                OTG_HS_IRQHandler
                0x08001784                DMA2D_IRQHandler
                0x08001784                TIM1_BRK_IRQHandler
                0x08001784                EXTI1_IRQHandler
                0x08001784                SDMMC2_IRQHandler
                0x08001784                BDMA_Channel3_IRQHandler
                0x08001784                DTS_IRQHandler
                0x08001784                UART7_IRQHandler
                0x08001784                MDIOS_WKUP_IRQHandler
                0x08001784                USART2_IRQHandler
                0x08001784                DFSDM1_FLT0_IRQHandler
                0x08001784                SAI4_IRQHandler
                0x08001784                I2C2_ER_IRQHandler
                0x08001784                DMA2_Stream1_IRQHandler
                0x08001784                FLASH_IRQHandler
                0x08001784                DMA2_Stream4_IRQHandler
                0x08001784                USART1_IRQHandler
                0x08001784                SPI3_IRQHandler
                0x08001784                WAKEUP_PIN_IRQHandler
                0x08001784                DMA1_Stream4_IRQHandler
                0x08001784                I2C1_ER_IRQHandler
                0x08001784                FMC_IRQHandler
                0x08001784                FDCAN_CAL_IRQHandler
                0x08001784                SWPMI1_IRQHandler
                0x08001784                COMP1_IRQHandler
                0x08001784                LPTIM1_IRQHandler
                0x08001784                DCMI_PSSI_IRQHandler
                0x08001784                I2C4_ER_IRQHandler
                0x08001784                DMA2_Stream6_IRQHandler
                0x08001784                SAI1_IRQHandler
                0x08001784                DMA1_Stream3_IRQHandler
 *fill*         0x08001786        0x2 
 .text.HAL_Init
                0x08001788       0x78 ./Drivers/STM32H7xx_HAL_Driver/Src/stm32h7xx_hal.o
                0x08001788                HAL_Init
 .text.HAL_InitTick
                0x08001800       0x6c ./Drivers/STM32H7xx_HAL_Driver/Src/stm32h7xx_hal.o
                0x08001800                HAL_InitTick
 .text.HAL_IncTick
                0x0800186c       0x28 ./Drivers/STM32H7xx_HAL_Driver/Src/stm32h7xx_hal.o
                0x0800186c                HAL_IncTick
 .text.HAL_GetTick
                0x08001894       0x18 ./Drivers/STM32H7xx_HAL_Driver/Src/stm32h7xx_hal.o
                0x08001894                HAL_GetTick
 .text.HAL_SYSCFG_AnalogSwitchConfig
                0x080018ac       0x2c ./Drivers/STM32H7xx_HAL_Driver/Src/stm32h7xx_hal.o
                0x080018ac                HAL_SYSCFG_AnalogSwitchConfig
 .text.LL_ADC_SetCommonClock
                0x080018d8       0x26 ./Drivers/STM32H7xx_HAL_Driver/Src/stm32h7xx_hal_adc.o
 .text.LL_ADC_SetCommonPathInternalCh
                0x080018fe       0x26 ./Drivers/STM32H7xx_HAL_Driver/Src/stm32h7xx_hal_adc.o
 .text.LL_ADC_GetCommonPathInternalCh
                0x08001924       0x1c ./Drivers/STM32H7xx_HAL_Driver/Src/stm32h7xx_hal_adc.o
 .text.LL_ADC_SetChannelPreselection
                0x08001940       0x74 ./Drivers/STM32H7xx_HAL_Driver/Src/stm32h7xx_hal_adc.o
 .text.LL_ADC_SetOffset
                0x080019b4       0x64 ./Drivers/STM32H7xx_HAL_Driver/Src/stm32h7xx_hal_adc.o
 .text.LL_ADC_GetOffsetChannel
                0x08001a18       0x2c ./Drivers/STM32H7xx_HAL_Driver/Src/stm32h7xx_hal_adc.o
 .text.LL_ADC_SetDataRightShift
                0x08001a44       0x32 ./Drivers/STM32H7xx_HAL_Driver/Src/stm32h7xx_hal_adc.o
 *fill*         0x08001a76        0x2 
 .text.LL_ADC_SetOffsetSignedSaturation
                0x08001a78       0x44 ./Drivers/STM32H7xx_HAL_Driver/Src/stm32h7xx_hal_adc.o
 .text.LL_ADC_SetOffsetSaturation
                0x08001abc       0x44 ./Drivers/STM32H7xx_HAL_Driver/Src/stm32h7xx_hal_adc.o
 .text.LL_ADC_SetOffsetSign
                0x08001b00       0x44 ./Drivers/STM32H7xx_HAL_Driver/Src/stm32h7xx_hal_adc.o
 .text.LL_ADC_SetOffsetState
                0x08001b44       0x54 ./Drivers/STM32H7xx_HAL_Driver/Src/stm32h7xx_hal_adc.o
 .text.LL_ADC_REG_IsTriggerSourceSWStart
                0x08001b98       0x26 ./Drivers/STM32H7xx_HAL_Driver/Src/stm32h7xx_hal_adc.o
 .text.LL_ADC_REG_SetSequencerRanks
                0x08001bbe       0x58 ./Drivers/STM32H7xx_HAL_Driver/Src/stm32h7xx_hal_adc.o
 .text.LL_ADC_REG_SetDataTransferMode
                0x08001c16       0x26 ./Drivers/STM32H7xx_HAL_Driver/Src/stm32h7xx_hal_adc.o
 .text.LL_ADC_EnableDMAReq
                0x08001c3c       0x20 ./Drivers/STM32H7xx_HAL_Driver/Src/stm32h7xx_hal_adc.o
 .text.LL_ADC_REG_SetDMATransferMode
                0x08001c5c       0x34 ./Drivers/STM32H7xx_HAL_Driver/Src/stm32h7xx_hal_adc.o
 .text.LL_ADC_INJ_IsTriggerSourceSWStart
                0x08001c90       0x26 ./Drivers/STM32H7xx_HAL_Driver/Src/stm32h7xx_hal_adc.o
 .text.LL_ADC_SetChannelSamplingTime
                0x08001cb6       0x56 ./Drivers/STM32H7xx_HAL_Driver/Src/stm32h7xx_hal_adc.o
 .text.LL_ADC_SetChannelSingleDiff
                0x08001d0c       0x80 ./Drivers/STM32H7xx_HAL_Driver/Src/stm32h7xx_hal_adc.o
 .text.LL_ADC_GetMultimode
                0x08001d8c       0x1c ./Drivers/STM32H7xx_HAL_Driver/Src/stm32h7xx_hal_adc.o
 .text.LL_ADC_GetMultiDMATransfer
                0x08001da8       0x1c ./Drivers/STM32H7xx_HAL_Driver/Src/stm32h7xx_hal_adc.o
 .text.LL_ADC_DisableDeepPowerDown
                0x08001dc4       0x24 ./Drivers/STM32H7xx_HAL_Driver/Src/stm32h7xx_hal_adc.o
 .text.LL_ADC_IsDeepPowerDownEnabled
                0x08001de8       0x28 ./Drivers/STM32H7xx_HAL_Driver/Src/stm32h7xx_hal_adc.o
 .text.LL_ADC_EnableInternalRegulator
                0x08001e10       0x28 ./Drivers/STM32H7xx_HAL_Driver/Src/stm32h7xx_hal_adc.o
 .text.LL_ADC_IsInternalRegulatorEnabled
                0x08001e38       0x28 ./Drivers/STM32H7xx_HAL_Driver/Src/stm32h7xx_hal_adc.o
 .text.LL_ADC_Enable
                0x08001e60       0x28 ./Drivers/STM32H7xx_HAL_Driver/Src/stm32h7xx_hal_adc.o
 .text.LL_ADC_IsEnabled
                0x08001e88       0x26 ./Drivers/STM32H7xx_HAL_Driver/Src/stm32h7xx_hal_adc.o
 *fill*         0x08001eae        0x2 
 .text.LL_ADC_REG_StartConversion
                0x08001eb0       0x28 ./Drivers/STM32H7xx_HAL_Driver/Src/stm32h7xx_hal_adc.o
 .text.LL_ADC_REG_IsConversionOngoing
                0x08001ed8       0x26 ./Drivers/STM32H7xx_HAL_Driver/Src/stm32h7xx_hal_adc.o
 .text.LL_ADC_INJ_IsConversionOngoing
                0x08001efe       0x26 ./Drivers/STM32H7xx_HAL_Driver/Src/stm32h7xx_hal_adc.o
 .text.HAL_ADC_Init
                0x08001f24      0x410 ./Drivers/STM32H7xx_HAL_Driver/Src/stm32h7xx_hal_adc.o
                0x08001f24                HAL_ADC_Init
 .text.HAL_ADC_Start_DMA
                0x08002334      0x1b8 ./Drivers/STM32H7xx_HAL_Driver/Src/stm32h7xx_hal_adc.o
                0x08002334                HAL_ADC_Start_DMA
 .text.HAL_ADC_IRQHandler
                0x080024ec      0x474 ./Drivers/STM32H7xx_HAL_Driver/Src/stm32h7xx_hal_adc.o
                0x080024ec                HAL_ADC_IRQHandler
 .text.HAL_ADC_ConvHalfCpltCallback
                0x08002960       0x14 ./Drivers/STM32H7xx_HAL_Driver/Src/stm32h7xx_hal_adc.o
                0x08002960                HAL_ADC_ConvHalfCpltCallback
 .text.HAL_ADC_LevelOutOfWindowCallback
                0x08002974       0x14 ./Drivers/STM32H7xx_HAL_Driver/Src/stm32h7xx_hal_adc.o
                0x08002974                HAL_ADC_LevelOutOfWindowCallback
 .text.HAL_ADC_ErrorCallback
                0x08002988       0x14 ./Drivers/STM32H7xx_HAL_Driver/Src/stm32h7xx_hal_adc.o
                0x08002988                HAL_ADC_ErrorCallback
 .text.HAL_ADC_ConfigChannel
                0x0800299c      0x9a8 ./Drivers/STM32H7xx_HAL_Driver/Src/stm32h7xx_hal_adc.o
                0x0800299c                HAL_ADC_ConfigChannel
 .text.ADC_Enable
                0x08003344      0x114 ./Drivers/STM32H7xx_HAL_Driver/Src/stm32h7xx_hal_adc.o
                0x08003344                ADC_Enable
 .text.ADC_DMAConvCplt
                0x08003458       0xd8 ./Drivers/STM32H7xx_HAL_Driver/Src/stm32h7xx_hal_adc.o
                0x08003458                ADC_DMAConvCplt
 .text.ADC_DMAHalfConvCplt
                0x08003530       0x1c ./Drivers/STM32H7xx_HAL_Driver/Src/stm32h7xx_hal_adc.o
                0x08003530                ADC_DMAHalfConvCplt
 .text.ADC_DMAError
                0x0800354c       0x34 ./Drivers/STM32H7xx_HAL_Driver/Src/stm32h7xx_hal_adc.o
                0x0800354c                ADC_DMAError
 .text.ADC_ConfigureBoostMode
                0x08003580      0x1dc ./Drivers/STM32H7xx_HAL_Driver/Src/stm32h7xx_hal_adc.o
                0x08003580                ADC_ConfigureBoostMode
 .text.LL_ADC_IsEnabled
                0x0800375c       0x26 ./Drivers/STM32H7xx_HAL_Driver/Src/stm32h7xx_hal_adc_ex.o
 .text.LL_ADC_REG_IsConversionOngoing
                0x08003782       0x26 ./Drivers/STM32H7xx_HAL_Driver/Src/stm32h7xx_hal_adc_ex.o
 .text.HAL_ADCEx_InjectedConvCpltCallback
                0x080037a8       0x14 ./Drivers/STM32H7xx_HAL_Driver/Src/stm32h7xx_hal_adc_ex.o
                0x080037a8                HAL_ADCEx_InjectedConvCpltCallback
 .text.HAL_ADCEx_InjectedQueueOverflowCallback
                0x080037bc       0x14 ./Drivers/STM32H7xx_HAL_Driver/Src/stm32h7xx_hal_adc_ex.o
                0x080037bc                HAL_ADCEx_InjectedQueueOverflowCallback
 .text.HAL_ADCEx_LevelOutOfWindow2Callback
                0x080037d0       0x14 ./Drivers/STM32H7xx_HAL_Driver/Src/stm32h7xx_hal_adc_ex.o
                0x080037d0                HAL_ADCEx_LevelOutOfWindow2Callback
 .text.HAL_ADCEx_LevelOutOfWindow3Callback
                0x080037e4       0x14 ./Drivers/STM32H7xx_HAL_Driver/Src/stm32h7xx_hal_adc_ex.o
                0x080037e4                HAL_ADCEx_LevelOutOfWindow3Callback
 .text.HAL_ADCEx_EndOfSamplingCallback
                0x080037f8       0x14 ./Drivers/STM32H7xx_HAL_Driver/Src/stm32h7xx_hal_adc_ex.o
                0x080037f8                HAL_ADCEx_EndOfSamplingCallback
 .text.HAL_ADCEx_MultiModeConfigChannel
                0x0800380c      0x1c4 ./Drivers/STM32H7xx_HAL_Driver/Src/stm32h7xx_hal_adc_ex.o
                0x0800380c                HAL_ADCEx_MultiModeConfigChannel
 .text.__NVIC_SetPriorityGrouping
                0x080039d0       0x48 ./Drivers/STM32H7xx_HAL_Driver/Src/stm32h7xx_hal_cortex.o
 .text.__NVIC_GetPriorityGrouping
                0x08003a18       0x1c ./Drivers/STM32H7xx_HAL_Driver/Src/stm32h7xx_hal_cortex.o
 .text.__NVIC_EnableIRQ
                0x08003a34       0x3c ./Drivers/STM32H7xx_HAL_Driver/Src/stm32h7xx_hal_cortex.o
 .text.__NVIC_SetPriority
                0x08003a70       0x54 ./Drivers/STM32H7xx_HAL_Driver/Src/stm32h7xx_hal_cortex.o
 .text.NVIC_EncodePriority
                0x08003ac4       0x66 ./Drivers/STM32H7xx_HAL_Driver/Src/stm32h7xx_hal_cortex.o
 *fill*         0x08003b2a        0x2 
 .text.SysTick_Config
                0x08003b2c       0x44 ./Drivers/STM32H7xx_HAL_Driver/Src/stm32h7xx_hal_cortex.o
 .text.HAL_NVIC_SetPriorityGrouping
                0x08003b70       0x16 ./Drivers/STM32H7xx_HAL_Driver/Src/stm32h7xx_hal_cortex.o
                0x08003b70                HAL_NVIC_SetPriorityGrouping
 .text.HAL_NVIC_SetPriority
                0x08003b86       0x34 ./Drivers/STM32H7xx_HAL_Driver/Src/stm32h7xx_hal_cortex.o
                0x08003b86                HAL_NVIC_SetPriority
 .text.HAL_NVIC_EnableIRQ
                0x08003bba       0x1c ./Drivers/STM32H7xx_HAL_Driver/Src/stm32h7xx_hal_cortex.o
                0x08003bba                HAL_NVIC_EnableIRQ
 .text.HAL_SYSTICK_Config
                0x08003bd6       0x18 ./Drivers/STM32H7xx_HAL_Driver/Src/stm32h7xx_hal_cortex.o
                0x08003bd6                HAL_SYSTICK_Config
 *fill*         0x08003bee        0x2 
 .text.HAL_MPU_Disable
                0x08003bf0       0x30 ./Drivers/STM32H7xx_HAL_Driver/Src/stm32h7xx_hal_cortex.o
                0x08003bf0                HAL_MPU_Disable
 .text.HAL_MPU_Enable
                0x08003c20       0x40 ./Drivers/STM32H7xx_HAL_Driver/Src/stm32h7xx_hal_cortex.o
                0x08003c20                HAL_MPU_Enable
 .text.HAL_MPU_ConfigRegion
                0x08003c60       0x80 ./Drivers/STM32H7xx_HAL_Driver/Src/stm32h7xx_hal_cortex.o
                0x08003c60                HAL_MPU_ConfigRegion
 .text.HAL_DMA_Init
                0x08003ce0      0x6b0 ./Drivers/STM32H7xx_HAL_Driver/Src/stm32h7xx_hal_dma.o
                0x08003ce0                HAL_DMA_Init
 .text.HAL_DMA_Start_IT
                0x08004390      0x4d4 ./Drivers/STM32H7xx_HAL_Driver/Src/stm32h7xx_hal_dma.o
                0x08004390                HAL_DMA_Start_IT
 .text.HAL_DMA_IRQHandler
                0x08004864      0xe54 ./Drivers/STM32H7xx_HAL_Driver/Src/stm32h7xx_hal_dma.o
                0x08004864                HAL_DMA_IRQHandler
 .text.DMA_SetConfig
                0x080056b8      0x358 ./Drivers/STM32H7xx_HAL_Driver/Src/stm32h7xx_hal_dma.o
 .text.DMA_CalcBaseAndBitshift
                0x08005a10      0x164 ./Drivers/STM32H7xx_HAL_Driver/Src/stm32h7xx_hal_dma.o
 .text.DMA_CheckFifoParam
                0x08005b74       0xf8 ./Drivers/STM32H7xx_HAL_Driver/Src/stm32h7xx_hal_dma.o
 .text.DMA_CalcDMAMUXChannelBaseAndMask
                0x08005c6c      0x134 ./Drivers/STM32H7xx_HAL_Driver/Src/stm32h7xx_hal_dma.o
 .text.DMA_CalcDMAMUXRequestGenBaseAndMask
                0x08005da0       0xe8 ./Drivers/STM32H7xx_HAL_Driver/Src/stm32h7xx_hal_dma.o
 .text.HAL_GPIO_Init
                0x08005e88      0x350 ./Drivers/STM32H7xx_HAL_Driver/Src/stm32h7xx_hal_gpio.o
                0x08005e88                HAL_GPIO_Init
 .text.HAL_PWREx_ConfigSupply
                0x080061d8       0x74 ./Drivers/STM32H7xx_HAL_Driver/Src/stm32h7xx_hal_pwr_ex.o
                0x080061d8                HAL_PWREx_ConfigSupply
 .text.HAL_RCC_OscConfig
                0x0800624c      0x7b4 ./Drivers/STM32H7xx_HAL_Driver/Src/stm32h7xx_hal_rcc.o
                0x0800624c                HAL_RCC_OscConfig
 .text.HAL_RCC_ClockConfig
                0x08006a00      0x36c ./Drivers/STM32H7xx_HAL_Driver/Src/stm32h7xx_hal_rcc.o
                0x08006a00                HAL_RCC_ClockConfig
 .text.HAL_RCC_GetSysClockFreq
                0x08006d6c      0x2f4 ./Drivers/STM32H7xx_HAL_Driver/Src/stm32h7xx_hal_rcc.o
                0x08006d6c                HAL_RCC_GetSysClockFreq
 .text.HAL_RCC_GetHCLKFreq
                0x08007060       0x60 ./Drivers/STM32H7xx_HAL_Driver/Src/stm32h7xx_hal_rcc.o
                0x08007060                HAL_RCC_GetHCLKFreq
 .text.HAL_RCC_GetPCLK1Freq
                0x080070c0       0x2c ./Drivers/STM32H7xx_HAL_Driver/Src/stm32h7xx_hal_rcc.o
                0x080070c0                HAL_RCC_GetPCLK1Freq
 .text.HAL_RCCEx_PeriphCLKConfig
                0x080070ec     0x1340 ./Drivers/STM32H7xx_HAL_Driver/Src/stm32h7xx_hal_rcc_ex.o
                0x080070ec                HAL_RCCEx_PeriphCLKConfig
 .text.HAL_RCCEx_GetPeriphCLKFreq
                0x0800842c      0x9a4 ./Drivers/STM32H7xx_HAL_Driver/Src/stm32h7xx_hal_rcc_ex.o
                0x0800842c                HAL_RCCEx_GetPeriphCLKFreq
 .text.HAL_RCCEx_GetD3PCLK1Freq
                0x08008dd0       0x2c ./Drivers/STM32H7xx_HAL_Driver/Src/stm32h7xx_hal_rcc_ex.o
                0x08008dd0                HAL_RCCEx_GetD3PCLK1Freq
 .text.HAL_RCCEx_GetPLL2ClockFreq
                0x08008dfc      0x2a8 ./Drivers/STM32H7xx_HAL_Driver/Src/stm32h7xx_hal_rcc_ex.o
                0x08008dfc                HAL_RCCEx_GetPLL2ClockFreq
 .text.HAL_RCCEx_GetPLL3ClockFreq
                0x080090a4      0x2a8 ./Drivers/STM32H7xx_HAL_Driver/Src/stm32h7xx_hal_rcc_ex.o
                0x080090a4                HAL_RCCEx_GetPLL3ClockFreq
 .text.HAL_RCCEx_GetPLL1ClockFreq
                0x0800934c      0x2a4 ./Drivers/STM32H7xx_HAL_Driver/Src/stm32h7xx_hal_rcc_ex.o
                0x0800934c                HAL_RCCEx_GetPLL1ClockFreq
 .text.RCCEx_PLL2_Config
                0x080095f0      0x164 ./Drivers/STM32H7xx_HAL_Driver/Src/stm32h7xx_hal_rcc_ex.o
 .text.RCCEx_PLL3_Config
                0x08009754      0x164 ./Drivers/STM32H7xx_HAL_Driver/Src/stm32h7xx_hal_rcc_ex.o
 .text.HAL_TIM_Base_Init
                0x080098b8       0xae ./Drivers/STM32H7xx_HAL_Driver/Src/stm32h7xx_hal_tim.o
                0x080098b8                HAL_TIM_Base_Init
 *fill*         0x08009966        0x2 
 .text.HAL_TIM_Base_Start_IT
                0x08009968      0x10c ./Drivers/STM32H7xx_HAL_Driver/Src/stm32h7xx_hal_tim.o
                0x08009968                HAL_TIM_Base_Start_IT
 .text.HAL_TIM_PWM_Init
                0x08009a74       0xae ./Drivers/STM32H7xx_HAL_Driver/Src/stm32h7xx_hal_tim.o
                0x08009a74                HAL_TIM_PWM_Init
 .text.HAL_TIM_PWM_MspInit
                0x08009b22       0x14 ./Drivers/STM32H7xx_HAL_Driver/Src/stm32h7xx_hal_tim.o
                0x08009b22                HAL_TIM_PWM_MspInit
 .text.HAL_TIM_IRQHandler
                0x08009b36      0x20e ./Drivers/STM32H7xx_HAL_Driver/Src/stm32h7xx_hal_tim.o
                0x08009b36                HAL_TIM_IRQHandler
 .text.HAL_TIM_PWM_ConfigChannel
                0x08009d44      0x228 ./Drivers/STM32H7xx_HAL_Driver/Src/stm32h7xx_hal_tim.o
                0x08009d44                HAL_TIM_PWM_ConfigChannel
 .text.HAL_TIM_ConfigClockSource
                0x08009f6c      0x1f0 ./Drivers/STM32H7xx_HAL_Driver/Src/stm32h7xx_hal_tim.o
                0x08009f6c                HAL_TIM_ConfigClockSource
 .text.HAL_TIM_OC_DelayElapsedCallback
                0x0800a15c       0x14 ./Drivers/STM32H7xx_HAL_Driver/Src/stm32h7xx_hal_tim.o
                0x0800a15c                HAL_TIM_OC_DelayElapsedCallback
 .text.HAL_TIM_IC_CaptureCallback
                0x0800a170       0x14 ./Drivers/STM32H7xx_HAL_Driver/Src/stm32h7xx_hal_tim.o
                0x0800a170                HAL_TIM_IC_CaptureCallback
 .text.HAL_TIM_PWM_PulseFinishedCallback
                0x0800a184       0x14 ./Drivers/STM32H7xx_HAL_Driver/Src/stm32h7xx_hal_tim.o
                0x0800a184                HAL_TIM_PWM_PulseFinishedCallback
 .text.HAL_TIM_TriggerCallback
                0x0800a198       0x14 ./Drivers/STM32H7xx_HAL_Driver/Src/stm32h7xx_hal_tim.o
                0x0800a198                HAL_TIM_TriggerCallback
 .text.TIM_Base_SetConfig
                0x0800a1ac      0x158 ./Drivers/STM32H7xx_HAL_Driver/Src/stm32h7xx_hal_tim.o
                0x0800a1ac                TIM_Base_SetConfig
 .text.TIM_OC1_SetConfig
                0x0800a304      0x120 ./Drivers/STM32H7xx_HAL_Driver/Src/stm32h7xx_hal_tim.o
 .text.TIM_OC2_SetConfig
                0x0800a424      0x114 ./Drivers/STM32H7xx_HAL_Driver/Src/stm32h7xx_hal_tim.o
                0x0800a424                TIM_OC2_SetConfig
 .text.TIM_OC3_SetConfig
                0x0800a538      0x110 ./Drivers/STM32H7xx_HAL_Driver/Src/stm32h7xx_hal_tim.o
 .text.TIM_OC4_SetConfig
                0x0800a648       0xd4 ./Drivers/STM32H7xx_HAL_Driver/Src/stm32h7xx_hal_tim.o
 .text.TIM_OC5_SetConfig
                0x0800a71c       0xc8 ./Drivers/STM32H7xx_HAL_Driver/Src/stm32h7xx_hal_tim.o
 .text.TIM_OC6_SetConfig
                0x0800a7e4       0xcc ./Drivers/STM32H7xx_HAL_Driver/Src/stm32h7xx_hal_tim.o
 .text.TIM_TI1_ConfigInputStage
                0x0800a8b0       0x5e ./Drivers/STM32H7xx_HAL_Driver/Src/stm32h7xx_hal_tim.o
 .text.TIM_TI2_ConfigInputStage
                0x0800a90e       0x60 ./Drivers/STM32H7xx_HAL_Driver/Src/stm32h7xx_hal_tim.o
 *fill*         0x0800a96e        0x2 
 .text.TIM_ITRx_SetConfig
                0x0800a970       0x3c ./Drivers/STM32H7xx_HAL_Driver/Src/stm32h7xx_hal_tim.o
 .text.TIM_ETR_SetConfig
                0x0800a9ac       0x40 ./Drivers/STM32H7xx_HAL_Driver/Src/stm32h7xx_hal_tim.o
                0x0800a9ac                TIM_ETR_SetConfig
 .text.HAL_TIMEx_MasterConfigSynchronization
                0x0800a9ec      0x138 ./Drivers/STM32H7xx_HAL_Driver/Src/stm32h7xx_hal_tim_ex.o
                0x0800a9ec                HAL_TIMEx_MasterConfigSynchronization
 .text.HAL_TIMEx_ConfigBreakDeadTime
                0x0800ab24      0x118 ./Drivers/STM32H7xx_HAL_Driver/Src/stm32h7xx_hal_tim_ex.o
                0x0800ab24                HAL_TIMEx_ConfigBreakDeadTime
 .text.HAL_TIMEx_CommutCallback
                0x0800ac3c       0x14 ./Drivers/STM32H7xx_HAL_Driver/Src/stm32h7xx_hal_tim_ex.o
                0x0800ac3c                HAL_TIMEx_CommutCallback
 .text.HAL_TIMEx_BreakCallback
                0x0800ac50       0x14 ./Drivers/STM32H7xx_HAL_Driver/Src/stm32h7xx_hal_tim_ex.o
                0x0800ac50                HAL_TIMEx_BreakCallback
 .text.HAL_TIMEx_Break2Callback
                0x0800ac64       0x14 ./Drivers/STM32H7xx_HAL_Driver/Src/stm32h7xx_hal_tim_ex.o
                0x0800ac64                HAL_TIMEx_Break2Callback
 .text.RMSExp   0x0800ac78       0x98 ./Drivers/Simulink/TPGCI_STM32_4.o
 .text.Subsystempi2delay
                0x0800ad10       0x8a ./Drivers/Simulink/TPGCI_STM32_4.o
 .text.Subsystem1
                0x0800ad9a       0x8e ./Drivers/Simulink/TPGCI_STM32_4.o
 .text.rt_modd  0x0800ae28      0x178 ./Drivers/Simulink/TPGCI_STM32_4.o
                0x0800ae28                rt_modd
 .text.TPGCI_STM32_4_step
                0x0800afa0      0x648 ./Drivers/Simulink/TPGCI_STM32_4.o
                0x0800afa0                TPGCI_STM32_4_step
 .text.TPGCI_STM32_4_initialize
                0x0800b5e8        0xe ./Drivers/Simulink/TPGCI_STM32_4.o
                0x0800b5e8                TPGCI_STM32_4_initialize
 .text.memset   0x0800b5f6       0x10 C:/ST/STM32CubeIDE_1.17.0/STM32CubeIDE/plugins/com.st.stm32cube.ide.mcu.externaltools.gnu-tools-for-stm32.12.3.rel1.win32_1.1.0.202410251130/tools/bin/../lib/gcc/arm-none-eabi/12.3.1/../../../../arm-none-eabi/lib/thumb/v7e-m+dp/hard\libc_nano.a(libc_a-memset.o)
                0x0800b5f6                memset
 *fill*         0x0800b606        0x2 
 .text.__errno  0x0800b608        0xc C:/ST/STM32CubeIDE_1.17.0/STM32CubeIDE/plugins/com.st.stm32cube.ide.mcu.externaltools.gnu-tools-for-stm32.12.3.rel1.win32_1.1.0.202410251130/tools/bin/../lib/gcc/arm-none-eabi/12.3.1/../../../../arm-none-eabi/lib/thumb/v7e-m+dp/hard\libc_nano.a(libc_a-errno.o)
                0x0800b608                __errno
 .text.__libc_init_array
                0x0800b614       0x48 C:/ST/STM32CubeIDE_1.17.0/STM32CubeIDE/plugins/com.st.stm32cube.ide.mcu.externaltools.gnu-tools-for-stm32.12.3.rel1.win32_1.1.0.202410251130/tools/bin/../lib/gcc/arm-none-eabi/12.3.1/../../../../arm-none-eabi/lib/thumb/v7e-m+dp/hard\libc_nano.a(libc_a-init.o)
                0x0800b614                __libc_init_array
 *fill*         0x0800b65c        0x4 
 .text.fmod     0x0800b660       0x48 C:/ST/STM32CubeIDE_1.17.0/STM32CubeIDE/plugins/com.st.stm32cube.ide.mcu.externaltools.gnu-tools-for-stm32.12.3.rel1.win32_1.1.0.202410251130/tools/bin/../lib/gcc/arm-none-eabi/12.3.1/../../../../arm-none-eabi/lib/thumb/v7e-m+dp/hard\libm.a(libm_a-w_fmod.o)
                0x0800b660                fmod
 .text.sqrt     0x0800b6a8       0x40 C:/ST/STM32CubeIDE_1.17.0/STM32CubeIDE/plugins/com.st.stm32cube.ide.mcu.externaltools.gnu-tools-for-stm32.12.3.rel1.win32_1.1.0.202410251130/tools/bin/../lib/gcc/arm-none-eabi/12.3.1/../../../../arm-none-eabi/lib/thumb/v7e-m+dp/hard\libm.a(libm_a-w_sqrt.o)
                0x0800b6a8                sqrt
 .text.cos      0x0800b6e8       0x98 C:/ST/STM32CubeIDE_1.17.0/STM32CubeIDE/plugins/com.st.stm32cube.ide.mcu.externaltools.gnu-tools-for-stm32.12.3.rel1.win32_1.1.0.202410251130/tools/bin/../lib/gcc/arm-none-eabi/12.3.1/../../../../arm-none-eabi/lib/thumb/v7e-m+dp/hard\libm.a(libm_a-s_cos.o)
                0x0800b6e8                cos
 .text.sin      0x0800b780       0x98 C:/ST/STM32CubeIDE_1.17.0/STM32CubeIDE/plugins/com.st.stm32cube.ide.mcu.externaltools.gnu-tools-for-stm32.12.3.rel1.win32_1.1.0.202410251130/tools/bin/../lib/gcc/arm-none-eabi/12.3.1/../../../../arm-none-eabi/lib/thumb/v7e-m+dp/hard\libm.a(libm_a-s_sin.o)
                0x0800b780                sin
 .text.__ieee754_sqrt
                0x0800b818        0x6 C:/ST/STM32CubeIDE_1.17.0/STM32CubeIDE/plugins/com.st.stm32cube.ide.mcu.externaltools.gnu-tools-for-stm32.12.3.rel1.win32_1.1.0.202410251130/tools/bin/../lib/gcc/arm-none-eabi/12.3.1/../../../../arm-none-eabi/lib/thumb/v7e-m+dp/hard\libm.a(libm_a-e_sqrt.o)
                0x0800b818                __ieee754_sqrt
 *fill*         0x0800b81e        0x2 
 .text.floor    0x0800b820       0xf0 C:/ST/STM32CubeIDE_1.17.0/STM32CubeIDE/plugins/com.st.stm32cube.ide.mcu.externaltools.gnu-tools-for-stm32.12.3.rel1.win32_1.1.0.202410251130/tools/bin/../lib/gcc/arm-none-eabi/12.3.1/../../../../arm-none-eabi/lib/thumb/v7e-m+dp/hard\libm.a(libm_a-s_floor.o)
                0x0800b820                floor
 .text.__kernel_cos
                0x0800b910       0xd0 C:/ST/STM32CubeIDE_1.17.0/STM32CubeIDE/plugins/com.st.stm32cube.ide.mcu.externaltools.gnu-tools-for-stm32.12.3.rel1.win32_1.1.0.202410251130/tools/bin/../lib/gcc/arm-none-eabi/12.3.1/../../../../arm-none-eabi/lib/thumb/v7e-m+dp/hard\libm.a(libm_a-k_cos.o)
                0x0800b910                __kernel_cos
 .text.__kernel_sin
                0x0800b9e0       0xb0 C:/ST/STM32CubeIDE_1.17.0/STM32CubeIDE/plugins/com.st.stm32cube.ide.mcu.externaltools.gnu-tools-for-stm32.12.3.rel1.win32_1.1.0.202410251130/tools/bin/../lib/gcc/arm-none-eabi/12.3.1/../../../../arm-none-eabi/lib/thumb/v7e-m+dp/hard\libm.a(libm_a-k_sin.o)
                0x0800b9e0                __kernel_sin
 .text.__ieee754_fmod
                0x0800ba90      0x218 C:/ST/STM32CubeIDE_1.17.0/STM32CubeIDE/plugins/com.st.stm32cube.ide.mcu.externaltools.gnu-tools-for-stm32.12.3.rel1.win32_1.1.0.202410251130/tools/bin/../lib/gcc/arm-none-eabi/12.3.1/../../../../arm-none-eabi/lib/thumb/v7e-m+dp/hard\libm.a(libm_a-e_fmod.o)
                0x0800ba90                __ieee754_fmod
 .text.__ieee754_rem_pio2
                0x0800bca8      0x288 C:/ST/STM32CubeIDE_1.17.0/STM32CubeIDE/plugins/com.st.stm32cube.ide.mcu.externaltools.gnu-tools-for-stm32.12.3.rel1.win32_1.1.0.202410251130/tools/bin/../lib/gcc/arm-none-eabi/12.3.1/../../../../arm-none-eabi/lib/thumb/v7e-m+dp/hard\libm.a(libm_a-e_rem_pio2.o)
                0x0800bca8                __ieee754_rem_pio2
 .text.fabs     0x0800bf30       0x10 C:/ST/STM32CubeIDE_1.17.0/STM32CubeIDE/plugins/com.st.stm32cube.ide.mcu.externaltools.gnu-tools-for-stm32.12.3.rel1.win32_1.1.0.202410251130/tools/bin/../lib/gcc/arm-none-eabi/12.3.1/../../../../arm-none-eabi/lib/thumb/v7e-m+dp/hard\libm.a(libm_a-s_fabs.o)
                0x0800bf30                fabs
 .text.__kernel_rem_pio2
                0x0800bf40      0x4f8 C:/ST/STM32CubeIDE_1.17.0/STM32CubeIDE/plugins/com.st.stm32cube.ide.mcu.externaltools.gnu-tools-for-stm32.12.3.rel1.win32_1.1.0.202410251130/tools/bin/../lib/gcc/arm-none-eabi/12.3.1/../../../../arm-none-eabi/lib/thumb/v7e-m+dp/hard\libm.a(libm_a-k_rem_pio2.o)
                0x0800bf40                __kernel_rem_pio2
 .text.scalbn   0x0800c438       0xfc C:/ST/STM32CubeIDE_1.17.0/STM32CubeIDE/plugins/com.st.stm32cube.ide.mcu.externaltools.gnu-tools-for-stm32.12.3.rel1.win32_1.1.0.202410251130/tools/bin/../lib/gcc/arm-none-eabi/12.3.1/../../../../arm-none-eabi/lib/thumb/v7e-m+dp/hard\libm.a(libm_a-s_scalbn.o)
                0x0800c438                scalbn
 *(.glue_7)
 .glue_7        0x0800c534        0x0 linker stubs
 *(.glue_7t)
 .glue_7t       0x0800c534        0x0 linker stubs
 *(.eh_frame)
 .eh_frame      0x0800c534        0x0 C:/ST/STM32CubeIDE_1.17.0/STM32CubeIDE/plugins/com.st.stm32cube.ide.mcu.externaltools.gnu-tools-for-stm32.12.3.rel1.win32_1.1.0.202410251130/tools/bin/../lib/gcc/arm-none-eabi/12.3.1/thumb/v7e-m+dp/hard/crtbegin.o
 *(.init)
 .init          0x0800c534        0x4 C:/ST/STM32CubeIDE_1.17.0/STM32CubeIDE/plugins/com.st.stm32cube.ide.mcu.externaltools.gnu-tools-for-stm32.12.3.rel1.win32_1.1.0.202410251130/tools/bin/../lib/gcc/arm-none-eabi/12.3.1/thumb/v7e-m+dp/hard/crti.o
                0x0800c534                _init
 .init          0x0800c538        0x8 C:/ST/STM32CubeIDE_1.17.0/STM32CubeIDE/plugins/com.st.stm32cube.ide.mcu.externaltools.gnu-tools-for-stm32.12.3.rel1.win32_1.1.0.202410251130/tools/bin/../lib/gcc/arm-none-eabi/12.3.1/thumb/v7e-m+dp/hard/crtn.o
 *(.fini)
 .fini          0x0800c540        0x4 C:/ST/STM32CubeIDE_1.17.0/STM32CubeIDE/plugins/com.st.stm32cube.ide.mcu.externaltools.gnu-tools-for-stm32.12.3.rel1.win32_1.1.0.202410251130/tools/bin/../lib/gcc/arm-none-eabi/12.3.1/thumb/v7e-m+dp/hard/crti.o
                0x0800c540                _fini
 .fini          0x0800c544        0x8 C:/ST/STM32CubeIDE_1.17.0/STM32CubeIDE/plugins/com.st.stm32cube.ide.mcu.externaltools.gnu-tools-for-stm32.12.3.rel1.win32_1.1.0.202410251130/tools/bin/../lib/gcc/arm-none-eabi/12.3.1/thumb/v7e-m+dp/hard/crtn.o
                0x0800c54c                        . = ALIGN (0x4)
                0x0800c54c                        _etext = .

.vfp11_veneer   0x0800c54c        0x0
 .vfp11_veneer  0x0800c54c        0x0 linker stubs

.v4_bx          0x0800c54c        0x0
 .v4_bx         0x0800c54c        0x0 linker stubs

.iplt           0x0800c54c        0x0
 .iplt          0x0800c54c        0x0 C:/ST/STM32CubeIDE_1.17.0/STM32CubeIDE/plugins/com.st.stm32cube.ide.mcu.externaltools.gnu-tools-for-stm32.12.3.rel1.win32_1.1.0.202410251130/tools/bin/../lib/gcc/arm-none-eabi/12.3.1/thumb/v7e-m+dp/hard/crtbegin.o

.rodata         0x0800c550      0x298
                0x0800c550                        . = ALIGN (0x4)
 *(.rodata)
 *(.rodata*)
 .rodata.D1CorePrescTable
                0x0800c550       0x10 ./Core/Src/system_stm32h7xx.o
                0x0800c550                D1CorePrescTable
 .rodata.flagBitshiftOffset.0
                0x0800c560        0x8 ./Drivers/STM32H7xx_HAL_Driver/Src/stm32h7xx_hal_dma.o
 .rodata.rtConstB
                0x0800c568        0x2 ./Drivers/Simulink/TPGCI_STM32_4_data.o
                0x0800c568                rtConstB
 *fill*         0x0800c56a        0x6 
 .rodata.rtConstP
                0x0800c570       0x90 ./Drivers/Simulink/TPGCI_STM32_4_data.o
                0x0800c570                rtConstP
 .rodata.Zero   0x0800c600       0x10 C:/ST/STM32CubeIDE_1.17.0/STM32CubeIDE/plugins/com.st.stm32cube.ide.mcu.externaltools.gnu-tools-for-stm32.12.3.rel1.win32_1.1.0.202410251130/tools/bin/../lib/gcc/arm-none-eabi/12.3.1/../../../../arm-none-eabi/lib/thumb/v7e-m+dp/hard\libm.a(libm_a-e_fmod.o)
 .rodata.npio2_hw
                0x0800c610       0x80 C:/ST/STM32CubeIDE_1.17.0/STM32CubeIDE/plugins/com.st.stm32cube.ide.mcu.externaltools.gnu-tools-for-stm32.12.3.rel1.win32_1.1.0.202410251130/tools/bin/../lib/gcc/arm-none-eabi/12.3.1/../../../../arm-none-eabi/lib/thumb/v7e-m+dp/hard\libm.a(libm_a-e_rem_pio2.o)
 .rodata.two_over_pi
                0x0800c690      0x108 C:/ST/STM32CubeIDE_1.17.0/STM32CubeIDE/plugins/com.st.stm32cube.ide.mcu.externaltools.gnu-tools-for-stm32.12.3.rel1.win32_1.1.0.202410251130/tools/bin/../lib/gcc/arm-none-eabi/12.3.1/../../../../arm-none-eabi/lib/thumb/v7e-m+dp/hard\libm.a(libm_a-e_rem_pio2.o)
 .rodata.PIo2   0x0800c798       0x40 C:/ST/STM32CubeIDE_1.17.0/STM32CubeIDE/plugins/com.st.stm32cube.ide.mcu.externaltools.gnu-tools-for-stm32.12.3.rel1.win32_1.1.0.202410251130/tools/bin/../lib/gcc/arm-none-eabi/12.3.1/../../../../arm-none-eabi/lib/thumb/v7e-m+dp/hard\libm.a(libm_a-k_rem_pio2.o)
 .rodata.init_jk
                0x0800c7d8       0x10 C:/ST/STM32CubeIDE_1.17.0/STM32CubeIDE/plugins/com.st.stm32cube.ide.mcu.externaltools.gnu-tools-for-stm32.12.3.rel1.win32_1.1.0.202410251130/tools/bin/../lib/gcc/arm-none-eabi/12.3.1/../../../../arm-none-eabi/lib/thumb/v7e-m+dp/hard\libm.a(libm_a-k_rem_pio2.o)
                0x0800c7e8                        . = ALIGN (0x4)

.ARM.extab
 *(.ARM.extab* .gnu.linkonce.armextab.*)

.ARM            0x0800c7e8        0x0
                0x0800c7e8                        __exidx_start = .
 *(.ARM.exidx*)
                0x0800c7e8                        __exidx_end = .

.preinit_array  0x0800c7e8        0x0
                0x0800c7e8                        PROVIDE (__preinit_array_start = .)
 *(.preinit_array*)
                0x0800c7e8                        PROVIDE (__preinit_array_end = .)

.init_array     0x0800c7e8        0x4
                0x0800c7e8                        PROVIDE (__init_array_start = .)
 *(SORT_BY_NAME(.init_array.*))
 *(.init_array*)
 .init_array    0x0800c7e8        0x4 C:/ST/STM32CubeIDE_1.17.0/STM32CubeIDE/plugins/com.st.stm32cube.ide.mcu.externaltools.gnu-tools-for-stm32.12.3.rel1.win32_1.1.0.202410251130/tools/bin/../lib/gcc/arm-none-eabi/12.3.1/thumb/v7e-m+dp/hard/crtbegin.o
                0x0800c7ec                        PROVIDE (__init_array_end = .)

.fini_array     0x0800c7ec        0x4
                [!provide]                        PROVIDE (__fini_array_start = .)
 *(SORT_BY_NAME(.fini_array.*))
 *(.fini_array*)
 .fini_array    0x0800c7ec        0x4 C:/ST/STM32CubeIDE_1.17.0/STM32CubeIDE/plugins/com.st.stm32cube.ide.mcu.externaltools.gnu-tools-for-stm32.12.3.rel1.win32_1.1.0.202410251130/tools/bin/../lib/gcc/arm-none-eabi/12.3.1/thumb/v7e-m+dp/hard/crtbegin.o
                [!provide]                        PROVIDE (__fini_array_end = .)
                0x0800c7f0                        _sidata = LOADADDR (.data)

.rel.dyn        0x0800c7f0        0x0
 .rel.iplt      0x0800c7f0        0x0 C:/ST/STM32CubeIDE_1.17.0/STM32CubeIDE/plugins/com.st.stm32cube.ide.mcu.externaltools.gnu-tools-for-stm32.12.3.rel1.win32_1.1.0.202410251130/tools/bin/../lib/gcc/arm-none-eabi/12.3.1/thumb/v7e-m+dp/hard/crtbegin.o

.data           0x24000000       0x78 load address 0x0800c7f0
                0x24000000                        . = ALIGN (0x4)
                0x24000000                        _sdata = .
 *(.data)
 *(.data*)
 .data.VOLTAGE_R_OFFSET
                0x24000000        0x4 ./Core/Src/main.o
                0x24000000                VOLTAGE_R_OFFSET
 .data.VOLTAGE_Y_OFFSET
                0x24000004        0x4 ./Core/Src/main.o
                0x24000004                VOLTAGE_Y_OFFSET
 .data.VOLTAGE_B_OFFSET
                0x24000008        0x4 ./Core/Src/main.o
                0x24000008                VOLTAGE_B_OFFSET
 .data.CURRENT_R_OFFSET
                0x2400000c        0x4 ./Core/Src/main.o
                0x2400000c                CURRENT_R_OFFSET
 .data.CURRENT_Y_OFFSET
                0x24000010        0x4 ./Core/Src/main.o
                0x24000010                CURRENT_Y_OFFSET
 .data.CURRENT_B_OFFSET
                0x24000014        0x4 ./Core/Src/main.o
                0x24000014                CURRENT_B_OFFSET
 .data.SystemCoreClock
                0x24000018        0x4 ./Core/Src/system_stm32h7xx.o
                0x24000018                SystemCoreClock
 .data.SystemD2Clock
                0x2400001c        0x4 ./Core/Src/system_stm32h7xx.o
                0x2400001c                SystemD2Clock
 .data.uwTickPrio
                0x24000020        0x4 ./Drivers/STM32H7xx_HAL_Driver/Src/stm32h7xx_hal.o
                0x24000020                uwTickPrio
 .data.uwTickFreq
                0x24000024        0x1 ./Drivers/STM32H7xx_HAL_Driver/Src/stm32h7xx_hal.o
                0x24000024                uwTickFreq
 *fill*         0x24000025        0x3 
 .data._impure_ptr
                0x24000028        0x4 C:/ST/STM32CubeIDE_1.17.0/STM32CubeIDE/plugins/com.st.stm32cube.ide.mcu.externaltools.gnu-tools-for-stm32.12.3.rel1.win32_1.1.0.202410251130/tools/bin/../lib/gcc/arm-none-eabi/12.3.1/../../../../arm-none-eabi/lib/thumb/v7e-m+dp/hard\libc_nano.a(libc_a-impure.o)
                0x24000028                _impure_ptr
 .data._impure_data
                0x2400002c       0x4c C:/ST/STM32CubeIDE_1.17.0/STM32CubeIDE/plugins/com.st.stm32cube.ide.mcu.externaltools.gnu-tools-for-stm32.12.3.rel1.win32_1.1.0.202410251130/tools/bin/../lib/gcc/arm-none-eabi/12.3.1/../../../../arm-none-eabi/lib/thumb/v7e-m+dp/hard\libc_nano.a(libc_a-impure.o)
                0x2400002c                _impure_data
 *(.RamFunc)
 *(.RamFunc*)
                0x24000078                        . = ALIGN (0x4)
                0x24000078                        _edata = .

.igot.plt       0x24000078        0x0 load address 0x0800c868
 .igot.plt      0x24000078        0x0 C:/ST/STM32CubeIDE_1.17.0/STM32CubeIDE/plugins/com.st.stm32cube.ide.mcu.externaltools.gnu-tools-for-stm32.12.3.rel1.win32_1.1.0.202410251130/tools/bin/../lib/gcc/arm-none-eabi/12.3.1/thumb/v7e-m+dp/hard/crtbegin.o
                0x24000078                        . = ALIGN (0x4)

.bss            0x24000078      0x6e8 load address 0x0800c868
                0x24000078                        _sbss = .
                0x24000078                        __bss_start__ = _sbss
 *(.bss)
 .bss           0x24000078       0x1c C:/ST/STM32CubeIDE_1.17.0/STM32CubeIDE/plugins/com.st.stm32cube.ide.mcu.externaltools.gnu-tools-for-stm32.12.3.rel1.win32_1.1.0.202410251130/tools/bin/../lib/gcc/arm-none-eabi/12.3.1/thumb/v7e-m+dp/hard/crtbegin.o
 *(.bss*)
 .bss.hadc1     0x24000094       0x70 ./Core/Src/main.o
                0x24000094                hadc1
 .bss.hadc2     0x24000104       0x70 ./Core/Src/main.o
                0x24000104                hadc2
 .bss.hadc3     0x24000174       0x70 ./Core/Src/main.o
                0x24000174                hadc3
 .bss.hdma_adc1
                0x240001e4       0x78 ./Core/Src/main.o
                0x240001e4                hdma_adc1
 .bss.hdma_adc2
                0x2400025c       0x78 ./Core/Src/main.o
                0x2400025c                hdma_adc2
 .bss.hdma_adc3
                0x240002d4       0x78 ./Core/Src/main.o
                0x240002d4                hdma_adc3
 .bss.htim1     0x2400034c       0x4c ./Core/Src/main.o
                0x2400034c                htim1
 .bss.htim2     0x24000398       0x4c ./Core/Src/main.o
                0x24000398                htim2
 .bss.VOLTAGE_R_PHASE
                0x240003e4        0x4 ./Core/Src/main.o
                0x240003e4                VOLTAGE_R_PHASE
 .bss.VOLTAGE_Y_PHASE
                0x240003e8        0x4 ./Core/Src/main.o
                0x240003e8                VOLTAGE_Y_PHASE
 .bss.VOLTAGE_B_PHASE
                0x240003ec        0x4 ./Core/Src/main.o
                0x240003ec                VOLTAGE_B_PHASE
 .bss.CURRENT_R_PHASE
                0x240003f0        0x4 ./Core/Src/main.o
                0x240003f0                CURRENT_R_PHASE
 .bss.CURRENT_Y_PHASE
                0x240003f4        0x4 ./Core/Src/main.o
                0x240003f4                CURRENT_Y_PHASE
 .bss.CURRENT_B_PHASE
                0x240003f8        0x4 ./Core/Src/main.o
                0x240003f8                CURRENT_B_PHASE
 .bss.DC_Voltage
                0x240003fc        0x4 ./Core/Src/main.o
                0x240003fc                DC_Voltage
 .bss.DC_Current
                0x24000400        0x4 ./Core/Src/main.o
                0x24000400                DC_Current
 .bss.VoltageadcBuffer
                0x24000404        0x6 ./Core/Src/main.o
                0x24000404                VoltageadcBuffer
 *fill*         0x2400040a        0x2 
 .bss.CurrentadcBuffer
                0x2400040c        0x6 ./Core/Src/main.o
                0x2400040c                CurrentadcBuffer
 *fill*         0x24000412        0x2 
 .bss.DCSenseBuffer
                0x24000414        0x4 ./Core/Src/main.o
                0x24000414                DCSenseBuffer
 .bss.Tim1_check
                0x24000418        0x4 ./Core/Src/main.o
                0x24000418                Tim1_check
 .bss.Tim2_check
                0x2400041c        0x4 ./Core/Src/main.o
                0x2400041c                Tim2_check
 .bss.ADC1_Check
                0x24000420        0x4 ./Core/Src/main.o
                0x24000420                ADC1_Check
 .bss.ADC2_Check
                0x24000424        0x4 ./Core/Src/main.o
                0x24000424                ADC2_Check
 .bss.ADC3_Check
                0x24000428        0x4 ./Core/Src/main.o
                0x24000428                ADC3_Check
 .bss.VoltageR_Input
                0x2400042c        0xc ./Core/Src/main.o
                0x2400042c                VoltageR_Input
 .bss.VoltageR_Output
                0x24000438        0xc ./Core/Src/main.o
                0x24000438                VoltageR_Output
 .bss.VoltageY_Input
                0x24000444        0xc ./Core/Src/main.o
                0x24000444                VoltageY_Input
 .bss.VoltageY_Output
                0x24000450        0xc ./Core/Src/main.o
                0x24000450                VoltageY_Output
 .bss.VoltageB_Input
                0x2400045c        0xc ./Core/Src/main.o
                0x2400045c                VoltageB_Input
 .bss.VoltageB_Output
                0x24000468        0xc ./Core/Src/main.o
                0x24000468                VoltageB_Output
 .bss.CurrentR_Input
                0x24000474        0xc ./Core/Src/main.o
                0x24000474                CurrentR_Input
 .bss.CurrentR_Output
                0x24000480        0xc ./Core/Src/main.o
                0x24000480                CurrentR_Output
 .bss.CurrentY_Input
                0x2400048c        0xc ./Core/Src/main.o
                0x2400048c                CurrentY_Input
 .bss.CurrentY_Output
                0x24000498        0xc ./Core/Src/main.o
                0x24000498                CurrentY_Output
 .bss.CurrentB_Input
                0x240004a4        0xc ./Core/Src/main.o
                0x240004a4                CurrentB_Input
 .bss.CurrentB_Output
                0x240004b0        0xc ./Core/Src/main.o
                0x240004b0                CurrentB_Output
 .bss.HAL_RCC_ADC12_CLK_ENABLED
                0x240004bc        0x4 ./Core/Src/stm32h7xx_hal_msp.o
 .bss.uwTick    0x240004c0        0x4 ./Drivers/STM32H7xx_HAL_Driver/Src/stm32h7xx_hal.o
                0x240004c0                uwTick
 *fill*         0x240004c4        0x4 
 .bss.CCR_max   0x240004c8        0x8 ./Drivers/Simulink/TPGCI_STM32_4.o
                0x240004c8                CCR_max
 .bss.Freq      0x240004d0        0x8 ./Drivers/Simulink/TPGCI_STM32_4.o
                0x240004d0                Freq
 .bss.Ia_g      0x240004d8        0x8 ./Drivers/Simulink/TPGCI_STM32_4.o
                0x240004d8                Ia_g
 .bss.Iabc_gain
                0x240004e0        0x8 ./Drivers/Simulink/TPGCI_STM32_4.o
                0x240004e0                Iabc_gain
 .bss.Ib_g      0x240004e8        0x8 ./Drivers/Simulink/TPGCI_STM32_4.o
                0x240004e8                Ib_g
 .bss.Ic_g      0x240004f0        0x8 ./Drivers/Simulink/TPGCI_STM32_4.o
                0x240004f0                Ic_g
 .bss.Id        0x240004f8        0x8 ./Drivers/Simulink/TPGCI_STM32_4.o
                0x240004f8                Id
 .bss.Id_ref    0x24000500        0x8 ./Drivers/Simulink/TPGCI_STM32_4.o
                0x24000500                Id_ref
 .bss.Iq        0x24000508        0x8 ./Drivers/Simulink/TPGCI_STM32_4.o
                0x24000508                Iq
 .bss.PWMch1    0x24000510        0x8 ./Drivers/Simulink/TPGCI_STM32_4.o
                0x24000510                PWMch1
 .bss.PWMch2    0x24000518        0x8 ./Drivers/Simulink/TPGCI_STM32_4.o
                0x24000518                PWMch2
 .bss.PWMch3    0x24000520        0x8 ./Drivers/Simulink/TPGCI_STM32_4.o
                0x24000520                PWMch3
 .bss.Theta_g   0x24000528        0x8 ./Drivers/Simulink/TPGCI_STM32_4.o
                0x24000528                Theta_g
 .bss.VDC       0x24000530        0x8 ./Drivers/Simulink/TPGCI_STM32_4.o
                0x24000530                VDC
 .bss.Va_g      0x24000538        0x8 ./Drivers/Simulink/TPGCI_STM32_4.o
                0x24000538                Va_g
 .bss.Vabc_gain
                0x24000540        0x8 ./Drivers/Simulink/TPGCI_STM32_4.o
                0x24000540                Vabc_gain
 .bss.Vb_g      0x24000548        0x8 ./Drivers/Simulink/TPGCI_STM32_4.o
                0x24000548                Vb_g
 .bss.Vc_g      0x24000550        0x8 ./Drivers/Simulink/TPGCI_STM32_4.o
                0x24000550                Vc_g
 .bss.Vd_g      0x24000558        0x8 ./Drivers/Simulink/TPGCI_STM32_4.o
                0x24000558                Vd_g
 .bss.Vdc_gain  0x24000560        0x8 ./Drivers/Simulink/TPGCI_STM32_4.o
                0x24000560                Vdc_gain
 .bss.Vq_g      0x24000568        0x8 ./Drivers/Simulink/TPGCI_STM32_4.o
                0x24000568                Vq_g
 .bss.m_abc     0x24000570       0x18 ./Drivers/Simulink/TPGCI_STM32_4.o
                0x24000570                m_abc
 .bss.phasedelay
                0x24000588        0x8 ./Drivers/Simulink/TPGCI_STM32_4.o
                0x24000588                phasedelay
 .bss.rtDW      0x24000590       0x88 ./Drivers/Simulink/TPGCI_STM32_4.o
                0x24000590                rtDW
 .bss.rtY       0x24000618       0x10 ./Drivers/Simulink/TPGCI_STM32_4.o
                0x24000618                rtY
 .bss.__sf      0x24000628      0x138 C:/ST/STM32CubeIDE_1.17.0/STM32CubeIDE/plugins/com.st.stm32cube.ide.mcu.externaltools.gnu-tools-for-stm32.12.3.rel1.win32_1.1.0.202410251130/tools/bin/../lib/gcc/arm-none-eabi/12.3.1/../../../../arm-none-eabi/lib/thumb/v7e-m+dp/hard\libc_nano.a(libc_a-findfp.o)
                0x24000628                __sf
 *(COMMON)
                0x24000760                        . = ALIGN (0x4)
                0x24000760                        _ebss = .
                0x24000760                        __bss_end__ = _ebss

._user_heap_stack
                0x24000760      0x600 load address 0x0800c868
                0x24000760                        . = ALIGN (0x8)
                [!provide]                        PROVIDE (end = .)
                0x24000760                        PROVIDE (_end = .)
                0x24000960                        . = (. + _Min_Heap_Size)
 *fill*         0x24000760      0x200 
                0x24000d60                        . = (. + _Min_Stack_Size)
 *fill*         0x24000960      0x400 
                0x24000d60                        . = ALIGN (0x8)

/DISCARD/
 libc.a(*)
 libm.a(*)
 libgcc.a(*)

.ARM.attributes
                0x00000000       0x2e
 *(.ARM.attributes)
 .ARM.attributes
                0x00000000       0x20 C:/ST/STM32CubeIDE_1.17.0/STM32CubeIDE/plugins/com.st.stm32cube.ide.mcu.externaltools.gnu-tools-for-stm32.12.3.rel1.win32_1.1.0.202410251130/tools/bin/../lib/gcc/arm-none-eabi/12.3.1/thumb/v7e-m+dp/hard/crti.o
 .ARM.attributes
                0x00000020       0x32 C:/ST/STM32CubeIDE_1.17.0/STM32CubeIDE/plugins/com.st.stm32cube.ide.mcu.externaltools.gnu-tools-for-stm32.12.3.rel1.win32_1.1.0.202410251130/tools/bin/../lib/gcc/arm-none-eabi/12.3.1/thumb/v7e-m+dp/hard/crtbegin.o
 .ARM.attributes
                0x00000052       0x32 ./Core/Src/butterworth_filter.o
 .ARM.attributes
                0x00000084       0x32 ./Core/Src/main.o
 .ARM.attributes
                0x000000b6       0x32 ./Core/Src/stm32h7xx_hal_msp.o
 .ARM.attributes
                0x000000e8       0x32 ./Core/Src/stm32h7xx_it.o
 .ARM.attributes
                0x0000011a       0x32 ./Core/Src/system_stm32h7xx.o
 .ARM.attributes
                0x0000014c       0x21 ./Core/Startup/startup_stm32h723zgtx.o
 .ARM.attributes
                0x0000016d       0x32 ./Drivers/STM32H7xx_HAL_Driver/Src/stm32h7xx_hal.o
 .ARM.attributes
                0x0000019f       0x32 ./Drivers/STM32H7xx_HAL_Driver/Src/stm32h7xx_hal_adc.o
 .ARM.attributes
                0x000001d1       0x32 ./Drivers/STM32H7xx_HAL_Driver/Src/stm32h7xx_hal_adc_ex.o
 .ARM.attributes
                0x00000203       0x32 ./Drivers/STM32H7xx_HAL_Driver/Src/stm32h7xx_hal_cortex.o
 .ARM.attributes
                0x00000235       0x32 ./Drivers/STM32H7xx_HAL_Driver/Src/stm32h7xx_hal_dma.o
 .ARM.attributes
                0x00000267       0x32 ./Drivers/STM32H7xx_HAL_Driver/Src/stm32h7xx_hal_gpio.o
 .ARM.attributes
                0x00000299       0x32 ./Drivers/STM32H7xx_HAL_Driver/Src/stm32h7xx_hal_pwr_ex.o
 .ARM.attributes
                0x000002cb       0x32 ./Drivers/STM32H7xx_HAL_Driver/Src/stm32h7xx_hal_rcc.o
 .ARM.attributes
                0x000002fd       0x32 ./Drivers/STM32H7xx_HAL_Driver/Src/stm32h7xx_hal_rcc_ex.o
 .ARM.attributes
                0x0000032f       0x32 ./Drivers/STM32H7xx_HAL_Driver/Src/stm32h7xx_hal_tim.o
 .ARM.attributes
                0x00000361       0x32 ./Drivers/STM32H7xx_HAL_Driver/Src/stm32h7xx_hal_tim_ex.o
 .ARM.attributes
                0x00000393       0x32 ./Drivers/Simulink/TPGCI_STM32_4.o
 .ARM.attributes
                0x000003c5       0x32 ./Drivers/Simulink/TPGCI_STM32_4_data.o
 .ARM.attributes
                0x000003f7       0x32 C:/ST/STM32CubeIDE_1.17.0/STM32CubeIDE/plugins/com.st.stm32cube.ide.mcu.externaltools.gnu-tools-for-stm32.12.3.rel1.win32_1.1.0.202410251130/tools/bin/../lib/gcc/arm-none-eabi/12.3.1/../../../../arm-none-eabi/lib/thumb/v7e-m+dp/hard\libc_nano.a(libc_a-findfp.o)
 .ARM.attributes
                0x00000429       0x32 C:/ST/STM32CubeIDE_1.17.0/STM32CubeIDE/plugins/com.st.stm32cube.ide.mcu.externaltools.gnu-tools-for-stm32.12.3.rel1.win32_1.1.0.202410251130/tools/bin/../lib/gcc/arm-none-eabi/12.3.1/../../../../arm-none-eabi/lib/thumb/v7e-m+dp/hard\libc_nano.a(libc_a-memset.o)
 .ARM.attributes
                0x0000045b       0x32 C:/ST/STM32CubeIDE_1.17.0/STM32CubeIDE/plugins/com.st.stm32cube.ide.mcu.externaltools.gnu-tools-for-stm32.12.3.rel1.win32_1.1.0.202410251130/tools/bin/../lib/gcc/arm-none-eabi/12.3.1/../../../../arm-none-eabi/lib/thumb/v7e-m+dp/hard\libc_nano.a(libc_a-impure.o)
 .ARM.attributes
                0x0000048d       0x32 C:/ST/STM32CubeIDE_1.17.0/STM32CubeIDE/plugins/com.st.stm32cube.ide.mcu.externaltools.gnu-tools-for-stm32.12.3.rel1.win32_1.1.0.202410251130/tools/bin/../lib/gcc/arm-none-eabi/12.3.1/../../../../arm-none-eabi/lib/thumb/v7e-m+dp/hard\libc_nano.a(libc_a-errno.o)
 .ARM.attributes
                0x000004bf       0x32 C:/ST/STM32CubeIDE_1.17.0/STM32CubeIDE/plugins/com.st.stm32cube.ide.mcu.externaltools.gnu-tools-for-stm32.12.3.rel1.win32_1.1.0.202410251130/tools/bin/../lib/gcc/arm-none-eabi/12.3.1/../../../../arm-none-eabi/lib/thumb/v7e-m+dp/hard\libc_nano.a(libc_a-init.o)
 .ARM.attributes
                0x000004f1       0x32 C:/ST/STM32CubeIDE_1.17.0/STM32CubeIDE/plugins/com.st.stm32cube.ide.mcu.externaltools.gnu-tools-for-stm32.12.3.rel1.win32_1.1.0.202410251130/tools/bin/../lib/gcc/arm-none-eabi/12.3.1/../../../../arm-none-eabi/lib/thumb/v7e-m+dp/hard\libm.a(libm_a-w_fmod.o)
 .ARM.attributes
                0x00000523       0x32 C:/ST/STM32CubeIDE_1.17.0/STM32CubeIDE/plugins/com.st.stm32cube.ide.mcu.externaltools.gnu-tools-for-stm32.12.3.rel1.win32_1.1.0.202410251130/tools/bin/../lib/gcc/arm-none-eabi/12.3.1/../../../../arm-none-eabi/lib/thumb/v7e-m+dp/hard\libm.a(libm_a-w_sqrt.o)
 .ARM.attributes
                0x00000555       0x32 C:/ST/STM32CubeIDE_1.17.0/STM32CubeIDE/plugins/com.st.stm32cube.ide.mcu.externaltools.gnu-tools-for-stm32.12.3.rel1.win32_1.1.0.202410251130/tools/bin/../lib/gcc/arm-none-eabi/12.3.1/../../../../arm-none-eabi/lib/thumb/v7e-m+dp/hard\libm.a(libm_a-s_cos.o)
 .ARM.attributes
                0x00000587       0x32 C:/ST/STM32CubeIDE_1.17.0/STM32CubeIDE/plugins/com.st.stm32cube.ide.mcu.externaltools.gnu-tools-for-stm32.12.3.rel1.win32_1.1.0.202410251130/tools/bin/../lib/gcc/arm-none-eabi/12.3.1/../../../../arm-none-eabi/lib/thumb/v7e-m+dp/hard\libm.a(libm_a-s_sin.o)
 .ARM.attributes
                0x000005b9       0x32 C:/ST/STM32CubeIDE_1.17.0/STM32CubeIDE/plugins/com.st.stm32cube.ide.mcu.externaltools.gnu-tools-for-stm32.12.3.rel1.win32_1.1.0.202410251130/tools/bin/../lib/gcc/arm-none-eabi/12.3.1/../../../../arm-none-eabi/lib/thumb/v7e-m+dp/hard\libm.a(libm_a-e_sqrt.o)
 .ARM.attributes
                0x000005eb       0x32 C:/ST/STM32CubeIDE_1.17.0/STM32CubeIDE/plugins/com.st.stm32cube.ide.mcu.externaltools.gnu-tools-for-stm32.12.3.rel1.win32_1.1.0.202410251130/tools/bin/../lib/gcc/arm-none-eabi/12.3.1/../../../../arm-none-eabi/lib/thumb/v7e-m+dp/hard\libm.a(libm_a-s_floor.o)
 .ARM.attributes
                0x0000061d       0x32 C:/ST/STM32CubeIDE_1.17.0/STM32CubeIDE/plugins/com.st.stm32cube.ide.mcu.externaltools.gnu-tools-for-stm32.12.3.rel1.win32_1.1.0.202410251130/tools/bin/../lib/gcc/arm-none-eabi/12.3.1/../../../../arm-none-eabi/lib/thumb/v7e-m+dp/hard\libm.a(libm_a-k_cos.o)
 .ARM.attributes
                0x0000064f       0x32 C:/ST/STM32CubeIDE_1.17.0/STM32CubeIDE/plugins/com.st.stm32cube.ide.mcu.externaltools.gnu-tools-for-stm32.12.3.rel1.win32_1.1.0.202410251130/tools/bin/../lib/gcc/arm-none-eabi/12.3.1/../../../../arm-none-eabi/lib/thumb/v7e-m+dp/hard\libm.a(libm_a-k_sin.o)
 .ARM.attributes
                0x00000681       0x32 C:/ST/STM32CubeIDE_1.17.0/STM32CubeIDE/plugins/com.st.stm32cube.ide.mcu.externaltools.gnu-tools-for-stm32.12.3.rel1.win32_1.1.0.202410251130/tools/bin/../lib/gcc/arm-none-eabi/12.3.1/../../../../arm-none-eabi/lib/thumb/v7e-m+dp/hard\libm.a(libm_a-e_fmod.o)
 .ARM.attributes
                0x000006b3       0x32 C:/ST/STM32CubeIDE_1.17.0/STM32CubeIDE/plugins/com.st.stm32cube.ide.mcu.externaltools.gnu-tools-for-stm32.12.3.rel1.win32_1.1.0.202410251130/tools/bin/../lib/gcc/arm-none-eabi/12.3.1/../../../../arm-none-eabi/lib/thumb/v7e-m+dp/hard\libm.a(libm_a-e_rem_pio2.o)
 .ARM.attributes
                0x000006e5       0x32 C:/ST/STM32CubeIDE_1.17.0/STM32CubeIDE/plugins/com.st.stm32cube.ide.mcu.externaltools.gnu-tools-for-stm32.12.3.rel1.win32_1.1.0.202410251130/tools/bin/../lib/gcc/arm-none-eabi/12.3.1/../../../../arm-none-eabi/lib/thumb/v7e-m+dp/hard\libm.a(libm_a-s_fabs.o)
 .ARM.attributes
                0x00000717       0x32 C:/ST/STM32CubeIDE_1.17.0/STM32CubeIDE/plugins/com.st.stm32cube.ide.mcu.externaltools.gnu-tools-for-stm32.12.3.rel1.win32_1.1.0.202410251130/tools/bin/../lib/gcc/arm-none-eabi/12.3.1/../../../../arm-none-eabi/lib/thumb/v7e-m+dp/hard\libm.a(libm_a-k_rem_pio2.o)
 .ARM.attributes
                0x00000749       0x32 C:/ST/STM32CubeIDE_1.17.0/STM32CubeIDE/plugins/com.st.stm32cube.ide.mcu.externaltools.gnu-tools-for-stm32.12.3.rel1.win32_1.1.0.202410251130/tools/bin/../lib/gcc/arm-none-eabi/12.3.1/../../../../arm-none-eabi/lib/thumb/v7e-m+dp/hard\libm.a(libm_a-s_scalbn.o)
 .ARM.attributes
                0x0000077b       0x20 C:/ST/STM32CubeIDE_1.17.0/STM32CubeIDE/plugins/com.st.stm32cube.ide.mcu.externaltools.gnu-tools-for-stm32.12.3.rel1.win32_1.1.0.202410251130/tools/bin/../lib/gcc/arm-none-eabi/12.3.1/thumb/v7e-m+dp/hard/crtn.o
OUTPUT(10khz.elf elf32-littlearm)
LOAD linker stubs
LOAD C:/ST/STM32CubeIDE_1.17.0/STM32CubeIDE/plugins/com.st.stm32cube.ide.mcu.externaltools.gnu-tools-for-stm32.12.3.rel1.win32_1.1.0.202410251130/tools/bin/../lib/gcc/arm-none-eabi/12.3.1/../../../../arm-none-eabi/lib/thumb/v7e-m+dp/hard\libc.a
LOAD C:/ST/STM32CubeIDE_1.17.0/STM32CubeIDE/plugins/com.st.stm32cube.ide.mcu.externaltools.gnu-tools-for-stm32.12.3.rel1.win32_1.1.0.202410251130/tools/bin/../lib/gcc/arm-none-eabi/12.3.1/../../../../arm-none-eabi/lib/thumb/v7e-m+dp/hard\libm.a
LOAD C:/ST/STM32CubeIDE_1.17.0/STM32CubeIDE/plugins/com.st.stm32cube.ide.mcu.externaltools.gnu-tools-for-stm32.12.3.rel1.win32_1.1.0.202410251130/tools/bin/../lib/gcc/arm-none-eabi/12.3.1/thumb/v7e-m+dp/hard\libgcc.a

.debug_info     0x00000000    0x159b3
 .debug_info    0x00000000       0xcf ./Core/Src/butterworth_filter.o
 .debug_info    0x000000cf     0x26d4 ./Core/Src/main.o
 .debug_info    0x000027a3     0x184b ./Core/Src/stm32h7xx_hal_msp.o
 .debug_info    0x00003fee      0xd75 ./Core/Src/stm32h7xx_it.o
 .debug_info    0x00004d63      0xbf0 ./Core/Src/system_stm32h7xx.o
 .debug_info    0x00005953       0x30 ./Core/Startup/startup_stm32h723zgtx.o
 .debug_info    0x00005983     0x1698 ./Drivers/STM32H7xx_HAL_Driver/Src/stm32h7xx_hal.o
 .debug_info    0x0000701b     0x2320 ./Drivers/STM32H7xx_HAL_Driver/Src/stm32h7xx_hal_adc.o
 .debug_info    0x0000933b     0x22fa ./Drivers/STM32H7xx_HAL_Driver/Src/stm32h7xx_hal_adc_ex.o
 .debug_info    0x0000b635     0x10a5 ./Drivers/STM32H7xx_HAL_Driver/Src/stm32h7xx_hal_cortex.o
 .debug_info    0x0000c6da      0xb71 ./Drivers/STM32H7xx_HAL_Driver/Src/stm32h7xx_hal_dma.o
 .debug_info    0x0000d24b      0xc6b ./Drivers/STM32H7xx_HAL_Driver/Src/stm32h7xx_hal_gpio.o
 .debug_info    0x0000deb6      0xdce ./Drivers/STM32H7xx_HAL_Driver/Src/stm32h7xx_hal_pwr_ex.o
 .debug_info    0x0000ec84      0xd82 ./Drivers/STM32H7xx_HAL_Driver/Src/stm32h7xx_hal_rcc.o
 .debug_info    0x0000fa06     0x120b ./Drivers/STM32H7xx_HAL_Driver/Src/stm32h7xx_hal_rcc_ex.o
 .debug_info    0x00010c11     0x2bae ./Drivers/STM32H7xx_HAL_Driver/Src/stm32h7xx_hal_tim.o
 .debug_info    0x000137bf     0x18c1 ./Drivers/STM32H7xx_HAL_Driver/Src/stm32h7xx_hal_tim_ex.o
 .debug_info    0x00015080      0x801 ./Drivers/Simulink/TPGCI_STM32_4.o
 .debug_info    0x00015881      0x132 ./Drivers/Simulink/TPGCI_STM32_4_data.o

.debug_abbrev   0x00000000     0x28c5
 .debug_abbrev  0x00000000       0x76 ./Core/Src/butterworth_filter.o
 .debug_abbrev  0x00000076      0x319 ./Core/Src/main.o
 .debug_abbrev  0x0000038f      0x276 ./Core/Src/stm32h7xx_hal_msp.o
 .debug_abbrev  0x00000605      0x1c0 ./Core/Src/stm32h7xx_it.o
 .debug_abbrev  0x000007c5      0x153 ./Core/Src/system_stm32h7xx.o
 .debug_abbrev  0x00000918       0x24 ./Core/Startup/startup_stm32h723zgtx.o
 .debug_abbrev  0x0000093c      0x29e ./Drivers/STM32H7xx_HAL_Driver/Src/stm32h7xx_hal.o
 .debug_abbrev  0x00000bda      0x307 ./Drivers/STM32H7xx_HAL_Driver/Src/stm32h7xx_hal_adc.o
 .debug_abbrev  0x00000ee1      0x345 ./Drivers/STM32H7xx_HAL_Driver/Src/stm32h7xx_hal_adc_ex.o
 .debug_abbrev  0x00001226      0x339 ./Drivers/STM32H7xx_HAL_Driver/Src/stm32h7xx_hal_cortex.o
 .debug_abbrev  0x0000155f      0x248 ./Drivers/STM32H7xx_HAL_Driver/Src/stm32h7xx_hal_dma.o
 .debug_abbrev  0x000017a7      0x205 ./Drivers/STM32H7xx_HAL_Driver/Src/stm32h7xx_hal_gpio.o
 .debug_abbrev  0x000019ac      0x295 ./Drivers/STM32H7xx_HAL_Driver/Src/stm32h7xx_hal_pwr_ex.o
 .debug_abbrev  0x00001c41      0x2b1 ./Drivers/STM32H7xx_HAL_Driver/Src/stm32h7xx_hal_rcc.o
 .debug_abbrev  0x00001ef2      0x269 ./Drivers/STM32H7xx_HAL_Driver/Src/stm32h7xx_hal_rcc_ex.o
 .debug_abbrev  0x0000215b      0x276 ./Drivers/STM32H7xx_HAL_Driver/Src/stm32h7xx_hal_tim.o
 .debug_abbrev  0x000023d1      0x296 ./Drivers/STM32H7xx_HAL_Driver/Src/stm32h7xx_hal_tim_ex.o
 .debug_abbrev  0x00002667      0x1c5 ./Drivers/Simulink/TPGCI_STM32_4.o
 .debug_abbrev  0x0000282c       0x99 ./Drivers/Simulink/TPGCI_STM32_4_data.o

.debug_aranges  0x00000000     0x12d0
 .debug_aranges
                0x00000000       0x20 ./Core/Src/butterworth_filter.o
 .debug_aranges
                0x00000020       0x88 ./Core/Src/main.o
 .debug_aranges
                0x000000a8       0x48 ./Core/Src/stm32h7xx_hal_msp.o
 .debug_aranges
                0x000000f0       0x98 ./Core/Src/stm32h7xx_it.o
 .debug_aranges
                0x00000188       0x30 ./Core/Src/system_stm32h7xx.o
 .debug_aranges
                0x000001b8       0x28 ./Core/Startup/startup_stm32h723zgtx.o
 .debug_aranges
                0x000001e0      0x1c8 ./Drivers/STM32H7xx_HAL_Driver/Src/stm32h7xx_hal.o
 .debug_aranges
                0x000003a8      0x268 ./Drivers/STM32H7xx_HAL_Driver/Src/stm32h7xx_hal_adc.o
 .debug_aranges
                0x00000610      0x1f8 ./Drivers/STM32H7xx_HAL_Driver/Src/stm32h7xx_hal_adc_ex.o
 .debug_aranges
                0x00000808      0x130 ./Drivers/STM32H7xx_HAL_Driver/Src/stm32h7xx_hal_cortex.o
 .debug_aranges
                0x00000938       0xa0 ./Drivers/STM32H7xx_HAL_Driver/Src/stm32h7xx_hal_dma.o
 .debug_aranges
                0x000009d8       0x58 ./Drivers/STM32H7xx_HAL_Driver/Src/stm32h7xx_hal_gpio.o
 .debug_aranges
                0x00000a30      0x148 ./Drivers/STM32H7xx_HAL_Driver/Src/stm32h7xx_hal_pwr_ex.o
 .debug_aranges
                0x00000b78       0x88 ./Drivers/STM32H7xx_HAL_Driver/Src/stm32h7xx_hal_rcc.o
 .debug_aranges
                0x00000c00       0xf8 ./Drivers/STM32H7xx_HAL_Driver/Src/stm32h7xx_hal_rcc_ex.o
 .debug_aranges
                0x00000cf8      0x3e0 ./Drivers/STM32H7xx_HAL_Driver/Src/stm32h7xx_hal_tim.o
 .debug_aranges
                0x000010d8      0x198 ./Drivers/STM32H7xx_HAL_Driver/Src/stm32h7xx_hal_tim_ex.o
 .debug_aranges
                0x00001270       0x48 ./Drivers/Simulink/TPGCI_STM32_4.o
 .debug_aranges
                0x000012b8       0x18 ./Drivers/Simulink/TPGCI_STM32_4_data.o

.debug_rnglists
                0x00000000      0xe7b
 .debug_rnglists
                0x00000000       0x14 ./Core/Src/butterworth_filter.o
 .debug_rnglists
                0x00000014       0x6a ./Core/Src/main.o
 .debug_rnglists
                0x0000007e       0x35 ./Core/Src/stm32h7xx_hal_msp.o
 .debug_rnglists
                0x000000b3       0x6d ./Core/Src/stm32h7xx_it.o
 .debug_rnglists
                0x00000120       0x21 ./Core/Src/system_stm32h7xx.o
 .debug_rnglists
                0x00000141       0x19 ./Core/Startup/startup_stm32h723zgtx.o
 .debug_rnglists
                0x0000015a      0x155 ./Drivers/STM32H7xx_HAL_Driver/Src/stm32h7xx_hal.o
 .debug_rnglists
                0x000002af      0x1db ./Drivers/STM32H7xx_HAL_Driver/Src/stm32h7xx_hal_adc.o
 .debug_rnglists
                0x0000048a      0x188 ./Drivers/STM32H7xx_HAL_Driver/Src/stm32h7xx_hal_adc_ex.o
 .debug_rnglists
                0x00000612       0xe0 ./Drivers/STM32H7xx_HAL_Driver/Src/stm32h7xx_hal_cortex.o
 .debug_rnglists
                0x000006f2       0x82 ./Drivers/STM32H7xx_HAL_Driver/Src/stm32h7xx_hal_dma.o
 .debug_rnglists
                0x00000774       0x3f ./Drivers/STM32H7xx_HAL_Driver/Src/stm32h7xx_hal_gpio.o
 .debug_rnglists
                0x000007b3       0xf5 ./Drivers/STM32H7xx_HAL_Driver/Src/stm32h7xx_hal_pwr_ex.o
 .debug_rnglists
                0x000008a8       0x68 ./Drivers/STM32H7xx_HAL_Driver/Src/stm32h7xx_hal_rcc.o
 .debug_rnglists
                0x00000910       0xc0 ./Drivers/STM32H7xx_HAL_Driver/Src/stm32h7xx_hal_rcc_ex.o
 .debug_rnglists
                0x000009d0      0x328 ./Drivers/STM32H7xx_HAL_Driver/Src/stm32h7xx_hal_tim.o
 .debug_rnglists
                0x00000cf8      0x14d ./Drivers/STM32H7xx_HAL_Driver/Src/stm32h7xx_hal_tim_ex.o
 .debug_rnglists
                0x00000e45       0x36 ./Drivers/Simulink/TPGCI_STM32_4.o

.debug_macro    0x00000000    0x3466f
 .debug_macro   0x00000000       0x72 ./Core/Src/butterworth_filter.o
 .debug_macro   0x00000072      0xad2 ./Core/Src/butterworth_filter.o
 .debug_macro   0x00000b44       0x22 ./Core/Src/butterworth_filter.o
 .debug_macro   0x00000b66       0x8e ./Core/Src/butterworth_filter.o
 .debug_macro   0x00000bf4       0x51 ./Core/Src/butterworth_filter.o
 .debug_macro   0x00000c45      0x103 ./Core/Src/butterworth_filter.o
 .debug_macro   0x00000d48       0x6a ./Core/Src/butterworth_filter.o
 .debug_macro   0x00000db2      0x1df ./Core/Src/butterworth_filter.o
 .debug_macro   0x00000f91       0x22 ./Core/Src/butterworth_filter.o
 .debug_macro   0x00000fb3      0x2dc ./Core/Src/main.o
 .debug_macro   0x0000128f      0x238 ./Core/Src/main.o
 .debug_macro   0x000014c7       0x2e ./Core/Src/main.o
 .debug_macro   0x000014f5       0x3b ./Core/Src/main.o
 .debug_macro   0x00001530       0x1c ./Core/Src/main.o
 .debug_macro   0x0000154c       0x22 ./Core/Src/main.o
 .debug_macro   0x0000156e       0xfb ./Core/Src/main.o
 .debug_macro   0x00001669     0x1305 ./Core/Src/main.o
 .debug_macro   0x0000296e      0x11f ./Core/Src/main.o
 .debug_macro   0x00002a8d       0x27 ./Core/Src/main.o
 .debug_macro   0x00002ab4    0x216c1 ./Core/Src/main.o
 .debug_macro   0x00024175       0x6d ./Core/Src/main.o
 .debug_macro   0x000241e2     0x3d64 ./Core/Src/main.o
 .debug_macro   0x00027f46      0x189 ./Core/Src/main.o
 .debug_macro   0x000280cf       0x61 ./Core/Src/main.o
 .debug_macro   0x00028130       0x29 ./Core/Src/main.o
 .debug_macro   0x00028159       0x43 ./Core/Src/main.o
 .debug_macro   0x0002819c       0x34 ./Core/Src/main.o
 .debug_macro   0x000281d0       0x16 ./Core/Src/main.o
 .debug_macro   0x000281e6       0x43 ./Core/Src/main.o
 .debug_macro   0x00028229       0x34 ./Core/Src/main.o
 .debug_macro   0x0002825d       0x10 ./Core/Src/main.o
 .debug_macro   0x0002826d       0x58 ./Core/Src/main.o
 .debug_macro   0x000282c5       0x8e ./Core/Src/main.o
 .debug_macro   0x00028353       0x1c ./Core/Src/main.o
 .debug_macro   0x0002836f      0x177 ./Core/Src/main.o
 .debug_macro   0x000284e6      0x369 ./Core/Src/main.o
 .debug_macro   0x0002884f      0x19b ./Core/Src/main.o
 .debug_macro   0x000289ea       0x5d ./Core/Src/main.o
 .debug_macro   0x00028a47     0x2462 ./Core/Src/main.o
 .debug_macro   0x0002aea9     0x1079 ./Core/Src/main.o
 .debug_macro   0x0002bf22      0x154 ./Core/Src/main.o
 .debug_macro   0x0002c076      0x114 ./Core/Src/main.o
 .debug_macro   0x0002c18a      0x3fc ./Core/Src/main.o
 .debug_macro   0x0002c586       0xac ./Core/Src/main.o
 .debug_macro   0x0002c632      0x788 ./Core/Src/main.o
 .debug_macro   0x0002cdba      0x228 ./Core/Src/main.o
 .debug_macro   0x0002cfe2       0x66 ./Core/Src/main.o
 .debug_macro   0x0002d048      0x3a6 ./Core/Src/main.o
 .debug_macro   0x0002d3ee      0x3f9 ./Core/Src/main.o
 .debug_macro   0x0002d7e7      0x275 ./Core/Src/main.o
 .debug_macro   0x0002da5c     0x1178 ./Core/Src/main.o
 .debug_macro   0x0002ebd4      0x7c8 ./Core/Src/main.o
 .debug_macro   0x0002f39c      0x3bb ./Core/Src/main.o
 .debug_macro   0x0002f757      0x3ca ./Core/Src/main.o
 .debug_macro   0x0002fb21      0x45c ./Core/Src/main.o
 .debug_macro   0x0002ff7d       0x3c ./Core/Src/main.o
 .debug_macro   0x0002ffb9       0x4a ./Core/Src/main.o
 .debug_macro   0x00030003      0x22c ./Core/Src/main.o
 .debug_macro   0x0003022f       0x67 ./Core/Src/main.o
 .debug_macro   0x00030296       0xa5 ./Core/Src/main.o
 .debug_macro   0x0003033b      0x1c4 ./Core/Src/main.o
 .debug_macro   0x000304ff      0x22a ./Core/Src/main.o
 .debug_macro   0x00030729       0x35 ./Core/Src/main.o
 .debug_macro   0x0003075e      0xb24 ./Core/Src/main.o
 .debug_macro   0x00031282      0x29f ./Core/Src/main.o
 .debug_macro   0x00031521      0x5f2 ./Core/Src/main.o
 .debug_macro   0x00031b13       0x28 ./Core/Src/main.o
 .debug_macro   0x00031b3b       0x10 ./Core/Src/main.o
 .debug_macro   0x00031b4b       0x22 ./Core/Src/main.o
 .debug_macro   0x00031b6d      0x2c1 ./Core/Src/stm32h7xx_hal_msp.o
 .debug_macro   0x00031e2e      0x2cb ./Core/Src/stm32h7xx_it.o
 .debug_macro   0x000320f9      0x2b7 ./Core/Src/system_stm32h7xx.o
 .debug_macro   0x000323b0      0x2e1 ./Drivers/STM32H7xx_HAL_Driver/Src/stm32h7xx_hal.o
 .debug_macro   0x00032691      0x2e2 ./Drivers/STM32H7xx_HAL_Driver/Src/stm32h7xx_hal_adc.o
 .debug_macro   0x00032973      0x2c3 ./Drivers/STM32H7xx_HAL_Driver/Src/stm32h7xx_hal_adc_ex.o
 .debug_macro   0x00032c36      0x2b7 ./Drivers/STM32H7xx_HAL_Driver/Src/stm32h7xx_hal_cortex.o
 .debug_macro   0x00032eed      0x30b ./Drivers/STM32H7xx_HAL_Driver/Src/stm32h7xx_hal_dma.o
 .debug_macro   0x000331f8      0x2be ./Drivers/STM32H7xx_HAL_Driver/Src/stm32h7xx_hal_gpio.o
 .debug_macro   0x000334b6      0x2f0 ./Drivers/STM32H7xx_HAL_Driver/Src/stm32h7xx_hal_pwr_ex.o
 .debug_macro   0x000337a6      0x2db ./Drivers/STM32H7xx_HAL_Driver/Src/stm32h7xx_hal_rcc.o
 .debug_macro   0x00033a81      0x2d5 ./Drivers/STM32H7xx_HAL_Driver/Src/stm32h7xx_hal_rcc_ex.o
 .debug_macro   0x00033d56      0x2b8 ./Drivers/STM32H7xx_HAL_Driver/Src/stm32h7xx_hal_tim.o
 .debug_macro   0x0003400e      0x2bd ./Drivers/STM32H7xx_HAL_Driver/Src/stm32h7xx_hal_tim_ex.o
 .debug_macro   0x000342cb      0x12e ./Drivers/Simulink/TPGCI_STM32_4.o
 .debug_macro   0x000343f9      0x201 ./Drivers/Simulink/TPGCI_STM32_4.o
 .debug_macro   0x000345fa       0x75 ./Drivers/Simulink/TPGCI_STM32_4_data.o

.debug_line     0x00000000    0x17fd5
 .debug_line    0x00000000      0x485 ./Core/Src/butterworth_filter.o
 .debug_line    0x00000485      0xe47 ./Core/Src/main.o
 .debug_line    0x000012cc      0xaef ./Core/Src/stm32h7xx_hal_msp.o
 .debug_line    0x00001dbb      0xa5a ./Core/Src/stm32h7xx_it.o
 .debug_line    0x00002815      0xae0 ./Core/Src/system_stm32h7xx.o
 .debug_line    0x000032f5       0x7b ./Core/Startup/startup_stm32h723zgtx.o
 .debug_line    0x00003370      0xf30 ./Drivers/STM32H7xx_HAL_Driver/Src/stm32h7xx_hal.o
 .debug_line    0x000042a0     0x2865 ./Drivers/STM32H7xx_HAL_Driver/Src/stm32h7xx_hal_adc.o
 .debug_line    0x00006b05     0x233a ./Drivers/STM32H7xx_HAL_Driver/Src/stm32h7xx_hal_adc_ex.o
 .debug_line    0x00008e3f      0xece ./Drivers/STM32H7xx_HAL_Driver/Src/stm32h7xx_hal_cortex.o
 .debug_line    0x00009d0d     0x2805 ./Drivers/STM32H7xx_HAL_Driver/Src/stm32h7xx_hal_dma.o
 .debug_line    0x0000c512      0xd63 ./Drivers/STM32H7xx_HAL_Driver/Src/stm32h7xx_hal_gpio.o
 .debug_line    0x0000d275      0xf1d ./Drivers/STM32H7xx_HAL_Driver/Src/stm32h7xx_hal_pwr_ex.o
 .debug_line    0x0000e192     0x13c6 ./Drivers/STM32H7xx_HAL_Driver/Src/stm32h7xx_hal_rcc.o
 .debug_line    0x0000f558     0x1d13 ./Drivers/STM32H7xx_HAL_Driver/Src/stm32h7xx_hal_rcc_ex.o
 .debug_line    0x0001126b     0x40b9 ./Drivers/STM32H7xx_HAL_Driver/Src/stm32h7xx_hal_tim.o
 .debug_line    0x00015324     0x1f93 ./Drivers/STM32H7xx_HAL_Driver/Src/stm32h7xx_hal_tim_ex.o
 .debug_line    0x000172b7      0x8f6 ./Drivers/Simulink/TPGCI_STM32_4.o
 .debug_line    0x00017bad      0x428 ./Drivers/Simulink/TPGCI_STM32_4_data.o

.debug_str      0x00000000   0x15d310
 .debug_str     0x00000000     0x3c96 ./Core/Src/butterworth_filter.o
                               0x3dfc (size before relaxing)
 .debug_str     0x00003c96   0x153cf1 ./Core/Src/main.o
                             0x158291 (size before relaxing)
 .debug_str     0x00157987      0x180 ./Core/Src/stm32h7xx_hal_msp.o
                             0x1574b1 (size before relaxing)
 .debug_str     0x00157b07      0x16a ./Core/Src/stm32h7xx_it.o
                             0x156a4e (size before relaxing)
 .debug_str     0x00157c71      0x2b1 ./Core/Src/system_stm32h7xx.o
                             0x15642b (size before relaxing)
 .debug_str     0x00157f22       0x44 ./Core/Startup/startup_stm32h723zgtx.o
                                 0x68 (size before relaxing)
 .debug_str     0x00157f66      0x990 ./Drivers/STM32H7xx_HAL_Driver/Src/stm32h7xx_hal.o
                             0x157476 (size before relaxing)
 .debug_str     0x001588f6      0xc86 ./Drivers/STM32H7xx_HAL_Driver/Src/stm32h7xx_hal_adc.o
                             0x15749b (size before relaxing)
 .debug_str     0x0015957c      0x7d8 ./Drivers/STM32H7xx_HAL_Driver/Src/stm32h7xx_hal_adc_ex.o
                             0x1573bb (size before relaxing)
 .debug_str     0x00159d54      0x2b9 ./Drivers/STM32H7xx_HAL_Driver/Src/stm32h7xx_hal_cortex.o
                             0x156d90 (size before relaxing)
 .debug_str     0x0015a00d      0x896 ./Drivers/STM32H7xx_HAL_Driver/Src/stm32h7xx_hal_dma.o
                             0x156ba1 (size before relaxing)
 .debug_str     0x0015a8a3      0x12d ./Drivers/STM32H7xx_HAL_Driver/Src/stm32h7xx_hal_gpio.o
                             0x156437 (size before relaxing)
 .debug_str     0x0015a9d0      0x5d0 ./Drivers/STM32H7xx_HAL_Driver/Src/stm32h7xx_hal_pwr_ex.o
                             0x15683f (size before relaxing)
 .debug_str     0x0015afa0      0x21a ./Drivers/STM32H7xx_HAL_Driver/Src/stm32h7xx_hal_rcc.o
                             0x1567ba (size before relaxing)
 .debug_str     0x0015b1ba      0x630 ./Drivers/STM32H7xx_HAL_Driver/Src/stm32h7xx_hal_rcc_ex.o
                             0x156cd2 (size before relaxing)
 .debug_str     0x0015b7ea      0xd5c ./Drivers/STM32H7xx_HAL_Driver/Src/stm32h7xx_hal_tim.o
                             0x1575b8 (size before relaxing)
 .debug_str     0x0015c546      0x503 ./Drivers/STM32H7xx_HAL_Driver/Src/stm32h7xx_hal_tim_ex.o
                             0x156f65 (size before relaxing)
 .debug_str     0x0015ca49      0x89e ./Drivers/Simulink/TPGCI_STM32_4.o
                               0x83e1 (size before relaxing)
 .debug_str     0x0015d2e7       0x29 ./Drivers/Simulink/TPGCI_STM32_4_data.o
                               0x3e48 (size before relaxing)

.comment        0x00000000       0x43
 .comment       0x00000000       0x43 ./Core/Src/butterworth_filter.o
                                 0x44 (size before relaxing)
 .comment       0x00000043       0x44 ./Core/Src/main.o
 .comment       0x00000043       0x44 ./Core/Src/stm32h7xx_hal_msp.o
 .comment       0x00000043       0x44 ./Core/Src/stm32h7xx_it.o
 .comment       0x00000043       0x44 ./Core/Src/system_stm32h7xx.o
 .comment       0x00000043       0x44 ./Drivers/STM32H7xx_HAL_Driver/Src/stm32h7xx_hal.o
 .comment       0x00000043       0x44 ./Drivers/STM32H7xx_HAL_Driver/Src/stm32h7xx_hal_adc.o
 .comment       0x00000043       0x44 ./Drivers/STM32H7xx_HAL_Driver/Src/stm32h7xx_hal_adc_ex.o
 .comment       0x00000043       0x44 ./Drivers/STM32H7xx_HAL_Driver/Src/stm32h7xx_hal_cortex.o
 .comment       0x00000043       0x44 ./Drivers/STM32H7xx_HAL_Driver/Src/stm32h7xx_hal_dma.o
 .comment       0x00000043       0x44 ./Drivers/STM32H7xx_HAL_Driver/Src/stm32h7xx_hal_gpio.o
 .comment       0x00000043       0x44 ./Drivers/STM32H7xx_HAL_Driver/Src/stm32h7xx_hal_pwr_ex.o
 .comment       0x00000043       0x44 ./Drivers/STM32H7xx_HAL_Driver/Src/stm32h7xx_hal_rcc.o
 .comment       0x00000043       0x44 ./Drivers/STM32H7xx_HAL_Driver/Src/stm32h7xx_hal_rcc_ex.o
 .comment       0x00000043       0x44 ./Drivers/STM32H7xx_HAL_Driver/Src/stm32h7xx_hal_tim.o
 .comment       0x00000043       0x44 ./Drivers/STM32H7xx_HAL_Driver/Src/stm32h7xx_hal_tim_ex.o
 .comment       0x00000043       0x44 ./Drivers/Simulink/TPGCI_STM32_4.o
 .comment       0x00000043       0x44 ./Drivers/Simulink/TPGCI_STM32_4_data.o

.debug_frame    0x00000000     0x5424
 .debug_frame   0x00000000       0x38 ./Core/Src/butterworth_filter.o
 .debug_frame   0x00000038      0x200 ./Core/Src/main.o
 .debug_frame   0x00000238       0xf0 ./Core/Src/stm32h7xx_hal_msp.o
 .debug_frame   0x00000328      0x1c8 ./Core/Src/stm32h7xx_it.o
 .debug_frame   0x000004f0       0x78 ./Core/Src/system_stm32h7xx.o
 .debug_frame   0x00000568      0x760 ./Drivers/STM32H7xx_HAL_Driver/Src/stm32h7xx_hal.o
 .debug_frame   0x00000cc8      0xb68 ./Drivers/STM32H7xx_HAL_Driver/Src/stm32h7xx_hal_adc.o
 .debug_frame   0x00001830      0x92c ./Drivers/STM32H7xx_HAL_Driver/Src/stm32h7xx_hal_adc_ex.o
 .debug_frame   0x0000215c      0x508 ./Drivers/STM32H7xx_HAL_Driver/Src/stm32h7xx_hal_cortex.o
 .debug_frame   0x00002664      0x2b4 ./Drivers/STM32H7xx_HAL_Driver/Src/stm32h7xx_hal_dma.o
 .debug_frame   0x00002918      0x14c ./Drivers/STM32H7xx_HAL_Driver/Src/stm32h7xx_hal_gpio.o
 .debug_frame   0x00002a64      0x540 ./Drivers/STM32H7xx_HAL_Driver/Src/stm32h7xx_hal_pwr_ex.o
 .debug_frame   0x00002fa4      0x1fc ./Drivers/STM32H7xx_HAL_Driver/Src/stm32h7xx_hal_rcc.o
 .debug_frame   0x000031a0      0x414 ./Drivers/STM32H7xx_HAL_Driver/Src/stm32h7xx_hal_rcc_ex.o
 .debug_frame   0x000035b4     0x121c ./Drivers/STM32H7xx_HAL_Driver/Src/stm32h7xx_hal_tim.o
 .debug_frame   0x000047d0      0x724 ./Drivers/STM32H7xx_HAL_Driver/Src/stm32h7xx_hal_tim_ex.o
 .debug_frame   0x00004ef4       0xe8 ./Drivers/Simulink/TPGCI_STM32_4.o
 .debug_frame   0x00004fdc      0x144 C:/ST/STM32CubeIDE_1.17.0/STM32CubeIDE/plugins/com.st.stm32cube.ide.mcu.externaltools.gnu-tools-for-stm32.12.3.rel1.win32_1.1.0.202410251130/tools/bin/../lib/gcc/arm-none-eabi/12.3.1/../../../../arm-none-eabi/lib/thumb/v7e-m+dp/hard\libc_nano.a(libc_a-findfp.o)
 .debug_frame   0x00005120       0x20 C:/ST/STM32CubeIDE_1.17.0/STM32CubeIDE/plugins/com.st.stm32cube.ide.mcu.externaltools.gnu-tools-for-stm32.12.3.rel1.win32_1.1.0.202410251130/tools/bin/../lib/gcc/arm-none-eabi/12.3.1/../../../../arm-none-eabi/lib/thumb/v7e-m+dp/hard\libc_nano.a(libc_a-memset.o)
 .debug_frame   0x00005140       0x20 C:/ST/STM32CubeIDE_1.17.0/STM32CubeIDE/plugins/com.st.stm32cube.ide.mcu.externaltools.gnu-tools-for-stm32.12.3.rel1.win32_1.1.0.202410251130/tools/bin/../lib/gcc/arm-none-eabi/12.3.1/../../../../arm-none-eabi/lib/thumb/v7e-m+dp/hard\libc_nano.a(libc_a-errno.o)