Archive member included to satisfy reference by file (symbol)

C:/ST/STM32CubeIDE_1.16.1/STM32CubeIDE/plugins/com.st.stm32cube.ide.mcu.externaltools.gnu-tools-for-stm32.12.3.rel1.win32_1.0.200.202406191623/tools/bin/../lib/gcc/arm-none-eabi/12.3.1/../../../../arm-none-eabi/lib/thumb/v7e-m+dp/hard\libc_nano.a(libc_a-exit.o)
                              C:/ST/STM32CubeIDE_1.16.1/STM32CubeIDE/plugins/com.st.stm32cube.ide.mcu.externaltools.gnu-tools-for-stm32.12.3.rel1.win32_1.0.200.202406191623/tools/bin/../lib/gcc/arm-none-eabi/12.3.1/../../../../arm-none-eabi/lib/thumb/v7e-m+dp/hard/crt0.o (exit)
C:/ST/STM32CubeIDE_1.16.1/STM32CubeIDE/plugins/com.st.stm32cube.ide.mcu.externaltools.gnu-tools-for-stm32.12.3.rel1.win32_1.0.200.202406191623/tools/bin/../lib/gcc/arm-none-eabi/12.3.1/../../../../arm-none-eabi/lib/thumb/v7e-m+dp/hard\libc_nano.a(libc_a-findfp.o)
                              C:/ST/STM32CubeIDE_1.16.1/STM32CubeIDE/plugins/com.st.stm32cube.ide.mcu.externaltools.gnu-tools-for-stm32.12.3.rel1.win32_1.0.200.202406191623/tools/bin/../lib/gcc/arm-none-eabi/12.3.1/../../../../arm-none-eabi/lib/thumb/v7e-m+dp/hard\libc_nano.a(libc_a-exit.o) (__stdio_exit_handler)
C:/ST/STM32CubeIDE_1.16.1/STM32CubeIDE/plugins/com.st.stm32cube.ide.mcu.externaltools.gnu-tools-for-stm32.12.3.rel1.win32_1.0.200.202406191623/tools/bin/../lib/gcc/arm-none-eabi/12.3.1/../../../../arm-none-eabi/lib/thumb/v7e-m+dp/hard\libc_nano.a(libc_a-fwalk.o)
                              C:/ST/STM32CubeIDE_1.16.1/STM32CubeIDE/plugins/com.st.stm32cube.ide.mcu.externaltools.gnu-tools-for-stm32.12.3.rel1.win32_1.0.200.202406191623/tools/bin/../lib/gcc/arm-none-eabi/12.3.1/../../../../arm-none-eabi/lib/thumb/v7e-m+dp/hard\libc_nano.a(libc_a-findfp.o) (_fwalk_sglue)
C:/ST/STM32CubeIDE_1.16.1/STM32CubeIDE/plugins/com.st.stm32cube.ide.mcu.externaltools.gnu-tools-for-stm32.12.3.rel1.win32_1.0.200.202406191623/tools/bin/../lib/gcc/arm-none-eabi/12.3.1/../../../../arm-none-eabi/lib/thumb/v7e-m+dp/hard\libc_nano.a(libc_a-stdio.o)
                              C:/ST/STM32CubeIDE_1.16.1/STM32CubeIDE/plugins/com.st.stm32cube.ide.mcu.externaltools.gnu-tools-for-stm32.12.3.rel1.win32_1.0.200.202406191623/tools/bin/../lib/gcc/arm-none-eabi/12.3.1/../../../../arm-none-eabi/lib/thumb/v7e-m+dp/hard\libc_nano.a(libc_a-findfp.o) (__sread)
C:/ST/STM32CubeIDE_1.16.1/STM32CubeIDE/plugins/com.st.stm32cube.ide.mcu.externaltools.gnu-tools-for-stm32.12.3.rel1.win32_1.0.200.202406191623/tools/bin/../lib/gcc/arm-none-eabi/12.3.1/../../../../arm-none-eabi/lib/thumb/v7e-m+dp/hard\libc_nano.a(libc_a-memset.o)
                              C:/ST/STM32CubeIDE_1.16.1/STM32CubeIDE/plugins/com.st.stm32cube.ide.mcu.externaltools.gnu-tools-for-stm32.12.3.rel1.win32_1.0.200.202406191623/tools/bin/../lib/gcc/arm-none-eabi/12.3.1/../../../../arm-none-eabi/lib/thumb/v7e-m+dp/hard/crt0.o (memset)
C:/ST/STM32CubeIDE_1.16.1/STM32CubeIDE/plugins/com.st.stm32cube.ide.mcu.externaltools.gnu-tools-for-stm32.12.3.rel1.win32_1.0.200.202406191623/tools/bin/../lib/gcc/arm-none-eabi/12.3.1/../../../../arm-none-eabi/lib/thumb/v7e-m+dp/hard\libc_nano.a(libc_a-closer.o)
                              C:/ST/STM32CubeIDE_1.16.1/STM32CubeIDE/plugins/com.st.stm32cube.ide.mcu.externaltools.gnu-tools-for-stm32.12.3.rel1.win32_1.0.200.202406191623/tools/bin/../lib/gcc/arm-none-eabi/12.3.1/../../../../arm-none-eabi/lib/thumb/v7e-m+dp/hard\libc_nano.a(libc_a-stdio.o) (_close_r)
C:/ST/STM32CubeIDE_1.16.1/STM32CubeIDE/plugins/com.st.stm32cube.ide.mcu.externaltools.gnu-tools-for-stm32.12.3.rel1.win32_1.0.200.202406191623/tools/bin/../lib/gcc/arm-none-eabi/12.3.1/../../../../arm-none-eabi/lib/thumb/v7e-m+dp/hard\libc_nano.a(libc_a-reent.o)
                              C:/ST/STM32CubeIDE_1.16.1/STM32CubeIDE/plugins/com.st.stm32cube.ide.mcu.externaltools.gnu-tools-for-stm32.12.3.rel1.win32_1.0.200.202406191623/tools/bin/../lib/gcc/arm-none-eabi/12.3.1/../../../../arm-none-eabi/lib/thumb/v7e-m+dp/hard\libc_nano.a(libc_a-closer.o) (errno)
C:/ST/STM32CubeIDE_1.16.1/STM32CubeIDE/plugins/com.st.stm32cube.ide.mcu.externaltools.gnu-tools-for-stm32.12.3.rel1.win32_1.0.200.202406191623/tools/bin/../lib/gcc/arm-none-eabi/12.3.1/../../../../arm-none-eabi/lib/thumb/v7e-m+dp/hard\libc_nano.a(libc_a-impure.o)
                              C:/ST/STM32CubeIDE_1.16.1/STM32CubeIDE/plugins/com.st.stm32cube.ide.mcu.externaltools.gnu-tools-for-stm32.12.3.rel1.win32_1.0.200.202406191623/tools/bin/../lib/gcc/arm-none-eabi/12.3.1/../../../../arm-none-eabi/lib/thumb/v7e-m+dp/hard\libc_nano.a(libc_a-reent.o) (_impure_ptr)
C:/ST/STM32CubeIDE_1.16.1/STM32CubeIDE/plugins/com.st.stm32cube.ide.mcu.externaltools.gnu-tools-for-stm32.12.3.rel1.win32_1.0.200.202406191623/tools/bin/../lib/gcc/arm-none-eabi/12.3.1/../../../../arm-none-eabi/lib/thumb/v7e-m+dp/hard\libc_nano.a(libc_a-lseekr.o)
[...]
Memory Configuration

Name             Origin             Length             Attributes
ITCMRAM          0x00000000         0x00010000         xrw
DTCMRAM          0x20000000         0x00020000         xrw
FLASH            0x08000000         0x00100000         xr
RAM_D1           0x24000000         0x00050000         xrw
RAM_D2           0x30000000         0x00008000         xrw
RAM_D3           0x38000000         0x00004000         xrw
*default*        0x00000000         0xffffffff

Linker script and memory map

LOAD C:/ST/STM32CubeIDE_1.16.1/STM32CubeIDE/plugins/com.st.stm32cube.ide.mcu.externaltools.gnu-tools-for-stm32.12.3.rel1.win32_1.0.200.202406191623/tools/bin/../lib/gcc/arm-none-eabi/12.3.1/thumb/v7e-m+dp/hard/crti.o
LOAD C:/ST/STM32CubeIDE_1.16.1/STM32CubeIDE/plugins/com.st.stm32cube.ide.mcu.externaltools.gnu-tools-for-stm32.12.3.rel1.win32_1.0.200.202406191623/tools/bin/../lib/gcc/arm-none-eabi/12.3.1/thumb/v7e-m+dp/hard/crtbegin.o
LOAD C:/ST/STM32CubeIDE_1.16.1/STM32CubeIDE/plugins/com.st.stm32cube.ide.mcu.externaltools.gnu-tools-for-stm32.12.3.rel1.win32_1.0.200.202406191623/tools/bin/../lib/gcc/arm-none-eabi/12.3.1/../../../../arm-none-eabi/lib/thumb/v7e-m+dp/hard/crt0.o
LOAD ./Core/Src/butterworth_filter.o
LOAD ./Core/Src/main.o
LOAD ./Core/Src/stm32h7xx_hal_msp.o
LOAD ./Core/Src/stm32h7xx_it.o
LOAD ./Core/Src/syscalls.o
LOAD ./Core/Src/sysmem.o
LOAD ./Core/Src/system_stm32h7xx.o
LOAD ./Core/Startup/startup_stm32h723zgtx.o
LOAD ./Drivers/STM32H7xx_HAL_Driver/Src/stm32h7xx_hal.o
LOAD ./Drivers/STM32H7xx_HAL_Driver/Src/stm32h7xx_hal_adc.o
LOAD ./Drivers/STM32H7xx_HAL_Driver/Src/stm32h7xx_hal_adc_ex.o
LOAD ./Drivers/STM32H7xx_HAL_Driver/Src/stm32h7xx_hal_cortex.o
LOAD ./Drivers/STM32H7xx_HAL_Driver/Src/stm32h7xx_hal_dma.o
LOAD ./Drivers/STM32H7xx_HAL_Driver/Src/stm32h7xx_hal_dma_ex.o
LOAD ./Drivers/STM32H7xx_HAL_Driver/Src/stm32h7xx_hal_exti.o
LOAD ./Drivers/STM32H7xx_HAL_Driver/Src/stm32h7xx_hal_flash.o
LOAD ./Drivers/STM32H7xx_HAL_Driver/Src/stm32h7xx_hal_flash_ex.o
LOAD ./Drivers/STM32H7xx_HAL_Driver/Src/stm32h7xx_hal_gpio.o
LOAD ./Drivers/STM32H7xx_HAL_Driver/Src/stm32h7xx_hal_hsem.o
LOAD ./Drivers/STM32H7xx_HAL_Driver/Src/stm32h7xx_hal_i2c.o
LOAD ./Drivers/STM32H7xx_HAL_Driver/Src/stm32h7xx_hal_i2c_ex.o
LOAD ./Drivers/STM32H7xx_HAL_Driver/Src/stm32h7xx_hal_mdma.o
LOAD ./Drivers/STM32H7xx_HAL_Driver/Src/stm32h7xx_hal_pwr.o
LOAD ./Drivers/STM32H7xx_HAL_Driver/Src/stm32h7xx_hal_pwr_ex.o
LOAD ./Drivers/STM32H7xx_HAL_Driver/Src/stm32h7xx_hal_rcc.o
LOAD ./Drivers/STM32H7xx_HAL_Driver/Src/stm32h7xx_hal_rcc_ex.o
LOAD ./Drivers/STM32H7xx_HAL_Driver/Src/stm32h7xx_hal_tim.o
LOAD ./Drivers/STM32H7xx_HAL_Driver/Src/stm32h7xx_hal_tim_ex.o
LOAD ./Drivers/Simulink/Inverter_sim_dq.o
LOAD ./Drivers/Simulink/Inverter_sim_dq_data.o
START GROUP
LOAD C:/ST/STM32CubeIDE_1.16.1/STM32CubeIDE/plugins/com.st.stm32cube.ide.mcu.externaltools.gnu-tools-for-stm32.12.3.rel1.win32_1.0.200.202406191623/tools/bin/../lib/gcc/arm-none-eabi/12.3.1/../../../../arm-none-eabi/lib/thumb/v7e-m+dp/hard\libc_nano.a
LOAD C:/ST/STM32CubeIDE_1.16.1/STM32CubeIDE/plugins/com.st.stm32cube.ide.mcu.externaltools.gnu-tools-for-stm32.12.3.rel1.win32_1.0.200.202406191623/tools/bin/../lib/gcc/arm-none-eabi/12.3.1/../../../../arm-none-eabi/lib/thumb/v7e-m+dp/hard\libm.a
END GROUP
START GROUP
LOAD C:/ST/STM32CubeIDE_1.16.1/STM32CubeIDE/plugins/com.st.stm32cube.ide.mcu.externaltools.gnu-tools-for-stm32.12.3.rel1.win32_1.0.200.202406191623/tools/bin/../lib/gcc/arm-none-eabi/12.3.1/thumb/v7e-m+dp/hard\libgcc.a
LOAD C:/ST/STM32CubeIDE_1.16.1/STM32CubeIDE/plugins/com.st.stm32cube.ide.mcu.externaltools.gnu-tools-for-stm32.12.3.rel1.win32_1.0.200.202406191623/tools/bin/../lib/gcc/arm-none-eabi/12.3.1/../../../../arm-none-eabi/lib/thumb/v7e-m+dp/hard\libc_nano.a
END GROUP
START GROUP
LOAD C:/ST/STM32CubeIDE_1.16.1/STM32CubeIDE/plugins/com.st.stm32cube.ide.mcu.externaltools.gnu-tools-for-stm32.12.3.rel1.win32_1.0.200.202406191623/tools/bin/../lib/gcc/arm-none-eabi/12.3.1/thumb/v7e-m+dp/hard\libgcc.a
LOAD C:/ST/STM32CubeIDE_1.16.1/STM32CubeIDE/plugins/com.st.stm32cube.ide.mcu.externaltools.gnu-tools-for-stm32.12.3.rel1.win32_1.0.200.202406191623/tools/bin/../lib/gcc/arm-none-eabi/12.3.1/../../../../arm-none-eabi/lib/thumb/v7e-m+dp/hard\libc_nano.a
LOAD C:/ST/STM32CubeIDE_1.16.1/STM32CubeIDE/plugins/com.st.stm32cube.ide.mcu.externaltools.gnu-tools-for-stm32.12.3.rel1.win32_1.0.200.202406191623/tools/bin/../lib/gcc/arm-none-eabi/12.3.1/../../../../arm-none-eabi/lib/thumb/v7e-m+dp/hard\libnosys.a
END GROUP
START GROUP
LOAD C:/ST/STM32CubeIDE_1.16.1/STM32CubeIDE/plugins/com.st.stm32cube.ide.mcu.externaltools.gnu-tools-for-stm32.12.3.rel1.win32_1.0.200.202406191623/tools/bin/../lib/gcc/arm-none-eabi/12.3.1/thumb/v7e-m+dp/hard\libgcc.a
LOAD C:/ST/STM32CubeIDE_1.16.1/STM32CubeIDE/plugins/com.st.stm32cube.ide.mcu.externaltools.gnu-tools-for-stm32.12.3.rel1.win32_1.0.200.202406191623/tools/bin/../lib/gcc/arm-none-eabi/12.3.1/../../../../arm-none-eabi/lib/thumb/v7e-m+dp/hard\libc_nano.a
LOAD C:/ST/STM32CubeIDE_1.16.1/STM32CubeIDE/plugins/com.st.stm32cube.ide.mcu.externaltools.gnu-tools-for-stm32.12.3.rel1.win32_1.0.200.202406191623/tools/bin/../lib/gcc/arm-none-eabi/12.3.1/../../../../arm-none-eabi/lib/thumb/v7e-m+dp/hard\libnosys.a
END GROUP
LOAD C:/ST/STM32CubeIDE_1.16.1/STM32CubeIDE/plugins/com.st.stm32cube.ide.mcu.externaltools.gnu-tools-for-stm32.12.3.rel1.win32_1.0.200.202406191623/tools/bin/../lib/gcc/arm-none-eabi/12.3.1/thumb/v7e-m+dp/hard/crtend.o
LOAD C:/ST/STM32CubeIDE_1.16.1/STM32CubeIDE/plugins/com.st.stm32cube.ide.mcu.externaltools.gnu-tools-for-stm32.12.3.rel1.win32_1.0.200.202406191623/tools/bin/../lib/gcc/arm-none-eabi/12.3.1/thumb/v7e-m+dp/hard/crtn.o
                0x24050000                        _estack = (ORIGIN (RAM_D1) + LENGTH (RAM_D1))
                0x00000200                        _Min_Heap_Size = 0x200
                0x00000400                        _Min_Stack_Size = 0x400

.isr_vector     0x08000000      0x2cc
                0x08000000                        . = ALIGN (0x4)
 *(.isr_vector)
 .isr_vector    0x08000000      0x2cc ./Core/Startup/startup_stm32h723zgtx.o
                0x08000000                g_pfnVectors
                0x080002cc                        . = ALIGN (0x4)

.text           0x080002d0     0xb8e8
                0x080002d0                        . = ALIGN (0x4)
 *(.text)
 .text          0x080002d0       0x40 C:/ST/STM32CubeIDE_1.16.1/STM32CubeIDE/plugins/com.st.stm32cube.ide.mcu.externaltools.gnu-tools-for-stm32.12.3.rel1.win32_1.0.200.202406191623/tools/bin/../lib/gcc/arm-none-eabi/12.3.1/thumb/v7e-m+dp/hard/crtbegin.o
 *(.text*)
 .text.applyLowPassFilter
                0x08000310       0xc8 ./Core/Src/butterworth_filter.o
                0x08000310                applyLowPassFilter
 .text.UpdateTheta
                0x080003d8       0x70 ./Core/Src/main.o
                0x080003d8                UpdateTheta
 .text.main     0x08000448       0xa8 ./Core/Src/main.o
                0x08000448                main
 .text.SystemClock_Config
                0x080004f0       0xdc ./Core/Src/main.o
                0x080004f0                SystemClock_Config
 .text.PeriphCommonClock_Config
                0x080005cc       0x5e ./Core/Src/main.o
                0x080005cc                PeriphCommonClock_Config
 *fill*         0x0800062a        0x2 
 .text.MX_ADC1_Init
                0x0800062c      0x138 ./Core/Src/main.o
 .text.MX_ADC2_Init
                0x08000764      0x110 ./Core/Src/main.o
 .text.MX_TIM1_Init
                0x08000874      0x150 ./Core/Src/main.o
 .text.MX_TIM5_Init
                0x080009c4       0x9c ./Core/Src/main.o
 .text.MX_TIM8_Init
                0x08000a60       0xa8 ./Core/Src/main.o
 .text.MX_DMA_Init
                0x08000b08       0x50 ./Core/Src/main.o
 .text.MX_GPIO_Init
                0x08000b58       0xcc ./Core/Src/main.o
 .text.HAL_TIM_PeriodElapsedCallback
                0x08000c24      0x184 ./Core/Src/main.o
                0x08000c24                HAL_TIM_PeriodElapsedCallback
 .text.HAL_ADC_ConvCpltCallback
                0x08000da8      0x264 ./Core/Src/main.o
                0x08000da8                HAL_ADC_ConvCpltCallback
 .text.Error_Handler
                0x0800100c        0xc ./Core/Src/main.o
                0x0800100c                Error_Handler
 .text.HAL_MspInit
                0x08001018       0x34 ./Core/Src/stm32h7xx_hal_msp.o
                0x08001018                HAL_MspInit
 .text.HAL_ADC_MspInit
                0x0800104c      0x260 ./Core/Src/stm32h7xx_hal_msp.o
                0x0800104c                HAL_ADC_MspInit
 .text.HAL_TIM_PWM_MspInit
                0x080012ac       0x50 ./Core/Src/stm32h7xx_hal_msp.o
                0x080012ac                HAL_TIM_PWM_MspInit
 .text.HAL_TIM_Base_MspInit
                0x080012fc       0x90 ./Core/Src/stm32h7xx_hal_msp.o
                0x080012fc                HAL_TIM_Base_MspInit
 .text.HAL_TIM_MspPostInit
                0x0800138c       0xb8 ./Core/Src/stm32h7xx_hal_msp.o
                0x0800138c                HAL_TIM_MspPostInit
 .text.NMI_Handler
                0x08001444        0x8 ./Core/Src/stm32h7xx_it.o
                0x08001444                NMI_Handler
 .text.HardFault_Handler
                0x0800144c        0x8 ./Core/Src/stm32h7xx_it.o
                0x0800144c                HardFault_Handler
 .text.MemManage_Handler
                0x08001454        0x8 ./Core/Src/stm32h7xx_it.o
                0x08001454                MemManage_Handler
 .text.BusFault_Handler
                0x0800145c        0x8 ./Core/Src/stm32h7xx_it.o
                0x0800145c                BusFault_Handler
 .text.UsageFault_Handler
                0x08001464        0x8 ./Core/Src/stm32h7xx_it.o
                0x08001464                UsageFault_Handler
 .text.SVC_Handler
                0x0800146c        0xe ./Core/Src/stm32h7xx_it.o
                0x0800146c                SVC_Handler
 .text.DebugMon_Handler
                0x0800147a        0xe ./Core/Src/stm32h7xx_it.o
                0x0800147a                DebugMon_Handler
 .text.PendSV_Handler
                0x08001488        0xe ./Core/Src/stm32h7xx_it.o
                0x08001488                PendSV_Handler
 .text.SysTick_Handler
                0x08001496        0xc ./Core/Src/stm32h7xx_it.o
                0x08001496                SysTick_Handler
 *fill*         0x080014a2        0x2 
 .text.DMA1_Stream0_IRQHandler
                0x080014a4       0x14 ./Core/Src/stm32h7xx_it.o
                0x080014a4                DMA1_Stream0_IRQHandler
 .text.DMA1_Stream1_IRQHandler
                0x080014b8       0x14 ./Core/Src/stm32h7xx_it.o
                0x080014b8                DMA1_Stream1_IRQHandler
 .text.TIM1_UP_IRQHandler
                0x080014cc       0x14 ./Core/Src/stm32h7xx_it.o
                0x080014cc                TIM1_UP_IRQHandler
 .text.TIM8_UP_TIM13_IRQHandler
                0x080014e0       0x14 ./Core/Src/stm32h7xx_it.o
                0x080014e0                TIM8_UP_TIM13_IRQHandler
 .text.TIM5_IRQHandler
                0x080014f4       0x14 ./Core/Src/stm32h7xx_it.o
                0x080014f4                TIM5_IRQHandler
 .text.SystemInit
                0x08001508       0xf0 ./Core/Src/system_stm32h7xx.o
                0x08001508                SystemInit
 .text.Reset_Handler
                0x080015f8       0x50 ./Core/Startup/startup_stm32h723zgtx.o
                0x080015f8                Reset_Handler
 .text.Default_Handler
                0x08001648        0x2 ./Core/Startup/startup_stm32h723zgtx.o
                0x08001648                RTC_Alarm_IRQHandler
                0x08001648                EXTI2_IRQHandler
                0x08001648                TIM8_CC_IRQHandler
                0x08001648                UART8_IRQHandler
                0x08001648                SPI4_IRQHandler
                0x08001648                FDCAN3_IT0_IRQHandler
                0x08001648                TIM1_CC_IRQHandler
                0x08001648                BDMA_Channel6_IRQHandler
                0x08001648                DMA2_Stream5_IRQHandler
                0x08001648                DMA1_Stream5_IRQHandler
                0x08001648                CORDIC_IRQHandler
                0x08001648                BDMA_Channel1_IRQHandler
                0x08001648                TAMP_STAMP_IRQHandler
                0x08001648                EXTI3_IRQHandler
                0x08001648                LPTIM4_IRQHandler
                0x08001648                TIM8_TRG_COM_TIM14_IRQHandler
                0x08001648                LPTIM2_IRQHandler
                0x08001648                DFSDM1_FLT1_IRQHandler
                0x08001648                DMAMUX2_OVR_IRQHandler
                0x08001648                I2C3_ER_IRQHandler
                0x08001648                DFSDM1_FLT2_IRQHandler
                0x08001648                I2C5_EV_IRQHandler
                0x08001648                USART10_IRQHandler
                0x08001648                MDMA_IRQHandler
                0x08001648                LPTIM3_IRQHandler
                0x08001648                HSEM1_IRQHandler
                0x08001648                EXTI0_IRQHandler
                0x08001648                I2C2_EV_IRQHandler
                0x08001648                DMA1_Stream2_IRQHandler
                0x08001648                FPU_IRQHandler
                0x08001648                OTG_HS_WKUP_IRQHandler
                0x08001648                FDCAN1_IT1_IRQHandler
                0x08001648                LTDC_ER_IRQHandler
                0x08001648                DMA2_Stream2_IRQHandler
                0x08001648                SPI1_IRQHandler
                0x08001648                OCTOSPI1_IRQHandler
                0x08001648                TIM6_DAC_IRQHandler
                0x08001648                DMA2_Stream3_IRQHandler
                0x08001648                OCTOSPI2_IRQHandler
                0x08001648                DFSDM1_FLT3_IRQHandler
                0x08001648                TIM23_IRQHandler
                0x08001648                USART6_IRQHandler
                0x08001648                TIM17_IRQHandler
                0x08001648                USART3_IRQHandler
                0x08001648                BDMA_Channel7_IRQHandler
                0x08001648                LPTIM5_IRQHandler
                0x08001648                UART5_IRQHandler
                0x08001648                ADC3_IRQHandler
                0x08001648                DMA2_Stream0_IRQHandler
                0x08001648                TIM4_IRQHandler
                0x08001648                BDMA_Channel2_IRQHandler
                0x08001648                I2C1_EV_IRQHandler
                0x08001648                DMA1_Stream6_IRQHandler
                0x08001648                DMAMUX1_OVR_IRQHandler
                0x08001648                TIM16_IRQHandler
                0x08001648                UART4_IRQHandler
                0x08001648                BDMA_Channel5_IRQHandler
                0x08001648                TIM3_IRQHandler
                0x08001648                RCC_IRQHandler
                0x08001648                UART9_IRQHandler
                0x08001648                TIM8_BRK_TIM12_IRQHandler
                0x08001648                TIM1_TRG_COM_IRQHandler
                0x08001648                Default_Handler
                0x08001648                ECC_IRQHandler
                0x08001648                FMAC_IRQHandler
                0x08001648                CEC_IRQHandler
                0x08001648                EXTI15_10_IRQHandler
                0x08001648                BDMA_Channel0_IRQHandler
                0x08001648                ADC_IRQHandler
                0x08001648                I2C5_ER_IRQHandler
                0x08001648                DMA1_Stream7_IRQHandler
                0x08001648                SPI5_IRQHandler
                0x08001648                TIM7_IRQHandler
                0x08001648                FDCAN3_IT1_IRQHandler
                0x08001648                SDMMC1_IRQHandler
                0x08001648                DMA2_Stream7_IRQHandler
                0x08001648                TIM15_IRQHandler
                0x08001648                PVD_AVD_IRQHandler
                0x08001648                I2C3_EV_IRQHandler
                0x08001648                EXTI9_5_IRQHandler
                0x08001648                RTC_WKUP_IRQHandler
                0x08001648                LTDC_IRQHandler
                0x08001648                ETH_WKUP_IRQHandler
                0x08001648                SPDIF_RX_IRQHandler
                0x08001648                SPI2_IRQHandler
                0x08001648                OTG_HS_EP1_IN_IRQHandler
                0x08001648                TIM24_IRQHandler
                0x08001648                CRS_IRQHandler
                0x08001648                EXTI4_IRQHandler
                0x08001648                RNG_IRQHandler
                0x08001648                FDCAN2_IT1_IRQHandler
                0x08001648                ETH_IRQHandler
                0x08001648                BDMA_Channel4_IRQHandler
                0x08001648                OTG_HS_EP1_OUT_IRQHandler
                0x08001648                WWDG_IRQHandler
                0x08001648                SPI6_IRQHandler
                0x08001648                MDIOS_IRQHandler
                0x08001648                I2C4_EV_IRQHandler
                0x08001648                FDCAN2_IT0_IRQHandler
                0x08001648                LPUART1_IRQHandler
                0x08001648                FDCAN1_IT0_IRQHandler
                0x08001648                TIM2_IRQHandler
                0x08001648                OTG_HS_IRQHandler
                0x08001648                DMA2D_IRQHandler
                0x08001648                TIM1_BRK_IRQHandler
                0x08001648                EXTI1_IRQHandler
                0x08001648                SDMMC2_IRQHandler
                0x08001648                BDMA_Channel3_IRQHandler
                0x08001648                DTS_IRQHandler
                0x08001648                UART7_IRQHandler
                0x08001648                MDIOS_WKUP_IRQHandler
                0x08001648                USART2_IRQHandler
                0x08001648                DFSDM1_FLT0_IRQHandler
                0x08001648                SAI4_IRQHandler
                0x08001648                I2C2_ER_IRQHandler
                0x08001648                DMA2_Stream1_IRQHandler
                0x08001648                FLASH_IRQHandler
                0x08001648                DMA2_Stream4_IRQHandler
                0x08001648                USART1_IRQHandler
                0x08001648                SPI3_IRQHandler
                0x08001648                WAKEUP_PIN_IRQHandler
                0x08001648                DMA1_Stream4_IRQHandler
                0x08001648                I2C1_ER_IRQHandler
                0x08001648                FMC_IRQHandler
                0x08001648                FDCAN_CAL_IRQHandler
                0x08001648                SWPMI1_IRQHandler
                0x08001648                COMP1_IRQHandler
                0x08001648                LPTIM1_IRQHandler
                0x08001648                DCMI_PSSI_IRQHandler
                0x08001648                I2C4_ER_IRQHandler
                0x08001648                DMA2_Stream6_IRQHandler
                0x08001648                SAI1_IRQHandler
                0x08001648                DMA1_Stream3_IRQHandler
 *fill*         0x0800164a        0x2 
 .text.HAL_Init
                0x0800164c       0x78 ./Drivers/STM32H7xx_HAL_Driver/Src/stm32h7xx_hal.o
                0x0800164c                HAL_Init
 .text.HAL_InitTick
                0x080016c4       0x6c ./Drivers/STM32H7xx_HAL_Driver/Src/stm32h7xx_hal.o
                0x080016c4                HAL_InitTick
 .text.HAL_IncTick
                0x08001730       0x28 ./Drivers/STM32H7xx_HAL_Driver/Src/stm32h7xx_hal.o
                0x08001730                HAL_IncTick
 .text.HAL_GetTick
                0x08001758       0x18 ./Drivers/STM32H7xx_HAL_Driver/Src/stm32h7xx_hal.o
                0x08001758                HAL_GetTick
 .text.LL_ADC_SetCommonClock
                0x08001770       0x26 ./Drivers/STM32H7xx_HAL_Driver/Src/stm32h7xx_hal_adc.o
 .text.LL_ADC_SetCommonPathInternalCh
                0x08001796       0x26 ./Drivers/STM32H7xx_HAL_Driver/Src/stm32h7xx_hal_adc.o
 .text.LL_ADC_GetCommonPathInternalCh
                0x080017bc       0x1c ./Drivers/STM32H7xx_HAL_Driver/Src/stm32h7xx_hal_adc.o
 .text.LL_ADC_SetOffset
                0x080017d8       0x64 ./Drivers/STM32H7xx_HAL_Driver/Src/stm32h7xx_hal_adc.o
 .text.LL_ADC_GetOffsetChannel
                0x0800183c       0x2c ./Drivers/STM32H7xx_HAL_Driver/Src/stm32h7xx_hal_adc.o
 .text.LL_ADC_SetDataRightShift
                0x08001868       0x32 ./Drivers/STM32H7xx_HAL_Driver/Src/stm32h7xx_hal_adc.o
 *fill*         0x0800189a        0x2 
 .text.LL_ADC_SetOffsetSignedSaturation
                0x0800189c       0x44 ./Drivers/STM32H7xx_HAL_Driver/Src/stm32h7xx_hal_adc.o
 .text.LL_ADC_SetOffsetSaturation
                0x080018e0       0x44 ./Drivers/STM32H7xx_HAL_Driver/Src/stm32h7xx_hal_adc.o
 .text.LL_ADC_SetOffsetSign
                0x08001924       0x44 ./Drivers/STM32H7xx_HAL_Driver/Src/stm32h7xx_hal_adc.o
 .text.LL_ADC_SetOffsetState
                0x08001968       0x54 ./Drivers/STM32H7xx_HAL_Driver/Src/stm32h7xx_hal_adc.o
 .text.LL_ADC_REG_IsTriggerSourceSWStart
                0x080019bc       0x26 ./Drivers/STM32H7xx_HAL_Driver/Src/stm32h7xx_hal_adc.o
 .text.LL_ADC_REG_SetSequencerRanks
                0x080019e2       0x58 ./Drivers/STM32H7xx_HAL_Driver/Src/stm32h7xx_hal_adc.o
 .text.LL_ADC_REG_SetDataTransferMode
                0x08001a3a       0x26 ./Drivers/STM32H7xx_HAL_Driver/Src/stm32h7xx_hal_adc.o
 .text.LL_ADC_EnableDMAReq
                0x08001a60       0x20 ./Drivers/STM32H7xx_HAL_Driver/Src/stm32h7xx_hal_adc.o
 .text.LL_ADC_REG_SetDMATransferMode
                0x08001a80       0x34 ./Drivers/STM32H7xx_HAL_Driver/Src/stm32h7xx_hal_adc.o
 .text.LL_ADC_SetChannelSamplingTime
                0x08001ab4       0x56 ./Drivers/STM32H7xx_HAL_Driver/Src/stm32h7xx_hal_adc.o
 *fill*         0x08001b0a        0x2 
 .text.LL_ADC_SetChannelSingleDiff
                0x08001b0c       0x80 ./Drivers/STM32H7xx_HAL_Driver/Src/stm32h7xx_hal_adc.o
 .text.LL_ADC_GetMultimode
                0x08001b8c       0x1c ./Drivers/STM32H7xx_HAL_Driver/Src/stm32h7xx_hal_adc.o
 .text.LL_ADC_DisableDeepPowerDown
                0x08001ba8       0x24 ./Drivers/STM32H7xx_HAL_Driver/Src/stm32h7xx_hal_adc.o
 .text.LL_ADC_IsDeepPowerDownEnabled
                0x08001bcc       0x28 ./Drivers/STM32H7xx_HAL_Driver/Src/stm32h7xx_hal_adc.o
 .text.LL_ADC_EnableInternalRegulator
                0x08001bf4       0x28 ./Drivers/STM32H7xx_HAL_Driver/Src/stm32h7xx_hal_adc.o
 .text.LL_ADC_IsInternalRegulatorEnabled
                0x08001c1c       0x28 ./Drivers/STM32H7xx_HAL_Driver/Src/stm32h7xx_hal_adc.o
 .text.LL_ADC_Enable
                0x08001c44       0x28 ./Drivers/STM32H7xx_HAL_Driver/Src/stm32h7xx_hal_adc.o
 .text.LL_ADC_IsEnabled
                0x08001c6c       0x26 ./Drivers/STM32H7xx_HAL_Driver/Src/stm32h7xx_hal_adc.o
 *fill*         0x08001c92        0x2 
 .text.LL_ADC_REG_StartConversion
                0x08001c94       0x28 ./Drivers/STM32H7xx_HAL_Driver/Src/stm32h7xx_hal_adc.o
 .text.LL_ADC_REG_IsConversionOngoing
                0x08001cbc       0x26 ./Drivers/STM32H7xx_HAL_Driver/Src/stm32h7xx_hal_adc.o
 .text.LL_ADC_INJ_IsConversionOngoing
                0x08001ce2       0x26 ./Drivers/STM32H7xx_HAL_Driver/Src/stm32h7xx_hal_adc.o
 .text.HAL_ADC_Init
                0x08001d08      0x410 ./Drivers/STM32H7xx_HAL_Driver/Src/stm32h7xx_hal_adc.o
                0x08001d08                HAL_ADC_Init
 .text.HAL_ADC_Start_DMA
                0x08002118      0x1b8 ./Drivers/STM32H7xx_HAL_Driver/Src/stm32h7xx_hal_adc.o
                0x08002118                HAL_ADC_Start_DMA
 .text.HAL_ADC_ConvHalfCpltCallback
                0x080022d0       0x14 ./Drivers/STM32H7xx_HAL_Driver/Src/stm32h7xx_hal_adc.o
                0x080022d0                HAL_ADC_ConvHalfCpltCallback
 .text.HAL_ADC_ErrorCallback
                0x080022e4       0x14 ./Drivers/STM32H7xx_HAL_Driver/Src/stm32h7xx_hal_adc.o
                0x080022e4                HAL_ADC_ErrorCallback
 .text.HAL_ADC_ConfigChannel
                0x080022f8      0xa60 ./Drivers/STM32H7xx_HAL_Driver/Src/stm32h7xx_hal_adc.o
                0x080022f8                HAL_ADC_ConfigChannel
 .text.ADC_Enable
                0x08002d58      0x114 ./Drivers/STM32H7xx_HAL_Driver/Src/stm32h7xx_hal_adc.o
                0x08002d58                ADC_Enable
 .text.ADC_DMAConvCplt
                0x08002e6c       0xd8 ./Drivers/STM32H7xx_HAL_Driver/Src/stm32h7xx_hal_adc.o
                0x08002e6c                ADC_DMAConvCplt
 .text.ADC_DMAHalfConvCplt
                0x08002f44       0x1c ./Drivers/STM32H7xx_HAL_Driver/Src/stm32h7xx_hal_adc.o
                0x08002f44                ADC_DMAHalfConvCplt
 .text.ADC_DMAError
                0x08002f60       0x34 ./Drivers/STM32H7xx_HAL_Driver/Src/stm32h7xx_hal_adc.o
                0x08002f60                ADC_DMAError
 .text.ADC_ConfigureBoostMode
                0x08002f94      0x1dc ./Drivers/STM32H7xx_HAL_Driver/Src/stm32h7xx_hal_adc.o
                0x08002f94                ADC_ConfigureBoostMode
 .text.LL_ADC_IsEnabled
                0x08003170       0x26 ./Drivers/STM32H7xx_HAL_Driver/Src/stm32h7xx_hal_adc_ex.o
 .text.LL_ADC_REG_IsConversionOngoing
                0x08003196       0x26 ./Drivers/STM32H7xx_HAL_Driver/Src/stm32h7xx_hal_adc_ex.o
 .text.HAL_ADCEx_MultiModeConfigChannel
                0x080031bc      0x1c4 ./Drivers/STM32H7xx_HAL_Driver/Src/stm32h7xx_hal_adc_ex.o
                0x080031bc                HAL_ADCEx_MultiModeConfigChannel
 .text.__NVIC_SetPriorityGrouping
                0x08003380       0x48 ./Drivers/STM32H7xx_HAL_Driver/Src/stm32h7xx_hal_cortex.o
 .text.__NVIC_GetPriorityGrouping
                0x080033c8       0x1c ./Drivers/STM32H7xx_HAL_Driver/Src/stm32h7xx_hal_cortex.o
 .text.__NVIC_EnableIRQ
                0x080033e4       0x3c ./Drivers/STM32H7xx_HAL_Driver/Src/stm32h7xx_hal_cortex.o
 .text.__NVIC_SetPriority
                0x08003420       0x54 ./Drivers/STM32H7xx_HAL_Driver/Src/stm32h7xx_hal_cortex.o
 .text.NVIC_EncodePriority
                0x08003474       0x66 ./Drivers/STM32H7xx_HAL_Driver/Src/stm32h7xx_hal_cortex.o
 *fill*         0x080034da        0x2 
 .text.SysTick_Config
                0x080034dc       0x44 ./Drivers/STM32H7xx_HAL_Driver/Src/stm32h7xx_hal_cortex.o
 .text.HAL_NVIC_SetPriorityGrouping
                0x08003520       0x16 ./Drivers/STM32H7xx_HAL_Driver/Src/stm32h7xx_hal_cortex.o
                0x08003520                HAL_NVIC_SetPriorityGrouping
 .text.HAL_NVIC_SetPriority
                0x08003536       0x34 ./Drivers/STM32H7xx_HAL_Driver/Src/stm32h7xx_hal_cortex.o
                0x08003536                HAL_NVIC_SetPriority
 .text.HAL_NVIC_EnableIRQ
                0x0800356a       0x1c ./Drivers/STM32H7xx_HAL_Driver/Src/stm32h7xx_hal_cortex.o
                0x0800356a                HAL_NVIC_EnableIRQ
 .text.HAL_SYSTICK_Config
                0x08003586       0x18 ./Drivers/STM32H7xx_HAL_Driver/Src/stm32h7xx_hal_cortex.o
                0x08003586                HAL_SYSTICK_Config
 *fill*         0x0800359e        0x2 
 .text.HAL_DMA_Init
                0x080035a0      0x6b0 ./Drivers/STM32H7xx_HAL_Driver/Src/stm32h7xx_hal_dma.o
                0x080035a0                HAL_DMA_Init
 .text.HAL_DMA_Start_IT
                0x08003c50      0x4d4 ./Drivers/STM32H7xx_HAL_Driver/Src/stm32h7xx_hal_dma.o
                0x08003c50                HAL_DMA_Start_IT
 .text.HAL_DMA_IRQHandler
                0x08004124      0xe54 ./Drivers/STM32H7xx_HAL_Driver/Src/stm32h7xx_hal_dma.o
                0x08004124                HAL_DMA_IRQHandler
 .text.DMA_SetConfig
                0x08004f78      0x358 ./Drivers/STM32H7xx_HAL_Driver/Src/stm32h7xx_hal_dma.o
 .text.DMA_CalcBaseAndBitshift
                0x080052d0      0x164 ./Drivers/STM32H7xx_HAL_Driver/Src/stm32h7xx_hal_dma.o
 .text.DMA_CheckFifoParam
                0x08005434       0xf8 ./Drivers/STM32H7xx_HAL_Driver/Src/stm32h7xx_hal_dma.o
 .text.DMA_CalcDMAMUXChannelBaseAndMask
                0x0800552c      0x134 ./Drivers/STM32H7xx_HAL_Driver/Src/stm32h7xx_hal_dma.o
 .text.DMA_CalcDMAMUXRequestGenBaseAndMask
                0x08005660       0xe8 ./Drivers/STM32H7xx_HAL_Driver/Src/stm32h7xx_hal_dma.o
 .text.HAL_GPIO_Init
                0x08005748      0x350 ./Drivers/STM32H7xx_HAL_Driver/Src/stm32h7xx_hal_gpio.o
                0x08005748                HAL_GPIO_Init
 .text.HAL_PWREx_ConfigSupply
                0x08005a98       0x74 ./Drivers/STM32H7xx_HAL_Driver/Src/stm32h7xx_hal_pwr_ex.o
                0x08005a98                HAL_PWREx_ConfigSupply
 .text.HAL_RCC_OscConfig
                0x08005b0c      0x7b4 ./Drivers/STM32H7xx_HAL_Driver/Src/stm32h7xx_hal_rcc.o
                0x08005b0c                HAL_RCC_OscConfig
 .text.HAL_RCC_ClockConfig
                0x080062c0      0x36c ./Drivers/STM32H7xx_HAL_Driver/Src/stm32h7xx_hal_rcc.o
                0x080062c0                HAL_RCC_ClockConfig
 .text.HAL_RCC_GetSysClockFreq
                0x0800662c      0x2f4 ./Drivers/STM32H7xx_HAL_Driver/Src/stm32h7xx_hal_rcc.o
                0x0800662c                HAL_RCC_GetSysClockFreq
 .text.HAL_RCC_GetHCLKFreq
                0x08006920       0x60 ./Drivers/STM32H7xx_HAL_Driver/Src/stm32h7xx_hal_rcc.o
                0x08006920                HAL_RCC_GetHCLKFreq
 .text.HAL_RCC_GetPCLK1Freq
                0x08006980       0x2c ./Drivers/STM32H7xx_HAL_Driver/Src/stm32h7xx_hal_rcc.o
                0x08006980                HAL_RCC_GetPCLK1Freq
 .text.HAL_RCCEx_PeriphCLKConfig
                0x080069ac     0x1340 ./Drivers/STM32H7xx_HAL_Driver/Src/stm32h7xx_hal_rcc_ex.o
                0x080069ac                HAL_RCCEx_PeriphCLKConfig
 .text.HAL_RCCEx_GetPeriphCLKFreq
                0x08007cec      0x9a4 ./Drivers/STM32H7xx_HAL_Driver/Src/stm32h7xx_hal_rcc_ex.o
                0x08007cec                HAL_RCCEx_GetPeriphCLKFreq
 .text.HAL_RCCEx_GetD3PCLK1Freq
                0x08008690       0x2c ./Drivers/STM32H7xx_HAL_Driver/Src/stm32h7xx_hal_rcc_ex.o
                0x08008690                HAL_RCCEx_GetD3PCLK1Freq
 .text.HAL_RCCEx_GetPLL2ClockFreq
                0x080086bc      0x2a8 ./Drivers/STM32H7xx_HAL_Driver/Src/stm32h7xx_hal_rcc_ex.o
                0x080086bc                HAL_RCCEx_GetPLL2ClockFreq
 .text.HAL_RCCEx_GetPLL3ClockFreq
                0x08008964      0x2a8 ./Drivers/STM32H7xx_HAL_Driver/Src/stm32h7xx_hal_rcc_ex.o
                0x08008964                HAL_RCCEx_GetPLL3ClockFreq
 .text.HAL_RCCEx_GetPLL1ClockFreq
                0x08008c0c      0x2a4 ./Drivers/STM32H7xx_HAL_Driver/Src/stm32h7xx_hal_rcc_ex.o
                0x08008c0c                HAL_RCCEx_GetPLL1ClockFreq
 .text.RCCEx_PLL2_Config
                0x08008eb0      0x164 ./Drivers/STM32H7xx_HAL_Driver/Src/stm32h7xx_hal_rcc_ex.o
 .text.RCCEx_PLL3_Config
                0x08009014      0x164 ./Drivers/STM32H7xx_HAL_Driver/Src/stm32h7xx_hal_rcc_ex.o
 .text.HAL_TIM_Base_Init
                0x08009178       0xae ./Drivers/STM32H7xx_HAL_Driver/Src/stm32h7xx_hal_tim.o
                0x08009178                HAL_TIM_Base_Init
 *fill*         0x08009226        0x2 
 .text.HAL_TIM_Base_Start_IT
                0x08009228      0x10c ./Drivers/STM32H7xx_HAL_Driver/Src/stm32h7xx_hal_tim.o
                0x08009228                HAL_TIM_Base_Start_IT
 .text.HAL_TIM_PWM_Init
                0x08009334       0xae ./Drivers/STM32H7xx_HAL_Driver/Src/stm32h7xx_hal_tim.o
                0x08009334                HAL_TIM_PWM_Init
 *fill*         0x080093e2        0x2 
 .text.HAL_TIM_PWM_Start
                0x080093e4      0x238 ./Drivers/STM32H7xx_HAL_Driver/Src/stm32h7xx_hal_tim.o
                0x080093e4                HAL_TIM_PWM_Start
 .text.HAL_TIM_IRQHandler
                0x0800961c      0x20e ./Drivers/STM32H7xx_HAL_Driver/Src/stm32h7xx_hal_tim.o
                0x0800961c                HAL_TIM_IRQHandler
 *fill*         0x0800982a        0x2 
 .text.HAL_TIM_PWM_ConfigChannel
                0x0800982c      0x228 ./Drivers/STM32H7xx_HAL_Driver/Src/stm32h7xx_hal_tim.o
                0x0800982c                HAL_TIM_PWM_ConfigChannel
 .text.HAL_TIM_ConfigClockSource
                0x08009a54      0x1f0 ./Drivers/STM32H7xx_HAL_Driver/Src/stm32h7xx_hal_tim.o
                0x08009a54                HAL_TIM_ConfigClockSource
 .text.HAL_TIM_OC_DelayElapsedCallback
                0x08009c44       0x14 ./Drivers/STM32H7xx_HAL_Driver/Src/stm32h7xx_hal_tim.o
                0x08009c44                HAL_TIM_OC_DelayElapsedCallback
 .text.HAL_TIM_IC_CaptureCallback
                0x08009c58       0x14 ./Drivers/STM32H7xx_HAL_Driver/Src/stm32h7xx_hal_tim.o
                0x08009c58                HAL_TIM_IC_CaptureCallback
 .text.HAL_TIM_PWM_PulseFinishedCallback
                0x08009c6c       0x14 ./Drivers/STM32H7xx_HAL_Driver/Src/stm32h7xx_hal_tim.o
                0x08009c6c                HAL_TIM_PWM_PulseFinishedCallback
 .text.HAL_TIM_TriggerCallback
                0x08009c80       0x14 ./Drivers/STM32H7xx_HAL_Driver/Src/stm32h7xx_hal_tim.o
                0x08009c80                HAL_TIM_TriggerCallback
 .text.TIM_Base_SetConfig
                0x08009c94      0x164 ./Drivers/STM32H7xx_HAL_Driver/Src/stm32h7xx_hal_tim.o
                0x08009c94                TIM_Base_SetConfig
 .text.TIM_OC1_SetConfig
                0x08009df8      0x120 ./Drivers/STM32H7xx_HAL_Driver/Src/stm32h7xx_hal_tim.o
 .text.TIM_OC2_SetConfig
                0x08009f18      0x114 ./Drivers/STM32H7xx_HAL_Driver/Src/stm32h7xx_hal_tim.o
                0x08009f18                TIM_OC2_SetConfig
 .text.TIM_OC3_SetConfig
                0x0800a02c      0x110 ./Drivers/STM32H7xx_HAL_Driver/Src/stm32h7xx_hal_tim.o
 .text.TIM_OC4_SetConfig
                0x0800a13c       0xd4 ./Drivers/STM32H7xx_HAL_Driver/Src/stm32h7xx_hal_tim.o
 .text.TIM_OC5_SetConfig
                0x0800a210       0xc8 ./Drivers/STM32H7xx_HAL_Driver/Src/stm32h7xx_hal_tim.o
 .text.TIM_OC6_SetConfig
                0x0800a2d8       0xcc ./Drivers/STM32H7xx_HAL_Driver/Src/stm32h7xx_hal_tim.o
 .text.TIM_TI1_ConfigInputStage
                0x0800a3a4       0x5e ./Drivers/STM32H7xx_HAL_Driver/Src/stm32h7xx_hal_tim.o
 .text.TIM_TI2_ConfigInputStage
                0x0800a402       0x60 ./Drivers/STM32H7xx_HAL_Driver/Src/stm32h7xx_hal_tim.o
 *fill*         0x0800a462        0x2 
 .text.TIM_ITRx_SetConfig
                0x0800a464       0x3c ./Drivers/STM32H7xx_HAL_Driver/Src/stm32h7xx_hal_tim.o
 .text.TIM_ETR_SetConfig
                0x0800a4a0       0x40 ./Drivers/STM32H7xx_HAL_Driver/Src/stm32h7xx_hal_tim.o
                0x0800a4a0                TIM_ETR_SetConfig
 .text.TIM_CCxChannelCmd
                0x0800a4e0       0x4a ./Drivers/STM32H7xx_HAL_Driver/Src/stm32h7xx_hal_tim.o
                0x0800a4e0                TIM_CCxChannelCmd
 *fill*         0x0800a52a        0x2 
 .text.HAL_TIMEx_PWMN_Start
                0x0800a52c      0x1a0 ./Drivers/STM32H7xx_HAL_Driver/Src/stm32h7xx_hal_tim_ex.o
                0x0800a52c                HAL_TIMEx_PWMN_Start
 .text.HAL_TIMEx_MasterConfigSynchronization
                0x0800a6cc      0x138 ./Drivers/STM32H7xx_HAL_Driver/Src/stm32h7xx_hal_tim_ex.o
                0x0800a6cc                HAL_TIMEx_MasterConfigSynchronization
 .text.HAL_TIMEx_ConfigBreakDeadTime
                0x0800a804      0x118 ./Drivers/STM32H7xx_HAL_Driver/Src/stm32h7xx_hal_tim_ex.o
                0x0800a804                HAL_TIMEx_ConfigBreakDeadTime
 .text.HAL_TIMEx_CommutCallback
                0x0800a91c       0x14 ./Drivers/STM32H7xx_HAL_Driver/Src/stm32h7xx_hal_tim_ex.o
                0x0800a91c                HAL_TIMEx_CommutCallback
 .text.HAL_TIMEx_BreakCallback
                0x0800a930       0x14 ./Drivers/STM32H7xx_HAL_Driver/Src/stm32h7xx_hal_tim_ex.o
                0x0800a930                HAL_TIMEx_BreakCallback
 .text.HAL_TIMEx_Break2Callback
                0x0800a944       0x14 ./Drivers/STM32H7xx_HAL_Driver/Src/stm32h7xx_hal_tim_ex.o
                0x0800a944                HAL_TIMEx_Break2Callback
 .text.TIM_CCxNChannelCmd
                0x0800a958       0x4a ./Drivers/STM32H7xx_HAL_Driver/Src/stm32h7xx_hal_tim_ex.o
 *fill*         0x0800a9a2        0x6 
 .text.Inverter_sim_dq_step
                0x0800a9a8      0x508 ./Drivers/Simulink/Inverter_sim_dq.o
                0x0800a9a8                Inverter_sim_dq_step
 .text.Inverter_sim_dq_initialize
                0x0800aeb0        0xe ./Drivers/Simulink/Inverter_sim_dq.o
                0x0800aeb0                Inverter_sim_dq_initialize
 .text.memset   0x0800aebe       0x10 C:/ST/STM32CubeIDE_1.16.1/STM32CubeIDE/plugins/com.st.stm32cube.ide.mcu.externaltools.gnu-tools-for-stm32.12.3.rel1.win32_1.0.200.202406191623/tools/bin/../lib/gcc/arm-none-eabi/12.3.1/../../../../arm-none-eabi/lib/thumb/v7e-m+dp/hard\libc_nano.a(libc_a-memset.o)
                0x0800aebe                memset
 *fill*         0x0800aece        0x2 
 .text.__errno  0x0800aed0        0xc C:/ST/STM32CubeIDE_1.16.1/STM32CubeIDE/plugins/com.st.stm32cube.ide.mcu.externaltools.gnu-tools-for-stm32.12.3.rel1.win32_1.0.200.202406191623/tools/bin/../lib/gcc/arm-none-eabi/12.3.1/../../../../arm-none-eabi/lib/thumb/v7e-m+dp/hard\libc_nano.a(libc_a-errno.o)
                0x0800aed0                __errno
 .text.__libc_init_array
                0x0800aedc       0x48 C:/ST/STM32CubeIDE_1.16.1/STM32CubeIDE/plugins/com.st.stm32cube.ide.mcu.externaltools.gnu-tools-for-stm32.12.3.rel1.win32_1.0.200.202406191623/tools/bin/../lib/gcc/arm-none-eabi/12.3.1/../../../../arm-none-eabi/lib/thumb/v7e-m+dp/hard\libc_nano.a(libc_a-init.o)
                0x0800aedc                __libc_init_array
 *fill*         0x0800af24        0x4 
 .text.sqrt     0x0800af28       0x40 C:/ST/STM32CubeIDE_1.16.1/STM32CubeIDE/plugins/com.st.stm32cube.ide.mcu.externaltools.gnu-tools-for-stm32.12.3.rel1.win32_1.0.200.202406191623/tools/bin/../lib/gcc/arm-none-eabi/12.3.1/../../../../arm-none-eabi/lib/thumb/v7e-m+dp/hard\libm.a(libm_a-w_sqrt.o)
                0x0800af28                sqrt
 .text.cos      0x0800af68       0x98 C:/ST/STM32CubeIDE_1.16.1/STM32CubeIDE/plugins/com.st.stm32cube.ide.mcu.externaltools.gnu-tools-for-stm32.12.3.rel1.win32_1.0.200.202406191623/tools/bin/../lib/gcc/arm-none-eabi/12.3.1/../../../../arm-none-eabi/lib/thumb/v7e-m+dp/hard\libm.a(libm_a-s_cos.o)
                0x0800af68                cos
 .text.sin      0x0800b000       0x98 C:/ST/STM32CubeIDE_1.16.1/STM32CubeIDE/plugins/com.st.stm32cube.ide.mcu.externaltools.gnu-tools-for-stm32.12.3.rel1.win32_1.0.200.202406191623/tools/bin/../lib/gcc/arm-none-eabi/12.3.1/../../../../arm-none-eabi/lib/thumb/v7e-m+dp/hard\libm.a(libm_a-s_sin.o)
                0x0800b000                sin
 .text.__ieee754_sqrt
                0x0800b098        0x6 C:/ST/STM32CubeIDE_1.16.1/STM32CubeIDE/plugins/com.st.stm32cube.ide.mcu.externaltools.gnu-tools-for-stm32.12.3.rel1.win32_1.0.200.202406191623/tools/bin/../lib/gcc/arm-none-eabi/12.3.1/../../../../arm-none-eabi/lib/thumb/v7e-m+dp/hard\libm.a(libm_a-e_sqrt.o)
                0x0800b098                __ieee754_sqrt
 *fill*         0x0800b09e        0x2 
 .text.__kernel_cos
                0x0800b0a0       0xd0 C:/ST/STM32CubeIDE_1.16.1/STM32CubeIDE/plugins/com.st.stm32cube.ide.mcu.externaltools.gnu-tools-for-stm32.12.3.rel1.win32_1.0.200.202406191623/tools/bin/../lib/gcc/arm-none-eabi/12.3.1/../../../../arm-none-eabi/lib/thumb/v7e-m+dp/hard\libm.a(libm_a-k_cos.o)
                0x0800b0a0                __kernel_cos
 .text.__kernel_sin
                0x0800b170       0xb0 C:/ST/STM32CubeIDE_1.16.1/STM32CubeIDE/plugins/com.st.stm32cube.ide.mcu.externaltools.gnu-tools-for-stm32.12.3.rel1.win32_1.0.200.202406191623/tools/bin/../lib/gcc/arm-none-eabi/12.3.1/../../../../arm-none-eabi/lib/thumb/v7e-m+dp/hard\libm.a(libm_a-k_sin.o)
                0x0800b170                __kernel_sin
 .text.__ieee754_rem_pio2
                0x0800b220      0x288 C:/ST/STM32CubeIDE_1.16.1/STM32CubeIDE/plugins/com.st.stm32cube.ide.mcu.externaltools.gnu-tools-for-stm32.12.3.rel1.win32_1.0.200.202406191623/tools/bin/../lib/gcc/arm-none-eabi/12.3.1/../../../../arm-none-eabi/lib/thumb/v7e-m+dp/hard\libm.a(libm_a-e_rem_pio2.o)
                0x0800b220                __ieee754_rem_pio2
 .text.fabs     0x0800b4a8       0x10 C:/ST/STM32CubeIDE_1.16.1/STM32CubeIDE/plugins/com.st.stm32cube.ide.mcu.externaltools.gnu-tools-for-stm32.12.3.rel1.win32_1.0.200.202406191623/tools/bin/../lib/gcc/arm-none-eabi/12.3.1/../../../../arm-none-eabi/lib/thumb/v7e-m+dp/hard\libm.a(libm_a-s_fabs.o)
                0x0800b4a8                fabs
 .text.__kernel_rem_pio2
                0x0800b4b8      0x4f8 C:/ST/STM32CubeIDE_1.16.1/STM32CubeIDE/plugins/com.st.stm32cube.ide.mcu.externaltools.gnu-tools-for-stm32.12.3.rel1.win32_1.0.200.202406191623/tools/bin/../lib/gcc/arm-none-eabi/12.3.1/../../../../arm-none-eabi/lib/thumb/v7e-m+dp/hard\libm.a(libm_a-k_rem_pio2.o)
                0x0800b4b8                __kernel_rem_pio2
 .text.scalbn   0x0800b9b0       0xfc C:/ST/STM32CubeIDE_1.16.1/STM32CubeIDE/plugins/com.st.stm32cube.ide.mcu.externaltools.gnu-tools-for-stm32.12.3.rel1.win32_1.0.200.202406191623/tools/bin/../lib/gcc/arm-none-eabi/12.3.1/../../../../arm-none-eabi/lib/thumb/v7e-m+dp/hard\libm.a(libm_a-s_scalbn.o)
                0x0800b9b0                scalbn
 *fill*         0x0800baac        0x4 
 .text.floor    0x0800bab0       0xf0 C:/ST/STM32CubeIDE_1.16.1/STM32CubeIDE/plugins/com.st.stm32cube.ide.mcu.externaltools.gnu-tools-for-stm32.12.3.rel1.win32_1.0.200.202406191623/tools/bin/../lib/gcc/arm-none-eabi/12.3.1/../../../../arm-none-eabi/lib/thumb/v7e-m+dp/hard\libm.a(libm_a-s_floor.o)
                0x0800bab0                floor
 *(.glue_7)
 .glue_7        0x0800bba0        0x0 linker stubs
 *(.glue_7t)
 .glue_7t       0x0800bba0        0x0 linker stubs
 *(.eh_frame)
 .eh_frame      0x0800bba0        0x0 C:/ST/STM32CubeIDE_1.16.1/STM32CubeIDE/plugins/com.st.stm32cube.ide.mcu.externaltools.gnu-tools-for-stm32.12.3.rel1.win32_1.0.200.202406191623/tools/bin/../lib/gcc/arm-none-eabi/12.3.1/thumb/v7e-m+dp/hard/crtbegin.o
 *(.init)
 .init          0x0800bba0        0x4 C:/ST/STM32CubeIDE_1.16.1/STM32CubeIDE/plugins/com.st.stm32cube.ide.mcu.externaltools.gnu-tools-for-stm32.12.3.rel1.win32_1.0.200.202406191623/tools/bin/../lib/gcc/arm-none-eabi/12.3.1/thumb/v7e-m+dp/hard/crti.o
                0x0800bba0                _init
 .init          0x0800bba4        0x8 C:/ST/STM32CubeIDE_1.16.1/STM32CubeIDE/plugins/com.st.stm32cube.ide.mcu.externaltools.gnu-tools-for-stm32.12.3.rel1.win32_1.0.200.202406191623/tools/bin/../lib/gcc/arm-none-eabi/12.3.1/thumb/v7e-m+dp/hard/crtn.o
 *(.fini)
 .fini          0x0800bbac        0x4 C:/ST/STM32CubeIDE_1.16.1/STM32CubeIDE/plugins/com.st.stm32cube.ide.mcu.externaltools.gnu-tools-for-stm32.12.3.rel1.win32_1.0.200.202406191623/tools/bin/../lib/gcc/arm-none-eabi/12.3.1/thumb/v7e-m+dp/hard/crti.o
                0x0800bbac                _fini
 .fini          0x0800bbb0        0x8 C:/ST/STM32CubeIDE_1.16.1/STM32CubeIDE/plugins/com.st.stm32cube.ide.mcu.externaltools.gnu-tools-for-stm32.12.3.rel1.win32_1.0.200.202406191623/tools/bin/../lib/gcc/arm-none-eabi/12.3.1/thumb/v7e-m+dp/hard/crtn.o
                0x0800bbb8                        . = ALIGN (0x4)
                0x0800bbb8                        _etext = .

.vfp11_veneer   0x0800bbb8        0x0
 .vfp11_veneer  0x0800bbb8        0x0 linker stubs

.v4_bx          0x0800bbb8        0x0
 .v4_bx         0x0800bbb8        0x0 linker stubs

.iplt           0x0800bbb8        0x0
 .iplt          0x0800bbb8        0x0 C:/ST/STM32CubeIDE_1.16.1/STM32CubeIDE/plugins/com.st.stm32cube.ide.mcu.externaltools.gnu-tools-for-stm32.12.3.rel1.win32_1.0.200.202406191623/tools/bin/../lib/gcc/arm-none-eabi/12.3.1/thumb/v7e-m+dp/hard/crtbegin.o

.rodata         0x0800bbb8      0x280
                0x0800bbb8                        . = ALIGN (0x4)
 *(.rodata)
 *(.rodata*)
 .rodata.D1CorePrescTable
                0x0800bbb8       0x10 ./Core/Src/system_stm32h7xx.o
                0x0800bbb8                D1CorePrescTable
 .rodata.flagBitshiftOffset.0
                0x0800bbc8        0x8 ./Drivers/STM32H7xx_HAL_Driver/Src/stm32h7xx_hal_dma.o
 .rodata.rtConstP
                0x0800bbd0       0x90 ./Drivers/Simulink/Inverter_sim_dq_data.o
                0x0800bbd0                rtConstP
 .rodata.npio2_hw
                0x0800bc60       0x80 C:/ST/STM32CubeIDE_1.16.1/STM32CubeIDE/plugins/com.st.stm32cube.ide.mcu.externaltools.gnu-tools-for-stm32.12.3.rel1.win32_1.0.200.202406191623/tools/bin/../lib/gcc/arm-none-eabi/12.3.1/../../../../arm-none-eabi/lib/thumb/v7e-m+dp/hard\libm.a(libm_a-e_rem_pio2.o)
 .rodata.two_over_pi
                0x0800bce0      0x108 C:/ST/STM32CubeIDE_1.16.1/STM32CubeIDE/plugins/com.st.stm32cube.ide.mcu.externaltools.gnu-tools-for-stm32.12.3.rel1.win32_1.0.200.202406191623/tools/bin/../lib/gcc/arm-none-eabi/12.3.1/../../../../arm-none-eabi/lib/thumb/v7e-m+dp/hard\libm.a(libm_a-e_rem_pio2.o)
 .rodata.PIo2   0x0800bde8       0x40 C:/ST/STM32CubeIDE_1.16.1/STM32CubeIDE/plugins/com.st.stm32cube.ide.mcu.externaltools.gnu-tools-for-stm32.12.3.rel1.win32_1.0.200.202406191623/tools/bin/../lib/gcc/arm-none-eabi/12.3.1/../../../../arm-none-eabi/lib/thumb/v7e-m+dp/hard\libm.a(libm_a-k_rem_pio2.o)
 .rodata.init_jk
                0x0800be28       0x10 C:/ST/STM32CubeIDE_1.16.1/STM32CubeIDE/plugins/com.st.stm32cube.ide.mcu.externaltools.gnu-tools-for-stm32.12.3.rel1.win32_1.0.200.202406191623/tools/bin/../lib/gcc/arm-none-eabi/12.3.1/../../../../arm-none-eabi/lib/thumb/v7e-m+dp/hard\libm.a(libm_a-k_rem_pio2.o)
                0x0800be38                        . = ALIGN (0x4)

.ARM.extab
 *(.ARM.extab* .gnu.linkonce.armextab.*)

.ARM            0x0800be38        0x0
                0x0800be38                        __exidx_start = .
 *(.ARM.exidx*)
                0x0800be38                        __exidx_end = .

.preinit_array  0x0800be38        0x0
                0x0800be38                        PROVIDE (__preinit_array_start = .)
 *(.preinit_array*)
                0x0800be38                        PROVIDE (__preinit_array_end = .)

.init_array     0x0800be38        0x4
                0x0800be38                        PROVIDE (__init_array_start = .)
 *(SORT_BY_NAME(.init_array.*))
 *(.init_array*)
 .init_array    0x0800be38        0x4 C:/ST/STM32CubeIDE_1.16.1/STM32CubeIDE/plugins/com.st.stm32cube.ide.mcu.externaltools.gnu-tools-for-stm32.12.3.rel1.win32_1.0.200.202406191623/tools/bin/../lib/gcc/arm-none-eabi/12.3.1/thumb/v7e-m+dp/hard/crtbegin.o
                0x0800be3c                        PROVIDE (__init_array_end = .)

.fini_array     0x0800be3c        0x4
                [!provide]                        PROVIDE (__fini_array_start = .)
 *(SORT_BY_NAME(.fini_array.*))
 *(.fini_array*)
 .fini_array    0x0800be3c        0x4 C:/ST/STM32CubeIDE_1.16.1/STM32CubeIDE/plugins/com.st.stm32cube.ide.mcu.externaltools.gnu-tools-for-stm32.12.3.rel1.win32_1.0.200.202406191623/tools/bin/../lib/gcc/arm-none-eabi/12.3.1/thumb/v7e-m+dp/hard/crtbegin.o
                [!provide]                        PROVIDE (__fini_array_end = .)
                0x0800be40                        _sidata = LOADADDR (.data)

.rel.dyn        0x0800be40        0x0
 .rel.iplt      0x0800be40        0x0 C:/ST/STM32CubeIDE_1.16.1/STM32CubeIDE/plugins/com.st.stm32cube.ide.mcu.externaltools.gnu-tools-for-stm32.12.3.rel1.win32_1.0.200.202406191623/tools/bin/../lib/gcc/arm-none-eabi/12.3.1/thumb/v7e-m+dp/hard/crtbegin.o

.data           0x24000000       0x9c load address 0x0800be40
                0x24000000                        . = ALIGN (0x4)
                0x24000000                        _sdata = .
 *(.data)
 *(.data*)
 .data.VDC      0x24000000        0x4 ./Core/Src/main.o
                0x24000000                VDC
 .data.VdRef    0x24000004        0x4 ./Core/Src/main.o
                0x24000004                VdRef
 .data.VOLTAGE_R_OFFSET
                0x24000008        0x4 ./Core/Src/main.o
                0x24000008                VOLTAGE_R_OFFSET
 .data.VOLTAGE_Y_OFFSET
                0x2400000c        0x4 ./Core/Src/main.o
                0x2400000c                VOLTAGE_Y_OFFSET
 .data.VOLTAGE_B_OFFSET
                0x24000010        0x4 ./Core/Src/main.o
                0x24000010                VOLTAGE_B_OFFSET
 .data.VOLTAGE_R_GAIN
                0x24000014        0x4 ./Core/Src/main.o
                0x24000014                VOLTAGE_R_GAIN
 .data.VOLTAGE_Y_GAIN
                0x24000018        0x4 ./Core/Src/main.o
                0x24000018                VOLTAGE_Y_GAIN
 .data.VOLTAGE_B_GAIN
                0x2400001c        0x4 ./Core/Src/main.o
                0x2400001c                VOLTAGE_B_GAIN
 .data.CURRENT_R_OFFSET
                0x24000020        0x4 ./Core/Src/main.o
                0x24000020                CURRENT_R_OFFSET
 .data.CURRENT_Y_OFFSET
                0x24000024        0x4 ./Core/Src/main.o
                0x24000024                CURRENT_Y_OFFSET
 .data.CURRENT_B_OFFSET
                0x24000028        0x4 ./Core/Src/main.o
                0x24000028                CURRENT_B_OFFSET
 .data.CURRENT_R_GAIN
                0x2400002c        0x4 ./Core/Src/main.o
                0x2400002c                CURRENT_R_GAIN
 .data.CURRENT_Y_GAIN
                0x24000030        0x4 ./Core/Src/main.o
                0x24000030                CURRENT_Y_GAIN
 .data.CURRENT_B_GAIN
                0x24000034        0x4 ./Core/Src/main.o
                0x24000034                CURRENT_B_GAIN
 .data.THETA_STEP
                0x24000038        0x4 ./Core/Src/main.o
                0x24000038                THETA_STEP
 .data.SystemCoreClock
                0x2400003c        0x4 ./Core/Src/system_stm32h7xx.o
                0x2400003c                SystemCoreClock
 .data.SystemD2Clock
                0x24000040        0x4 ./Core/Src/system_stm32h7xx.o
                0x24000040                SystemD2Clock
 .data.uwTickPrio
                0x24000044        0x4 ./Drivers/STM32H7xx_HAL_Driver/Src/stm32h7xx_hal.o
                0x24000044                uwTickPrio
 .data.uwTickFreq
                0x24000048        0x1 ./Drivers/STM32H7xx_HAL_Driver/Src/stm32h7xx_hal.o
                0x24000048                uwTickFreq
 *fill*         0x24000049        0x3 
 .data._impure_ptr
                0x2400004c        0x4 C:/ST/STM32CubeIDE_1.16.1/STM32CubeIDE/plugins/com.st.stm32cube.ide.mcu.externaltools.gnu-tools-for-stm32.12.3.rel1.win32_1.0.200.202406191623/tools/bin/../lib/gcc/arm-none-eabi/12.3.1/../../../../arm-none-eabi/lib/thumb/v7e-m+dp/hard\libc_nano.a(libc_a-impure.o)
                0x2400004c                _impure_ptr
 .data._impure_data
                0x24000050       0x4c C:/ST/STM32CubeIDE_1.16.1/STM32CubeIDE/plugins/com.st.stm32cube.ide.mcu.externaltools.gnu-tools-for-stm32.12.3.rel1.win32_1.0.200.202406191623/tools/bin/../lib/gcc/arm-none-eabi/12.3.1/../../../../arm-none-eabi/lib/thumb/v7e-m+dp/hard\libc_nano.a(libc_a-impure.o)
                0x24000050                _impure_data
 *(.RamFunc)
 *(.RamFunc*)
                0x2400009c                        . = ALIGN (0x4)
                0x2400009c                        _edata = .

.igot.plt       0x2400009c        0x0 load address 0x0800bedc
 .igot.plt      0x2400009c        0x0 C:/ST/STM32CubeIDE_1.16.1/STM32CubeIDE/plugins/com.st.stm32cube.ide.mcu.externaltools.gnu-tools-for-stm32.12.3.rel1.win32_1.0.200.202406191623/tools/bin/../lib/gcc/arm-none-eabi/12.3.1/thumb/v7e-m+dp/hard/crtbegin.o
                0x2400009c                        . = ALIGN (0x4)

.bss            0x240000a0      0x540 load address 0x0800bedc
                0x240000a0                        _sbss = .
                0x240000a0                        __bss_start__ = _sbss
 *(.bss)
 .bss           0x240000a0       0x1c C:/ST/STM32CubeIDE_1.16.1/STM32CubeIDE/plugins/com.st.stm32cube.ide.mcu.externaltools.gnu-tools-for-stm32.12.3.rel1.win32_1.0.200.202406191623/tools/bin/../lib/gcc/arm-none-eabi/12.3.1/thumb/v7e-m+dp/hard/crtbegin.o
 *(.bss*)
 .bss.hadc1     0x240000bc       0x70 ./Core/Src/main.o
                0x240000bc                hadc1
 .bss.hadc2     0x2400012c       0x70 ./Core/Src/main.o
                0x2400012c                hadc2
 .bss.hdma_adc1
                0x2400019c       0x78 ./Core/Src/main.o
                0x2400019c                hdma_adc1
 .bss.hdma_adc2
                0x24000214       0x78 ./Core/Src/main.o
                0x24000214                hdma_adc2
 .bss.htim1     0x2400028c       0x4c ./Core/Src/main.o
                0x2400028c                htim1
 .bss.htim5     0x240002d8       0x4c ./Core/Src/main.o
                0x240002d8                htim5
 .bss.htim8     0x24000324       0x4c ./Core/Src/main.o
                0x24000324                htim8
 .bss.VqRef     0x24000370        0x4 ./Core/Src/main.o
                0x24000370                VqRef
 .bss.VOLTAGE_R_PHASE
                0x24000374        0x4 ./Core/Src/main.o
                0x24000374                VOLTAGE_R_PHASE
 .bss.VOLTAGE_Y_PHASE
                0x24000378        0x4 ./Core/Src/main.o
                0x24000378                VOLTAGE_Y_PHASE
 .bss.VOLTAGE_B_PHASE
                0x2400037c        0x4 ./Core/Src/main.o
                0x2400037c                VOLTAGE_B_PHASE
 .bss.CURRENT_R_PHASE
                0x24000380        0x4 ./Core/Src/main.o
                0x24000380                CURRENT_R_PHASE
 .bss.CURRENT_Y_PHASE
                0x24000384        0x4 ./Core/Src/main.o
                0x24000384                CURRENT_Y_PHASE
 .bss.CURRENT_B_PHASE
                0x24000388        0x4 ./Core/Src/main.o
                0x24000388                CURRENT_B_PHASE
 .bss.VoltageadcBuffer
                0x2400038c        0x6 ./Core/Src/main.o
                0x2400038c                VoltageadcBuffer
 *fill*         0x24000392        0x2 
 .bss.CurrentadcBuffer
                0x24000394        0x6 ./Core/Src/main.o
                0x24000394                CurrentadcBuffer
 *fill*         0x2400039a        0x2 
 .bss.CCR1      0x2400039c        0x4 ./Core/Src/main.o
                0x2400039c                CCR1
 .bss.CCR2      0x240003a0        0x4 ./Core/Src/main.o
                0x240003a0                CCR2
 .bss.CCR3      0x240003a4        0x4 ./Core/Src/main.o
                0x240003a4                CCR3
 .bss.closedLoop_theta
                0x240003a8        0x4 ./Core/Src/main.o
                0x240003a8                closedLoop_theta
 .bss.check1    0x240003ac        0x4 ./Core/Src/main.o
                0x240003ac                check1
 .bss.check2    0x240003b0        0x4 ./Core/Src/main.o
                0x240003b0                check2
 .bss.check3    0x240003b4        0x4 ./Core/Src/main.o
                0x240003b4                check3
 .bss.check4    0x240003b8        0x4 ./Core/Src/main.o
                0x240003b8                check4
 .bss.check5    0x240003bc        0x4 ./Core/Src/main.o
                0x240003bc                check5
 .bss.VoltageR_Input
                0x240003c0        0xc ./Core/Src/main.o
                0x240003c0                VoltageR_Input
 .bss.VoltageR_Output
                0x240003cc        0xc ./Core/Src/main.o
                0x240003cc                VoltageR_Output
 .bss.VoltageY_Input
                0x240003d8        0xc ./Core/Src/main.o
                0x240003d8                VoltageY_Input
 .bss.VoltageY_Output
                0x240003e4        0xc ./Core/Src/main.o
                0x240003e4                VoltageY_Output
 .bss.VoltageB_Input
                0x240003f0        0xc ./Core/Src/main.o
                0x240003f0                VoltageB_Input
 .bss.VoltageB_Output
                0x240003fc        0xc ./Core/Src/main.o
                0x240003fc                VoltageB_Output
 .bss.HAL_RCC_ADC12_CLK_ENABLED
                0x24000408        0x4 ./Core/Src/stm32h7xx_hal_msp.o
 .bss.uwTick    0x2400040c        0x4 ./Drivers/STM32H7xx_HAL_Driver/Src/stm32h7xx_hal.o
                0x2400040c                uwTick
 .bss.rtDW      0x24000410       0x20 ./Drivers/Simulink/Inverter_sim_dq.o
                0x24000410                rtDW
 .bss.rtU       0x24000430       0x38 ./Drivers/Simulink/Inverter_sim_dq.o
                0x24000430                rtU
 .bss.rtY       0x24000468       0x40 ./Drivers/Simulink/Inverter_sim_dq.o
                0x24000468                rtY
 .bss.__sf      0x240004a8      0x138 C:/ST/STM32CubeIDE_1.16.1/STM32CubeIDE/plugins/com.st.stm32cube.ide.mcu.externaltools.gnu-tools-for-stm32.12.3.rel1.win32_1.0.200.202406191623/tools/bin/../lib/gcc/arm-none-eabi/12.3.1/../../../../arm-none-eabi/lib/thumb/v7e-m+dp/hard\libc_nano.a(libc_a-findfp.o)
                0x240004a8                __sf
 *(COMMON)
                0x240005e0                        . = ALIGN (0x4)
                0x240005e0                        _ebss = .
                0x240005e0                        __bss_end__ = _ebss

._user_heap_stack
                0x240005e0      0x600 load address 0x0800bedc
                0x240005e0                        . = ALIGN (0x8)
                [!provide]                        PROVIDE (end = .)
                0x240005e0                        PROVIDE (_end = .)
                0x240007e0                        . = (. + _Min_Heap_Size)
 *fill*         0x240005e0      0x200 
                0x24000be0                        . = (. + _Min_Stack_Size)
 *fill*         0x240007e0      0x400 
                0x24000be0                        . = ALIGN (0x8)

/DISCARD/
 libc.a(*)
 libm.a(*)
 libgcc.a(*)

.ARM.attributes
                0x00000000       0x2e
 *(.ARM.attributes)
 .ARM.attributes
                0x00000000       0x20 C:/ST/STM32CubeIDE_1.16.1/STM32CubeIDE/plugins/com.st.stm32cube.ide.mcu.externaltools.gnu-tools-for-stm32.12.3.rel1.win32_1.0.200.202406191623/tools/bin/../lib/gcc/arm-none-eabi/12.3.1/thumb/v7e-m+dp/hard/crti.o
 .ARM.attributes
                0x00000020       0x32 C:/ST/STM32CubeIDE_1.16.1/STM32CubeIDE/plugins/com.st.stm32cube.ide.mcu.externaltools.gnu-tools-for-stm32.12.3.rel1.win32_1.0.200.202406191623/tools/bin/../lib/gcc/arm-none-eabi/12.3.1/thumb/v7e-m+dp/hard/crtbegin.o
 .ARM.attributes
                0x00000052       0x32 ./Core/Src/butterworth_filter.o
 .ARM.attributes
                0x00000084       0x32 ./Core/Src/main.o
 .ARM.attributes
                0x000000b6       0x32 ./Core/Src/stm32h7xx_hal_msp.o
 .ARM.attributes
                0x000000e8       0x32 ./Core/Src/stm32h7xx_it.o
 .ARM.attributes
                0x0000011a       0x32 ./Core/Src/system_stm32h7xx.o
 .ARM.attributes
                0x0000014c       0x21 ./Core/Startup/startup_stm32h723zgtx.o
 .ARM.attributes
                0x0000016d       0x32 ./Drivers/STM32H7xx_HAL_Driver/Src/stm32h7xx_hal.o
 .ARM.attributes
                0x0000019f       0x32 ./Drivers/STM32H7xx_HAL_Driver/Src/stm32h7xx_hal_adc.o
 .ARM.attributes
                0x000001d1       0x32 ./Drivers/STM32H7xx_HAL_Driver/Src/stm32h7xx_hal_adc_ex.o
 .ARM.attributes
                0x00000203       0x32 ./Drivers/STM32H7xx_HAL_Driver/Src/stm32h7xx_hal_cortex.o
 .ARM.attributes
                0x00000235       0x32 ./Drivers/STM32H7xx_HAL_Driver/Src/stm32h7xx_hal_dma.o
 .ARM.attributes
                0x00000267       0x32 ./Drivers/STM32H7xx_HAL_Driver/Src/stm32h7xx_hal_gpio.o
 .ARM.attributes
                0x00000299       0x32 ./Drivers/STM32H7xx_HAL_Driver/Src/stm32h7xx_hal_pwr_ex.o
 .ARM.attributes
                0x000002cb       0x32 ./Drivers/STM32H7xx_HAL_Driver/Src/stm32h7xx_hal_rcc.o
 .ARM.attributes
                0x000002fd       0x32 ./Drivers/STM32H7xx_HAL_Driver/Src/stm32h7xx_hal_rcc_ex.o
 .ARM.attributes
                0x0000032f       0x32 ./Drivers/STM32H7xx_HAL_Driver/Src/stm32h7xx_hal_tim.o
 .ARM.attributes
                0x00000361       0x32 ./Drivers/STM32H7xx_HAL_Driver/Src/stm32h7xx_hal_tim_ex.o
 .ARM.attributes
                0x00000393       0x32 ./Drivers/Simulink/Inverter_sim_dq.o
 .ARM.attributes
                0x000003c5       0x32 ./Drivers/Simulink/Inverter_sim_dq_data.o
 .ARM.attributes
                0x000003f7       0x32 C:/ST/STM32CubeIDE_1.16.1/STM32CubeIDE/plugins/com.st.stm32cube.ide.mcu.externaltools.gnu-tools-for-stm32.12.3.rel1.win32_1.0.200.202406191623/tools/bin/../lib/gcc/arm-none-eabi/12.3.1/../../../../arm-none-eabi/lib/thumb/v7e-m+dp/hard\libc_nano.a(libc_a-findfp.o)
 .ARM.attributes
                0x00000429       0x32 C:/ST/STM32CubeIDE_1.16.1/STM32CubeIDE/plugins/com.st.stm32cube.ide.mcu.externaltools.gnu-tools-for-stm32.12.3.rel1.win32_1.0.200.202406191623/tools/bin/../lib/gcc/arm-none-eabi/12.3.1/../../../../arm-none-eabi/lib/thumb/v7e-m+dp/hard\libc_nano.a(libc_a-memset.o)
 .ARM.attributes
                0x0000045b       0x32 C:/ST/STM32CubeIDE_1.16.1/STM32CubeIDE/plugins/com.st.stm32cube.ide.mcu.externaltools.gnu-tools-for-stm32.12.3.rel1.win32_1.0.200.202406191623/tools/bin/../lib/gcc/arm-none-eabi/12.3.1/../../../../arm-none-eabi/lib/thumb/v7e-m+dp/hard\libc_nano.a(libc_a-impure.o)
 .ARM.attributes
                0x0000048d       0x32 C:/ST/STM32CubeIDE_1.16.1/STM32CubeIDE/plugins/com.st.stm32cube.ide.mcu.externaltools.gnu-tools-for-stm32.12.3.rel1.win32_1.0.200.202406191623/tools/bin/../lib/gcc/arm-none-eabi/12.3.1/../../../../arm-none-eabi/lib/thumb/v7e-m+dp/hard\libc_nano.a(libc_a-errno.o)
 .ARM.attributes
                0x000004bf       0x32 C:/ST/STM32CubeIDE_1.16.1/STM32CubeIDE/plugins/com.st.stm32cube.ide.mcu.externaltools.gnu-tools-for-stm32.12.3.rel1.win32_1.0.200.202406191623/tools/bin/../lib/gcc/arm-none-eabi/12.3.1/../../../../arm-none-eabi/lib/thumb/v7e-m+dp/hard\libc_nano.a(libc_a-init.o)
 .ARM.attributes
                0x000004f1       0x32 C:/ST/STM32CubeIDE_1.16.1/STM32CubeIDE/plugins/com.st.stm32cube.ide.mcu.externaltools.gnu-tools-for-stm32.12.3.rel1.win32_1.0.200.202406191623/tools/bin/../lib/gcc/arm-none-eabi/12.3.1/../../../../arm-none-eabi/lib/thumb/v7e-m+dp/hard\libm.a(libm_a-w_sqrt.o)
 .ARM.attributes
                0x00000523       0x32 C:/ST/STM32CubeIDE_1.16.1/STM32CubeIDE/plugins/com.st.stm32cube.ide.mcu.externaltools.gnu-tools-for-stm32.12.3.rel1.win32_1.0.200.202406191623/tools/bin/../lib/gcc/arm-none-eabi/12.3.1/../../../../arm-none-eabi/lib/thumb/v7e-m+dp/hard\libm.a(libm_a-s_cos.o)
 .ARM.attributes
                0x00000555       0x32 C:/ST/STM32CubeIDE_1.16.1/STM32CubeIDE/plugins/com.st.stm32cube.ide.mcu.externaltools.gnu-tools-for-stm32.12.3.rel1.win32_1.0.200.202406191623/tools/bin/../lib/gcc/arm-none-eabi/12.3.1/../../../../arm-none-eabi/lib/thumb/v7e-m+dp/hard\libm.a(libm_a-s_sin.o)
 .ARM.attributes
                0x00000587       0x32 C:/ST/STM32CubeIDE_1.16.1/STM32CubeIDE/plugins/com.st.stm32cube.ide.mcu.externaltools.gnu-tools-for-stm32.12.3.rel1.win32_1.0.200.202406191623/tools/bin/../lib/gcc/arm-none-eabi/12.3.1/../../../../arm-none-eabi/lib/thumb/v7e-m+dp/hard\libm.a(libm_a-e_sqrt.o)
 .ARM.attributes
                0x000005b9       0x32 C:/ST/STM32CubeIDE_1.16.1/STM32CubeIDE/plugins/com.st.stm32cube.ide.mcu.externaltools.gnu-tools-for-stm32.12.3.rel1.win32_1.0.200.202406191623/tools/bin/../lib/gcc/arm-none-eabi/12.3.1/../../../../arm-none-eabi/lib/thumb/v7e-m+dp/hard\libm.a(libm_a-k_cos.o)
 .ARM.attributes
                0x000005eb       0x32 C:/ST/STM32CubeIDE_1.16.1/STM32CubeIDE/plugins/com.st.stm32cube.ide.mcu.externaltools.gnu-tools-for-stm32.12.3.rel1.win32_1.0.200.202406191623/tools/bin/../lib/gcc/arm-none-eabi/12.3.1/../../../../arm-none-eabi/lib/thumb/v7e-m+dp/hard\libm.a(libm_a-k_sin.o)
 .ARM.attributes
                0x0000061d       0x32 C:/ST/STM32CubeIDE_1.16.1/STM32CubeIDE/plugins/com.st.stm32cube.ide.mcu.externaltools.gnu-tools-for-stm32.12.3.rel1.win32_1.0.200.202406191623/tools/bin/../lib/gcc/arm-none-eabi/12.3.1/../../../../arm-none-eabi/lib/thumb/v7e-m+dp/hard\libm.a(libm_a-e_rem_pio2.o)
 .ARM.attributes
                0x0000064f       0x32 C:/ST/STM32CubeIDE_1.16.1/STM32CubeIDE/plugins/com.st.stm32cube.ide.mcu.externaltools.gnu-tools-for-stm32.12.3.rel1.win32_1.0.200.202406191623/tools/bin/../lib/gcc/arm-none-eabi/12.3.1/../../../../arm-none-eabi/lib/thumb/v7e-m+dp/hard\libm.a(libm_a-s_fabs.o)
 .ARM.attributes
                0x00000681       0x32 C:/ST/STM32CubeIDE_1.16.1/STM32CubeIDE/plugins/com.st.stm32cube.ide.mcu.externaltools.gnu-tools-for-stm32.12.3.rel1.win32_1.0.200.202406191623/tools/bin/../lib/gcc/arm-none-eabi/12.3.1/../../../../arm-none-eabi/lib/thumb/v7e-m+dp/hard\libm.a(libm_a-k_rem_pio2.o)
 .ARM.attributes
                0x000006b3       0x32 C:/ST/STM32CubeIDE_1.16.1/STM32CubeIDE/plugins/com.st.stm32cube.ide.mcu.externaltools.gnu-tools-for-stm32.12.3.rel1.win32_1.0.200.202406191623/tools/bin/../lib/gcc/arm-none-eabi/12.3.1/../../../../arm-none-eabi/lib/thumb/v7e-m+dp/hard\libm.a(libm_a-s_scalbn.o)
 .ARM.attributes
                0x000006e5       0x32 C:/ST/STM32CubeIDE_1.16.1/STM32CubeIDE/plugins/com.st.stm32cube.ide.mcu.externaltools.gnu-tools-for-stm32.12.3.rel1.win32_1.0.200.202406191623/tools/bin/../lib/gcc/arm-none-eabi/12.3.1/../../../../arm-none-eabi/lib/thumb/v7e-m+dp/hard\libm.a(libm_a-s_floor.o)
 .ARM.attributes
                0x00000717       0x20 C:/ST/STM32CubeIDE_1.16.1/STM32CubeIDE/plugins/com.st.stm32cube.ide.mcu.externaltools.gnu-tools-for-stm32.12.3.rel1.win32_1.0.200.202406191623/tools/bin/../lib/gcc/arm-none-eabi/12.3.1/thumb/v7e-m+dp/hard/crtn.o
OUTPUT(threePhaseInverterWithPLL.elf elf32-littlearm)
LOAD linker stubs
LOAD C:/ST/STM32CubeIDE_1.16.1/STM32CubeIDE/plugins/com.st.stm32cube.ide.mcu.externaltools.gnu-tools-for-stm32.12.3.rel1.win32_1.0.200.202406191623/tools/bin/../lib/gcc/arm-none-eabi/12.3.1/../../../../arm-none-eabi/lib/thumb/v7e-m+dp/hard\libc.a
LOAD C:/ST/STM32CubeIDE_1.16.1/STM32CubeIDE/plugins/com.st.stm32cube.ide.mcu.externaltools.gnu-tools-for-stm32.12.3.rel1.win32_1.0.200.202406191623/tools/bin/../lib/gcc/arm-none-eabi/12.3.1/../../../../arm-none-eabi/lib/thumb/v7e-m+dp/hard\libm.a
LOAD C:/ST/STM32CubeIDE_1.16.1/STM32CubeIDE/plugins/com.st.stm32cube.ide.mcu.externaltools.gnu-tools-for-stm32.12.3.rel1.win32_1.0.200.202406191623/tools/bin/../lib/gcc/arm-none-eabi/12.3.1/thumb/v7e-m+dp/hard\libgcc.a

.debug_info     0x00000000    0x150ac
 .debug_info    0x00000000       0xcf ./Core/Src/butterworth_filter.o
 .debug_info    0x000000cf     0x25ad ./Core/Src/main.o
 .debug_info    0x0000267c     0x182d ./Core/Src/stm32h7xx_hal_msp.o
 .debug_info    0x00003ea9      0x899 ./Core/Src/stm32h7xx_it.o
 .debug_info    0x00004742      0xb2e ./Core/Src/system_stm32h7xx.o
 .debug_info    0x00005270       0x30 ./Core/Startup/startup_stm32h723zgtx.o
 .debug_info    0x000052a0     0x1698 ./Drivers/STM32H7xx_HAL_Driver/Src/stm32h7xx_hal.o
 .debug_info    0x00006938     0x245f ./Drivers/STM32H7xx_HAL_Driver/Src/stm32h7xx_hal_adc.o
 .debug_info    0x00008d97     0x2432 ./Drivers/STM32H7xx_HAL_Driver/Src/stm32h7xx_hal_adc_ex.o
 .debug_info    0x0000b1c9     0x10a0 ./Drivers/STM32H7xx_HAL_Driver/Src/stm32h7xx_hal_cortex.o
 .debug_info    0x0000c269      0xb67 ./Drivers/STM32H7xx_HAL_Driver/Src/stm32h7xx_hal_dma.o
 .debug_info    0x0000cdd0      0xc5c ./Drivers/STM32H7xx_HAL_Driver/Src/stm32h7xx_hal_gpio.o
 .debug_info    0x0000da2c      0xdc4 ./Drivers/STM32H7xx_HAL_Driver/Src/stm32h7xx_hal_pwr_ex.o
 .debug_info    0x0000e7f0      0xd73 ./Drivers/STM32H7xx_HAL_Driver/Src/stm32h7xx_hal_rcc.o
 .debug_info    0x0000f563     0x11fc ./Drivers/STM32H7xx_HAL_Driver/Src/stm32h7xx_hal_rcc_ex.o
 .debug_info    0x0001075f     0x2bae ./Drivers/STM32H7xx_HAL_Driver/Src/stm32h7xx_hal_tim.o
 .debug_info    0x0001330d     0x18c1 ./Drivers/STM32H7xx_HAL_Driver/Src/stm32h7xx_hal_tim_ex.o
 .debug_info    0x00014bce      0x3f2 ./Drivers/Simulink/Inverter_sim_dq.o
 .debug_info    0x00014fc0       0xec ./Drivers/Simulink/Inverter_sim_dq_data.o

.debug_abbrev   0x00000000     0x287b
 .debug_abbrev  0x00000000       0x76 ./Core/Src/butterworth_filter.o
 .debug_abbrev  0x00000076      0x346 ./Core/Src/main.o
 .debug_abbrev  0x000003bc      0x272 ./Core/Src/stm32h7xx_hal_msp.o
 .debug_abbrev  0x0000062e      0x1ab ./Core/Src/stm32h7xx_it.o
 .debug_abbrev  0x000007d9      0x13a ./Core/Src/system_stm32h7xx.o
 .debug_abbrev  0x00000913       0x24 ./Core/Startup/startup_stm32h723zgtx.o
 .debug_abbrev  0x00000937      0x29e ./Drivers/STM32H7xx_HAL_Driver/Src/stm32h7xx_hal.o
 .debug_abbrev  0x00000bd5      0x309 ./Drivers/STM32H7xx_HAL_Driver/Src/stm32h7xx_hal_adc.o
 .debug_abbrev  0x00000ede      0x346 ./Drivers/STM32H7xx_HAL_Driver/Src/stm32h7xx_hal_adc_ex.o
 .debug_abbrev  0x00001224      0x339 ./Drivers/STM32H7xx_HAL_Driver/Src/stm32h7xx_hal_cortex.o
 .debug_abbrev  0x0000155d      0x248 ./Drivers/STM32H7xx_HAL_Driver/Src/stm32h7xx_hal_dma.o
 .debug_abbrev  0x000017a5      0x1fe ./Drivers/STM32H7xx_HAL_Driver/Src/stm32h7xx_hal_gpio.o
 .debug_abbrev  0x000019a3      0x295 ./Drivers/STM32H7xx_HAL_Driver/Src/stm32h7xx_hal_pwr_ex.o
 .debug_abbrev  0x00001c38      0x2b1 ./Drivers/STM32H7xx_HAL_Driver/Src/stm32h7xx_hal_rcc.o
 .debug_abbrev  0x00001ee9      0x269 ./Drivers/STM32H7xx_HAL_Driver/Src/stm32h7xx_hal_rcc_ex.o
 .debug_abbrev  0x00002152      0x276 ./Drivers/STM32H7xx_HAL_Driver/Src/stm32h7xx_hal_tim.o
 .debug_abbrev  0x000023c8      0x296 ./Drivers/STM32H7xx_HAL_Driver/Src/stm32h7xx_hal_tim_ex.o
 .debug_abbrev  0x0000265e      0x189 ./Drivers/Simulink/Inverter_sim_dq.o
 .debug_abbrev  0x000027e7       0x94 ./Drivers/Simulink/Inverter_sim_dq_data.o

.debug_aranges  0x00000000     0x1298
 .debug_aranges
                0x00000000       0x20 ./Core/Src/butterworth_filter.o
 .debug_aranges
                0x00000020       0x88 ./Core/Src/main.o
 .debug_aranges
                0x000000a8       0x58 ./Core/Src/stm32h7xx_hal_msp.o
 .debug_aranges
                0x00000100       0x88 ./Core/Src/stm32h7xx_it.o
 .debug_aranges
                0x00000188       0x28 ./Core/Src/system_stm32h7xx.o
 .debug_aranges
                0x000001b0       0x28 ./Core/Startup/startup_stm32h723zgtx.o
 .debug_aranges
                0x000001d8      0x1c8 ./Drivers/STM32H7xx_HAL_Driver/Src/stm32h7xx_hal.o
 .debug_aranges
                0x000003a0      0x260 ./Drivers/STM32H7xx_HAL_Driver/Src/stm32h7xx_hal_adc.o
 .debug_aranges
                0x00000600      0x1f0 ./Drivers/STM32H7xx_HAL_Driver/Src/stm32h7xx_hal_adc_ex.o
 .debug_aranges
                0x000007f0      0x130 ./Drivers/STM32H7xx_HAL_Driver/Src/stm32h7xx_hal_cortex.o
 .debug_aranges
                0x00000920       0xa0 ./Drivers/STM32H7xx_HAL_Driver/Src/stm32h7xx_hal_dma.o
 .debug_aranges
                0x000009c0       0x58 ./Drivers/STM32H7xx_HAL_Driver/Src/stm32h7xx_hal_gpio.o
 .debug_aranges
                0x00000a18      0x148 ./Drivers/STM32H7xx_HAL_Driver/Src/stm32h7xx_hal_pwr_ex.o
 .debug_aranges
                0x00000b60       0x88 ./Drivers/STM32H7xx_HAL_Driver/Src/stm32h7xx_hal_rcc.o
 .debug_aranges
                0x00000be8       0xf8 ./Drivers/STM32H7xx_HAL_Driver/Src/stm32h7xx_hal_rcc_ex.o
 .debug_aranges
                0x00000ce0      0x3e0 ./Drivers/STM32H7xx_HAL_Driver/Src/stm32h7xx_hal_tim.o
 .debug_aranges
                0x000010c0      0x198 ./Drivers/STM32H7xx_HAL_Driver/Src/stm32h7xx_hal_tim_ex.o
 .debug_aranges
                0x00001258       0x28 ./Drivers/Simulink/Inverter_sim_dq.o
 .debug_aranges
                0x00001280       0x18 ./Drivers/Simulink/Inverter_sim_dq_data.o

.debug_rnglists
                0x00000000      0xe4e
 .debug_rnglists
                0x00000000       0x14 ./Core/Src/butterworth_filter.o
 .debug_rnglists
                0x00000014       0x6b ./Core/Src/main.o
 .debug_rnglists
                0x0000007f       0x41 ./Core/Src/stm32h7xx_hal_msp.o
 .debug_rnglists
                0x000000c0       0x61 ./Core/Src/stm32h7xx_it.o
 .debug_rnglists
                0x00000121       0x1b ./Core/Src/system_stm32h7xx.o
 .debug_rnglists
                0x0000013c       0x19 ./Core/Startup/startup_stm32h723zgtx.o
 .debug_rnglists
                0x00000155      0x155 ./Drivers/STM32H7xx_HAL_Driver/Src/stm32h7xx_hal.o
 .debug_rnglists
                0x000002aa      0x1d5 ./Drivers/STM32H7xx_HAL_Driver/Src/stm32h7xx_hal_adc.o
 .debug_rnglists
                0x0000047f      0x182 ./Drivers/STM32H7xx_HAL_Driver/Src/stm32h7xx_hal_adc_ex.o
 .debug_rnglists
                0x00000601       0xe0 ./Drivers/STM32H7xx_HAL_Driver/Src/stm32h7xx_hal_cortex.o
 .debug_rnglists
                0x000006e1       0x82 ./Drivers/STM32H7xx_HAL_Driver/Src/stm32h7xx_hal_dma.o
 .debug_rnglists
                0x00000763       0x3f ./Drivers/STM32H7xx_HAL_Driver/Src/stm32h7xx_hal_gpio.o
 .debug_rnglists
                0x000007a2       0xf5 ./Drivers/STM32H7xx_HAL_Driver/Src/stm32h7xx_hal_pwr_ex.o
 .debug_rnglists
                0x00000897       0x68 ./Drivers/STM32H7xx_HAL_Driver/Src/stm32h7xx_hal_rcc.o
 .debug_rnglists
                0x000008ff       0xc0 ./Drivers/STM32H7xx_HAL_Driver/Src/stm32h7xx_hal_rcc_ex.o
 .debug_rnglists
                0x000009bf      0x328 ./Drivers/STM32H7xx_HAL_Driver/Src/stm32h7xx_hal_tim.o
 .debug_rnglists
                0x00000ce7      0x14d ./Drivers/STM32H7xx_HAL_Driver/Src/stm32h7xx_hal_tim_ex.o
 .debug_rnglists
                0x00000e34       0x1a ./Drivers/Simulink/Inverter_sim_dq.o

.debug_macro    0x00000000    0x340a4
 .debug_macro   0x00000000       0x72 ./Core/Src/butterworth_filter.o
 .debug_macro   0x00000072      0xacc ./Core/Src/butterworth_filter.o
 .debug_macro   0x00000b3e       0x22 ./Core/Src/butterworth_filter.o
 .debug_macro   0x00000b60       0x8e ./Core/Src/butterworth_filter.o
 .debug_macro   0x00000bee       0x51 ./Core/Src/butterworth_filter.o
 .debug_macro   0x00000c3f      0x103 ./Core/Src/butterworth_filter.o
 .debug_macro   0x00000d42       0x6a ./Core/Src/butterworth_filter.o
 .debug_macro   0x00000dac      0x1df ./Core/Src/butterworth_filter.o
 .debug_macro   0x00000f8b       0x22 ./Core/Src/butterworth_filter.o
 .debug_macro   0x00000fad      0x2e7 ./Core/Src/main.o
 .debug_macro   0x00001294      0x238 ./Core/Src/main.o
 .debug_macro   0x000014cc       0x2e ./Core/Src/main.o
 .debug_macro   0x000014fa       0x3b ./Core/Src/main.o
 .debug_macro   0x00001535       0x1c ./Core/Src/main.o
 .debug_macro   0x00001551       0x22 ./Core/Src/main.o
 .debug_macro   0x00001573       0xfb ./Core/Src/main.o
 .debug_macro   0x0000166e     0x1305 ./Core/Src/main.o
 .debug_macro   0x00002973      0x11f ./Core/Src/main.o
 .debug_macro   0x00002a92       0x27 ./Core/Src/main.o
 .debug_macro   0x00002ab9    0x2127f ./Core/Src/main.o
 .debug_macro   0x00023d38       0x6d ./Core/Src/main.o
 .debug_macro   0x00023da5     0x3d64 ./Core/Src/main.o
 .debug_macro   0x00027b09      0x189 ./Core/Src/main.o
 .debug_macro   0x00027c92       0x61 ./Core/Src/main.o
 .debug_macro   0x00027cf3       0x29 ./Core/Src/main.o
 .debug_macro   0x00027d1c       0x43 ./Core/Src/main.o
 .debug_macro   0x00027d5f       0x34 ./Core/Src/main.o
 .debug_macro   0x00027d93       0x16 ./Core/Src/main.o
 .debug_macro   0x00027da9       0x43 ./Core/Src/main.o
 .debug_macro   0x00027dec       0x34 ./Core/Src/main.o
 .debug_macro   0x00027e20       0x10 ./Core/Src/main.o
 .debug_macro   0x00027e30       0x58 ./Core/Src/main.o
 .debug_macro   0x00027e88       0x8e ./Core/Src/main.o
 .debug_macro   0x00027f16       0x1c ./Core/Src/main.o
 .debug_macro   0x00027f32      0x177 ./Core/Src/main.o
 .debug_macro   0x000280a9      0x369 ./Core/Src/main.o
 .debug_macro   0x00028412      0x19b ./Core/Src/main.o
 .debug_macro   0x000285ad       0x5d ./Core/Src/main.o
 .debug_macro   0x0002860a     0x2462 ./Core/Src/main.o
 .debug_macro   0x0002aa6c     0x1079 ./Core/Src/main.o
 .debug_macro   0x0002bae5      0x154 ./Core/Src/main.o
 .debug_macro   0x0002bc39      0x114 ./Core/Src/main.o
 .debug_macro   0x0002bd4d      0x3fc ./Core/Src/main.o
 .debug_macro   0x0002c149       0xac ./Core/Src/main.o
 .debug_macro   0x0002c1f5      0x788 ./Core/Src/main.o
 .debug_macro   0x0002c97d      0x228 ./Core/Src/main.o
 .debug_macro   0x0002cba5       0x66 ./Core/Src/main.o
 .debug_macro   0x0002cc0b      0x3a6 ./Core/Src/main.o
 .debug_macro   0x0002cfb1      0x3f9 ./Core/Src/main.o
 .debug_macro   0x0002d3aa      0x275 ./Core/Src/main.o
 .debug_macro   0x0002d61f     0x1178 ./Core/Src/main.o
 .debug_macro   0x0002e797      0x7c8 ./Core/Src/main.o
 .debug_macro   0x0002ef5f      0x39f ./Core/Src/main.o
 .debug_macro   0x0002f2fe      0x3ca ./Core/Src/main.o
 .debug_macro   0x0002f6c8      0x45c ./Core/Src/main.o
 .debug_macro   0x0002fb24       0x3c ./Core/Src/main.o
 .debug_macro   0x0002fb60       0x4a ./Core/Src/main.o
 .debug_macro   0x0002fbaa      0x22c ./Core/Src/main.o
 .debug_macro   0x0002fdd6       0x67 ./Core/Src/main.o
 .debug_macro   0x0002fe3d       0xa5 ./Core/Src/main.o
 .debug_macro   0x0002fee2      0x1c4 ./Core/Src/main.o
 .debug_macro   0x000300a6      0x22a ./Core/Src/main.o
 .debug_macro   0x000302d0       0x35 ./Core/Src/main.o
 .debug_macro   0x00030305      0xb24 ./Core/Src/main.o
 .debug_macro   0x00030e29      0x29f ./Core/Src/main.o
 .debug_macro   0x000310c8      0x5e6 ./Core/Src/main.o
 .debug_macro   0x000316ae       0x10 ./Core/Src/main.o
 .debug_macro   0x000316be       0x5e ./Core/Src/main.o
 .debug_macro   0x0003171c       0x10 ./Core/Src/main.o
 .debug_macro   0x0003172c       0x28 ./Core/Src/main.o
 .debug_macro   0x00031754      0x2c1 ./Core/Src/stm32h7xx_hal_msp.o
 .debug_macro   0x00031a15      0x2cb ./Core/Src/stm32h7xx_it.o
 .debug_macro   0x00031ce0      0x2b7 ./Core/Src/system_stm32h7xx.o
 .debug_macro   0x00031f97      0x2e1 ./Drivers/STM32H7xx_HAL_Driver/Src/stm32h7xx_hal.o
 .debug_macro   0x00032278      0x2e2 ./Drivers/STM32H7xx_HAL_Driver/Src/stm32h7xx_hal_adc.o
 .debug_macro   0x0003255a      0x2c3 ./Drivers/STM32H7xx_HAL_Driver/Src/stm32h7xx_hal_adc_ex.o
 .debug_macro   0x0003281d      0x2b7 ./Drivers/STM32H7xx_HAL_Driver/Src/stm32h7xx_hal_cortex.o
 .debug_macro   0x00032ad4      0x30b ./Drivers/STM32H7xx_HAL_Driver/Src/stm32h7xx_hal_dma.o
 .debug_macro   0x00032ddf      0x2be ./Drivers/STM32H7xx_HAL_Driver/Src/stm32h7xx_hal_gpio.o
 .debug_macro   0x0003309d      0x2f0 ./Drivers/STM32H7xx_HAL_Driver/Src/stm32h7xx_hal_pwr_ex.o
 .debug_macro   0x0003338d      0x2db ./Drivers/STM32H7xx_HAL_Driver/Src/stm32h7xx_hal_rcc.o
 .debug_macro   0x00033668      0x2d5 ./Drivers/STM32H7xx_HAL_Driver/Src/stm32h7xx_hal_rcc_ex.o
 .debug_macro   0x0003393d      0x2b8 ./Drivers/STM32H7xx_HAL_Driver/Src/stm32h7xx_hal_tim.o
 .debug_macro   0x00033bf5      0x2bd ./Drivers/STM32H7xx_HAL_Driver/Src/stm32h7xx_hal_tim_ex.o
 .debug_macro   0x00033eb2       0xf9 ./Drivers/Simulink/Inverter_sim_dq.o
 .debug_macro   0x00033fab       0xf9 ./Drivers/Simulink/Inverter_sim_dq_data.o

.debug_line     0x00000000    0x17daa
 .debug_line    0x00000000      0x48d ./Core/Src/butterworth_filter.o
 .debug_line    0x0000048d      0xe00 ./Core/Src/main.o
 .debug_line    0x0000128d      0xad4 ./Core/Src/stm32h7xx_hal_msp.o
 .debug_line    0x00001d61      0xa33 ./Core/Src/stm32h7xx_it.o
 .debug_line    0x00002794      0xaa9 ./Core/Src/system_stm32h7xx.o
 .debug_line    0x0000323d       0x7a ./Core/Startup/startup_stm32h723zgtx.o
 .debug_line    0x000032b7      0xf3a ./Drivers/STM32H7xx_HAL_Driver/Src/stm32h7xx_hal.o
 .debug_line    0x000041f1     0x27f5 ./Drivers/STM32H7xx_HAL_Driver/Src/stm32h7xx_hal_adc.o
 .debug_line    0x000069e6     0x22cb ./Drivers/STM32H7xx_HAL_Driver/Src/stm32h7xx_hal_adc_ex.o
 .debug_line    0x00008cb1      0xed8 ./Drivers/STM32H7xx_HAL_Driver/Src/stm32h7xx_hal_cortex.o
 .debug_line    0x00009b89     0x280f ./Drivers/STM32H7xx_HAL_Driver/Src/stm32h7xx_hal_dma.o
 .debug_line    0x0000c398      0xd6d ./Drivers/STM32H7xx_HAL_Driver/Src/stm32h7xx_hal_gpio.o
 .debug_line    0x0000d105      0xf27 ./Drivers/STM32H7xx_HAL_Driver/Src/stm32h7xx_hal_pwr_ex.o
 .debug_line    0x0000e02c     0x13d0 ./Drivers/STM32H7xx_HAL_Driver/Src/stm32h7xx_hal_rcc.o
 .debug_line    0x0000f3fc     0x1c9f ./Drivers/STM32H7xx_HAL_Driver/Src/stm32h7xx_hal_rcc_ex.o
 .debug_line    0x0001109b     0x40cb ./Drivers/STM32H7xx_HAL_Driver/Src/stm32h7xx_hal_tim.o
 .debug_line    0x00015166     0x1f9d ./Drivers/STM32H7xx_HAL_Driver/Src/stm32h7xx_hal_tim_ex.o
 .debug_line    0x00017103      0x75d ./Drivers/Simulink/Inverter_sim_dq.o
 .debug_line    0x00017860      0x54a ./Drivers/Simulink/Inverter_sim_dq_data.o

.debug_str      0x00000000   0x15af03
 .debug_str     0x00000000     0x3c9b ./Core/Src/butterworth_filter.o
                               0x3e01 (size before relaxing)
 .debug_str     0x00003c9b   0x151f72 ./Core/Src/main.o
                             0x1564f7 (size before relaxing)
 .debug_str     0x00155c0d      0x19f ./Core/Src/stm32h7xx_hal_msp.o
                             0x1556b4 (size before relaxing)
 .debug_str     0x00155dac      0x148 ./Core/Src/stm32h7xx_it.o
                             0x1548ac (size before relaxing)
 .debug_str     0x00155ef4      0x2a4 ./Core/Src/system_stm32h7xx.o
                             0x1545e4 (size before relaxing)
 .debug_str     0x00156198       0x6d ./Core/Startup/startup_stm32h723zgtx.o
 .debug_str     0x00156205      0x9ae ./Drivers/STM32H7xx_HAL_Driver/Src/stm32h7xx_hal.o
                             0x15566e (size before relaxing)
 .debug_str     0x00156bb3      0xc99 ./Drivers/STM32H7xx_HAL_Driver/Src/stm32h7xx_hal_adc.o
                             0x155675 (size before relaxing)
 .debug_str     0x0015784c      0x7d8 ./Drivers/STM32H7xx_HAL_Driver/Src/stm32h7xx_hal_adc_ex.o
                             0x155595 (size before relaxing)
 .debug_str     0x00158024      0x35f ./Drivers/STM32H7xx_HAL_Driver/Src/stm32h7xx_hal_cortex.o
                             0x154f88 (size before relaxing)
 .debug_str     0x00158383      0x896 ./Drivers/STM32H7xx_HAL_Driver/Src/stm32h7xx_hal_dma.o
                             0x154d99 (size before relaxing)
 .debug_str     0x00158c19      0x12d ./Drivers/STM32H7xx_HAL_Driver/Src/stm32h7xx_hal_gpio.o
                             0x15462f (size before relaxing)
 .debug_str     0x00158d46      0x5d0 ./Drivers/STM32H7xx_HAL_Driver/Src/stm32h7xx_hal_pwr_ex.o
                             0x154a37 (size before relaxing)
 .debug_str     0x00159316      0x21a ./Drivers/STM32H7xx_HAL_Driver/Src/stm32h7xx_hal_rcc.o
                             0x1549b2 (size before relaxing)
 .debug_str     0x00159530      0x630 ./Drivers/STM32H7xx_HAL_Driver/Src/stm32h7xx_hal_rcc_ex.o
                             0x154eca (size before relaxing)
 .debug_str     0x00159b60      0xd20 ./Drivers/STM32H7xx_HAL_Driver/Src/stm32h7xx_hal_tim.o
                             0x1557b0 (size before relaxing)
 .debug_str     0x0015a880      0x4ee ./Drivers/STM32H7xx_HAL_Driver/Src/stm32h7xx_hal_tim_ex.o
                             0x15515d (size before relaxing)
 .debug_str     0x0015ad6e      0x16a ./Drivers/Simulink/Inverter_sim_dq.o
                               0x72cf (size before relaxing)
 .debug_str     0x0015aed8       0x2b ./Drivers/Simulink/Inverter_sim_dq_data.o
                               0x714c (size before relaxing)

.comment        0x00000000       0x43
 .comment       0x00000000       0x43 ./Core/Src/butterworth_filter.o
                                 0x44 (size before relaxing)
 .comment       0x00000043       0x44 ./Core/Src/main.o
 .comment       0x00000043       0x44 ./Core/Src/stm32h7xx_hal_msp.o
 .comment       0x00000043       0x44 ./Core/Src/stm32h7xx_it.o
 .comment       0x00000043       0x44 ./Core/Src/system_stm32h7xx.o
 .comment       0x00000043       0x44 ./Drivers/STM32H7xx_HAL_Driver/Src/stm32h7xx_hal.o
 .comment       0x00000043       0x44 ./Drivers/STM32H7xx_HAL_Driver/Src/stm32h7xx_hal_adc.o
 .comment       0x00000043       0x44 ./Drivers/STM32H7xx_HAL_Driver/Src/stm32h7xx_hal_adc_ex.o
 .comment       0x00000043       0x44 ./Drivers/STM32H7xx_HAL_Driver/Src/stm32h7xx_hal_cortex.o
 .comment       0x00000043       0x44 ./Drivers/STM32H7xx_HAL_Driver/Src/stm32h7xx_hal_dma.o
 .comment       0x00000043       0x44 ./Drivers/STM32H7xx_HAL_Driver/Src/stm32h7xx_hal_gpio.o
 .comment       0x00000043       0x44 ./Drivers/STM32H7xx_HAL_Driver/Src/stm32h7xx_hal_pwr_ex.o
 .comment       0x00000043       0x44 ./Drivers/STM32H7xx_HAL_Driver/Src/stm32h7xx_hal_rcc.o
 .comment       0x00000043       0x44 ./Drivers/STM32H7xx_HAL_Driver/Src/stm32h7xx_hal_rcc_ex.o
 .comment       0x00000043       0x44 ./Drivers/STM32H7xx_HAL_Driver/Src/stm32h7xx_hal_tim.o
 .comment       0x00000043       0x44 ./Drivers/STM32H7xx_HAL_Driver/Src/stm32h7xx_hal_tim_ex.o
 .comment       0x00000043       0x44 ./Drivers/Simulink/Inverter_sim_dq.o
 .comment       0x00000043       0x44 ./Drivers/Simulink/Inverter_sim_dq_data.o

.debug_frame    0x00000000     0x52ac
 .debug_frame   0x00000000       0x38 ./Core/Src/butterworth_filter.o
 .debug_frame   0x00000038      0x1f4 ./Core/Src/main.o
 .debug_frame   0x0000022c      0x138 ./Core/Src/stm32h7xx_hal_msp.o
 .debug_frame   0x00000364      0x190 ./Core/Src/stm32h7xx_it.o
 .debug_frame   0x000004f4       0x58 ./Core/Src/system_stm32h7xx.o
 .debug_frame   0x0000054c      0x760 ./Drivers/STM32H7xx_HAL_Driver/Src/stm32h7xx_hal.o
 .debug_frame   0x00000cac      0xb40 ./Drivers/STM32H7xx_HAL_Driver/Src/stm32h7xx_hal_adc.o
 .debug_frame   0x000017ec      0x904 ./Drivers/STM32H7xx_HAL_Driver/Src/stm32h7xx_hal_adc_ex.o
 .debug_frame   0x000020f0      0x508 ./Drivers/STM32H7xx_HAL_Driver/Src/stm32h7xx_hal_cortex.o
 .debug_frame   0x000025f8      0x2b4 ./Drivers/STM32H7xx_HAL_Driver/Src/stm32h7xx_hal_dma.o
 .debug_frame   0x000028ac      0x14c ./Drivers/STM32H7xx_HAL_Driver/Src/stm32h7xx_hal_gpio.o
 .debug_frame   0x000029f8      0x540 ./Drivers/STM32H7xx_HAL_Driver/Src/stm32h7xx_hal_pwr_ex.o
 .debug_frame   0x00002f38      0x1fc ./Drivers/STM32H7xx_HAL_Driver/Src/stm32h7xx_hal_rcc.o
 .debug_frame   0x00003134      0x414 ./Drivers/STM32H7xx_HAL_Driver/Src/stm32h7xx_hal_rcc_ex.o
 .debug_frame   0x00003548     0x121c ./Drivers/STM32H7xx_HAL_Driver/Src/stm32h7xx_hal_tim.o
 .debug_frame   0x00004764      0x724 ./Drivers/STM32H7xx_HAL_Driver/Src/stm32h7xx_hal_tim_ex.o
 .debug_frame   0x00004e88       0x58 ./Drivers/Simulink/Inverter_sim_dq.o
 .debug_frame   0x00004ee0      0x144 C:/ST/STM32CubeIDE_1.16.1/STM32CubeIDE/plugins/com.st.stm32cube.ide.mcu.externaltools.gnu-tools-for-stm32.12.3.rel1.win32_1.0.200.202406191623/tools/bin/../lib/gcc/arm-none-eabi/12.3.1/../../../../arm-none-eabi/lib/thumb/v7e-m+dp/hard\libc_nano.a(libc_a-findfp.o)
 .debug_frame   0x00005024       0x20 C:/ST/STM32CubeIDE_1.16.1/STM32CubeIDE/plugins/com.st.stm32cube.ide.mcu.externaltools.gnu-tools-for-stm32.12.3.rel1.win32_1.0.200.202406191623/tools/bin/../lib/gcc/arm-none-eabi/12.3.1/../../../../arm-none-eabi/lib/thumb/v7e-m+dp/hard\libc_nano.a(libc_a-memset.o)
 .debug_frame   0x00005044       0x20 C:/ST/STM32CubeIDE_1.16.1/STM32CubeIDE/plugins/com.st.stm32cube.ide.mcu.externaltools.gnu-tools-for-stm32.12.3.rel1.win32_1.0.200.202406191623/tools/bin/../lib/gcc/arm-none-eabi/12.3.1/../../../../arm-none-eabi/lib/thumb/v7e-m+dp/hard\libc_nano.a(libc_a-errno.o)
 .debug_frame   0x00005064       0x2c C:/ST/STM32CubeIDE_1.16.1/STM32CubeIDE/plugins/com.st.stm32cube.ide.mcu.externaltools.gnu-tools-for-stm32.12.3.rel1.win32_1.0.200.202406191623/tools/bin/../lib/gcc/arm-none-eabi/12.3.1/../../../../arm-none-eabi/lib/thumb/v7e-m+dp/hard\libc_nano.a(libc_a-init.o)
 .debug_frame   0x00005090       0x44 C:/ST/STM32CubeIDE_1.16.1/STM32CubeIDE/plugins/com.st.stm32cube.ide.mcu.externaltools.gnu-tools-for-stm32.12.3.rel1.win32_1.0.200.202406191623/tools/bin/../lib/gcc/arm-none-eabi/12.3.1/../../../../arm-none-eabi/lib/thumb/v7e-m+dp/hard\libm.a(libm_a-w_sqrt.o)
 .debug_frame   0x000050d4       0x38 C:/ST/STM32CubeIDE_1.16.1/STM32CubeIDE/plugins/com.st.stm32cube.ide.mcu.externaltools.gnu-tools-for-stm32.12.3.rel1.win32_1.0.200.202406191623/tools/bin/../lib/gcc/arm-none-eabi/12.3.1/../../../../arm-none-eabi/lib/thumb/v7e-m+dp/hard\libm.a(libm_a-s_cos.o)
 .debug_frame   0x0000510c       0x38 C:/ST/STM32CubeIDE_1.16.1/STM32CubeIDE/plugins/com.st.stm32cube.ide.mcu.externaltools.gnu-tools-for-stm32.12.3.rel1.win32_1.0.200.202406191623/tools/bin/../lib/gcc/arm-none-eabi/12.3.1/../../../../arm-none-eabi/lib/thumb/v7e-m+dp/hard\libm.a(libm_a-s_sin.o)
 .debug_frame   0x00005144       0x20 C:/ST/STM32CubeIDE_1.16.1/STM32CubeIDE/plugins/com.st.stm32cube.ide.mcu.externaltools.gnu-tools-for-stm32.12.3.rel1.win32_1.0.200.202406191623/tools/bin/../lib/gcc/arm-none-eabi/12.3.1/../../../../arm-none-eabi/lib/thumb/v7e-m+dp/hard\libm.a(libm_a-e_sqrt.o)
 .debug_frame   0x00005164       0x20 C:/ST/STM32CubeIDE_1.16.1/STM32CubeIDE/plugins/com.st.stm32cube.ide.mcu.externaltools.gnu-tools-for-stm32.12.3.rel1.win32_1.0.200.202406191623/tools/bin/../lib/gcc/arm-none-eabi/12.3.1/../../../../arm-none-eabi/lib/thumb/v7e-m+dp/hard\libm.a(libm_a-k_cos.o)
 .debug_frame   0x00005184       0x20 C:/ST/STM32CubeIDE_1.16.1/STM32CubeIDE/plugins/com.st.stm32cube.ide.mcu.externaltools.gnu-tools-for-stm32.12.3.rel1.win32_1.0.200.202406191623/tools/bin/../lib/gcc/arm-none-eabi/12.3.1/../../../../arm-none-eabi/lib/thumb/v7e-m+dp/hard\libm.a(libm_a-k_sin.o)
 .debug_frame   0x000051a4       0x34 C:/ST/STM32CubeIDE_1.16.1/STM32CubeIDE/plugins/com.st.stm32cube.ide.mcu.externaltools.gnu-tools-for-stm32.12.3.rel1.win32_1.0.200.202406191623/tools/bin/../lib/gcc/arm-none-eabi/12.3.1/../../../../arm-none-eabi/lib/thumb/v7e-m+dp/hard\libm.a(libm_a-e_rem_pio2.o)
 .debug_frame   0x000051d8       0x20 C:/ST/STM32CubeIDE_1.16.1/STM32CubeIDE/plugins/com.st.stm32cube.ide.mcu.externaltools.gnu-tools-for-stm32.12.3.rel1.win32_1.0.200.202406191623/tools/bin/../lib/gcc/arm-none-eabi/12.3.1/../../../../arm-none-eabi/lib/thumb/v7e-m+dp/hard\libm.a(libm_a-s_fabs.o)
 .debug_frame   0x000051f8       0x68 C:/ST/STM32CubeIDE_1.16.1/STM32CubeIDE/plugins/com.st.stm32cube.ide.mcu.externaltools.gnu-tools-for-stm32.12.3.rel1.win32_1.0.200.202406191623/tools/bin/../lib/gcc/arm-none-eabi/12.3.1/../../../../arm-none-eabi/lib/thumb/v7e-m+dp/hard\libm.a(libm_a-k_rem_pio2.o)
 .debug_frame   0x00005260       0x20 C:/ST/STM32CubeIDE_1.16.1/STM32CubeIDE/plugins/com.st.stm32cube.ide.mcu.externaltools.gnu-tools-for-stm32.12.3.rel1.win32_1.0.200.202406191623/tools/bin/../lib/gcc/arm-none-eabi/12.3.1/../../../../arm-none-eabi/lib/thumb/v7e-m+dp/hard\libm.a(libm_a-s_scalbn.o)
 .debug_frame   0x00005280       0x2c C:/ST/STM32CubeIDE_1.16.1/STM32CubeIDE/plugins/com.st.stm32cube.ide.mcu.externaltools.gnu-tools-for-stm32.12.3.rel1.win32_1.0.200.202406191623/tools/bin/../lib/gcc/arm-none-eabi/12.3.1/../../../../arm-none-eabi/lib/thumb/v7e-m+dp/hard\libm.a(libm_a-s_floor.o)

.debug_line_str
                0x00000000       0x51
 .debug_line_str
                0x00000000       0x51 ./Core/Startup/startup_stm32h723zgtx.o
