../Core/Src/main.c:154:5:main	8	static
../Core/Src/main.c:222:6:SystemClock_Config	120	static
../Core/Src/main.c:280:6:PeriphCommonClock_Config	192	static
../Core/Src/main.c:307:13:MX_ADC1_Init	56	static
../Core/Src/main.c:394:13:MX_ADC2_Init	48	static
../Core/Src/main.c:472:13:MX_TIM1_Init	104	static
../Core/Src/main.c:550:13:MX_TIM2_Init	40	static
../Core/Src/main.c:593:13:MX_DMA_Init	16	static
../Core/Src/main.c:614:13:MX_GPIO_Init	32	static
../Core/Src/main.c:631:6:HAL_TIM_PeriodElapsedCallback	16	static
../Core/Src/main.c:660:6:HAL_ADC_ConvCpltCallback	40	static
../Core/Src/main.c:693:6:Error_Handler	4	static,ignoring_inline_asm
