../Core/Src/main.c:146:5:main	8	static
../Core/Src/main.c:223:6:SystemClock_Config	120	static
../Core/Src/main.c:281:6:PeriphCommonClock_Config	192	static
../Core/Src/main.c:308:13:MX_ADC1_Init	56	static
../Core/Src/main.c:395:13:MX_ADC2_Init	48	static
../Core/Src/main.c:473:13:MX_ADC3_Init	48	static
../Core/Src/main.c:545:13:MX_TIM1_Init	120	static
../Core/Src/main.c:633:13:MX_TIM2_Init	40	static
../Core/Src/main.c:678:13:MX_TIM8_Init	40	static
../Core/Src/main.c:723:13:MX_DMA_Init	16	static
../Core/Src/main.c:748:13:MX_GPIO_Init	32	static
../Core/Src/main.c:766:6:HAL_TIM_PeriodElapsedCallback	16	static
../Core/Src/main.c:795:6:HAL_ADC_ConvCpltCallback	40	static
../Core/Src/main.c:831:6:MPU_Config	24	static
../Core/Src/main.c:862:6:Error_Handler	4	static,ignoring_inline_asm
